Microchip MPLAB XC8 Compiler V2.10 ()

Linker command line:

-W-3 --edf=C:\Program Files (x86)\Microchip\xc8\v2.10\pic\dat\en_msgs.txt \
  -cs -h+dist/default/debug\fw.debug.sym \
  --cmf=dist/default/debug\fw.debug.cmf -z -Q16LF1559 \
  -oC:\Users\simon\AppData\Local\Temp\s348.2 --defsym=__MPLAB_BUILD=1 \
  -Mdist/default/debug/fw.debug.map -E1 -ver=XC8 --acfsm=1493 \
  -ASTACK=02070h-021EFh -pstack=STACK -ACODE=00h-07FFhx4 \
  -ASTRCODE=00h-01FFFh -ASTRING=00h-0FFhx32 -ACONST=00h-0FFhx32 \
  -AENTRY=00h-0FFhx32 -ACOMMON=070h-07Fh -ABANK0=020h-06Fh \
  -ABANK1=0A0h-0EFh -ABANK2=0120h-016Fh -ABANK3=01A0h-01EFh \
  -ABANK4=0220h-026Fh -ABANK5=02A0h-02EFh -ABANK6=0320h-032Fh \
  -ABIGRAM=02000h-021EFh \
  -ARAM=020h-06Fh,0A0h-0EFh,0120h-016Fh,01A0h-01EFh,0220h-026Fh,02A0h-02EFh,0320h-032Fh \
  -AABS1=020h-07Fh,0A0h-0EFh,0120h-016Fh,01A0h-01EFh,0220h-026Fh,02A0h-02EFh,0320h-032Fh \
  -ASFR0=00h-01Fh -ASFR1=080h-09Fh -ASFR2=0100h-011Fh -ASFR3=0180h-019Fh \
  -ASFR4=0200h-021Fh -ASFR5=0280h-029Fh -ASFR6=0300h-031Fh \
  -ASFR7=0380h-03EFh -ASFR8=0400h-046Fh -ASFR9=0480h-04EFh \
  -ASFR10=0500h-056Fh -ASFR11=0580h-05EFh -ASFR12=0600h-066Fh \
  -ASFR13=0680h-06EFh -ASFR14=0700h-076Fh -ASFR15=0780h-07EFh \
  -ASFR16=0800h-086Fh -ASFR17=0880h-08EFh -ASFR18=0900h-096Fh \
  -ASFR19=0980h-09EFh -ASFR20=0A00h-0A6Fh -ASFR21=0A80h-0AEFh \
  -ASFR22=0B00h-0B6Fh -ASFR23=0B80h-0BEFh -ASFR24=0C00h-0C6Fh \
  -ASFR25=0C80h-0CEFh -ASFR26=0D00h-0D6Fh -ASFR27=0D80h-0DEFh \
  -ASFR28=0E00h-0E6Fh -ASFR29=0E80h-0EEFh -ASFR30=0F00h-0F6Fh \
  -ASFR31=0F80h-0FEFh -preset_vec=00h,intentry=04h,init,end_init \
  -ppowerup=CODE -pcinit=CODE -pfunctab=ENTRY -ACONFIG=08007h-08008h \
  -pconfig=CONFIG -DCONFIG=2 -AIDLOC=08000h-08003h -pidloc=IDLOC -DIDLOC=2 \
  -DCODE=2 -DSTRCODE=2 -DSTRING=2 -DCONST=2 -DENTRY=2 -k \
  C:\Users\simon\AppData\Local\Temp\s348.o dist/default/debug\fw.debug.o 

Object code version is 3.11

Machine type is 16LF1559



                Name                               Link     Load   Length Selector   Space Scale
C:\Users\simon\AppData\Local\Temp\s348.o
                end_init                             2D       2D        2        8       0
                reset_vec                             0        0        2        0       0
                config                             8007     8007        2    1000E       0
dist/default/debug\fw.debug.o
                cinit                                2F       2F       27        8       0
                intentry                              4        4       29        8       0
                text31                              17E      17E       1A        8       0
                text30                              2CB      2CB        4      586       0
                text29                              2D2      2D2        1      5A2       0
                text28                              2C7      2C7        4      586       0
                text27                               95       95       39        8       0
                text26                              124      124       22        8       0
                text24                              2B8      2B8        6      46E       0
                text23                              2B2      2B2        6      46E       0
                text22                              2AC      2AC        6      46E       0
                text21                              2A6      2A6        6      46E       0
                text20                              2A0      2A0        6      46E       0
                text19                               56       56       3F        8       0
                text18                              2D1      2D1        1      5A2       0
                text17                               FD       FD       27        8       0
                text16                               CE       CE       2F        8       0
                text15                              248      248       11      46E       0
                text14                              1C4      1C4       15        8       0
                text13                              212      212       13        8       0
                text12                              1FF      1FF       13        8       0
                text11                              281      281        7      46E       0
                text10                              1AE      1AE       16        8       0
                text9                               237      237       11      46E       0
                text8                               146      146       1E        8       0
                text7                               269      269       10      46E       0
                text6                               259      259       10      46E       0
                text5                               29A      29A        6      46E       0
                text4                               164      164       1A        8       0
                text3                               279      279        8      46E       0
                text2                               2C3      2C3        4      586       0
                text1                               1EC      1EC       13        8       0
                maintext                            294      294        6      46E       0
                cstackCOMMON                         70       70        A       70       1
                cstackBANK1                          BB       BB        5       A0       1
                clrtext                             28E      28E        6      46E       0
                inittext                            288      288        6      46E       0
                dataBANK1                            A0       A0       13       A0       1
                dataBANK0                            57       57       16       20       1
                bssBANK0                             20       20       37       20       1
                bssCOMMON                            7A       7A        3       70       1
                nvBANK1                              B3       B3        8       A0       1
                nvBANK0                              6D       6D        3       20       1
                stringtext3                         225      225       12      44A       0
                stringtext2                         2CF      2CF        2      59E       0
                stringtext1                         2BE      2BE        5      57C       0
                idataBANK1                          1D9      1D9       13        8       0
                idataBANK0                          198      198       16        8       0

TOTAL           Name                               Link     Load   Length     Space
        CLASS   STACK          

        CLASS   CODE           
                end_init                             2D       2D        2         0
                cinit                                2F       2F       27         0
                intentry                              4        4       29         0
                reset_vec                             0        0        2         0
                text31                              17E      17E       1A         0
                text30                              2CB      2CB        4         0
                text29                              2D2      2D2        1         0
                text28                              2C7      2C7        4         0
                text27                               95       95       39         0
                text26                              124      124       22         0
                text24                              2B8      2B8        6         0
                text23                              2B2      2B2        6         0
                text22                              2AC      2AC        6         0
                text21                              2A6      2A6        6         0
                text20                              2A0      2A0        6         0
                text19                               56       56       3F         0
                text18                              2D1      2D1        1         0
                text17                               FD       FD       27         0
                text16                               CE       CE       2F         0
                text15                              248      248       11         0
                text14                              1C4      1C4       15         0
                text13                              212      212       13         0
                text12                              1FF      1FF       13         0
                text11                              281      281        7         0
                text10                              1AE      1AE       16         0
                text9                               237      237       11         0
                text8                               146      146       1E         0
                text7                               269      269       10         0
                text6                               259      259       10         0
                text5                               29A      29A        6         0
                text4                               164      164       1A         0
                text3                               279      279        8         0
                text2                               2C3      2C3        4         0
                text1                               1EC      1EC       13         0
                maintext                            294      294        6         0
                clrtext                             28E      28E        6         0
                inittext                            288      288        6         0
                idataBANK1                          1D9      1D9       13         0
                idataBANK0                          198      198       16         0

        CLASS   STRCODE        
                stringtext3                         225      225       12         0
                stringtext2                         2CF      2CF        2         0
                stringtext1                         2BE      2BE        5         0

        CLASS   STRING         

        CLASS   CONST          

        CLASS   ENTRY          

        CLASS   COMMON         
                cstackCOMMON                         70       70        A         1
                bssCOMMON                            7A       7A        3         1

        CLASS   BANK0          
                dataBANK0                            57       57       16         1
                bssBANK0                             20       20       37         1
                nvBANK0                              6D       6D        3         1

        CLASS   BANK1          
                cstackBANK1                          BB       BB        5         1
                dataBANK1                            A0       A0       13         1
                nvBANK1                              B3       B3        8         1

        CLASS   BANK2          

        CLASS   BANK3          

        CLASS   BANK4          

        CLASS   BANK5          

        CLASS   BANK6          

        CLASS   BIGRAM         

        CLASS   RAM            

        CLASS   ABS1           
                abs_s1                               7E       7E        2         1

        CLASS   SFR0           

        CLASS   SFR1           

        CLASS   SFR2           

        CLASS   SFR3           

        CLASS   SFR4           

        CLASS   SFR5           

        CLASS   SFR6           

        CLASS   SFR7           

        CLASS   SFR8           

        CLASS   SFR9           

        CLASS   SFR10          

        CLASS   SFR11          

        CLASS   SFR12          

        CLASS   SFR13          

        CLASS   SFR14          

        CLASS   SFR15          

        CLASS   SFR16          

        CLASS   SFR17          

        CLASS   SFR18          

        CLASS   SFR19          

        CLASS   SFR20          

        CLASS   SFR21          

        CLASS   SFR22          

        CLASS   SFR23          

        CLASS   SFR24          

        CLASS   SFR25          

        CLASS   SFR26          

        CLASS   SFR27          

        CLASS   SFR28          

        CLASS   SFR29          

        CLASS   SFR30          

        CLASS   SFR31          

        CLASS   CONFIG         
                config                             8007     8007        2         0

        CLASS   IDLOC          

        CLASS   BANK31         

        CLASS   BANK30         

        CLASS   BANK29         

        CLASS   BANK28         

        CLASS   BANK27         

        CLASS   BANK26         

        CLASS   BANK25         

        CLASS   BANK24         

        CLASS   BANK23         

        CLASS   BANK22         

        CLASS   BANK21         

        CLASS   BANK20         

        CLASS   BANK19         

        CLASS   BANK18         

        CLASS   BANK17         

        CLASS   BANK16         

        CLASS   BANK15         

        CLASS   BANK14         

        CLASS   BANK13         

        CLASS   BANK12         

        CLASS   BANK11         

        CLASS   BANK10         

        CLASS   BANK9          

        CLASS   BANK8          

        CLASS   BANK7          

        CLASS   EEDATA         



SEGMENTS        Name                           Load    Length   Top    Selector   Space  Class     Delta

                reset_vec                      000000  000002  000002         0       0  CODE        2
                intentry                       000004  000221  000225         8       0  CODE        2
                bssBANK0                       000020  000050  000070        20       1  BANK0       1
                cstackCOMMON                   000070  00000D  00007D        70       1  COMMON      1
                dataBANK1                      0000A0  000020  0000C0        A0       1  BANK1       1
                stringtext3                    000225  000012  000237       44A       0  STRCODE     2
                text9                          000237  000087  0002BE       46E       0  CODE        2
                stringtext1                    0002BE  000005  0002C3       57C       0  STRCODE     2
                text2                          0002C3  00000C  0002CF       586       0  CODE        2
                stringtext2                    0002CF  000002  0002D1       59E       0  STRCODE     2
                text18                         0002D1  000002  0002D3       5A2       0  CODE        2
                config                         008007  000002  008009     1000E       0  CONFIG      2


UNUSED ADDRESS RANGES

        Name                Unused          Largest block    Delta
        BANK1            000C0-000EF              30           1
        BANK2            00120-0016F              50           1
        BANK3            001A0-001EF              50           1
        BANK4            00220-0026F              50           1
        BANK5            002A0-002EF              50           1
        BANK6            00320-0032F              10           1
        BIGRAM           02000-021EF             1F0           1
        CODE             00002-00003               2           2
                         002D3-01FFF             800
        COMMON           0007D-0007D               1           1
        CONST            00002-00003               2           2
                         002D3-01FFF             100
        ENTRY            00002-00003               2           2
                         002D3-01FFF             100
        IDLOC            08000-08003               4           2
        RAM              000C0-000EF              30           1
                         00120-0016F              50
                         001A0-001EF              50
                         00220-0026F              50
                         002A0-002EF              50
                         00320-0032F              10
        SFR0             00000-0001F              20           1
        SFR1             00080-0009F              20           1
        SFR10            00500-0056F              70           1
        SFR11            00580-005EF              70           1
        SFR12            00600-0066F              70           1
        SFR13            00680-006EF              70           1
        SFR14            00700-0076F              70           1
        SFR15            00780-007EF              70           1
        SFR16            00800-0086F              70           1
        SFR17            00880-008EF              70           1
        SFR18            00900-0096F              70           1
        SFR19            00980-009EF              70           1
        SFR2             00100-0011F              20           1
        SFR20            00A00-00A6F              70           1
        SFR21            00A80-00AEF              70           1
        SFR22            00B00-00B6F              70           1
        SFR23            00B80-00BEF              70           1
        SFR24            00C00-00C6F              70           1
        SFR25            00C80-00CEF              70           1
        SFR26            00D00-00D6F              70           1
        SFR27            00D80-00DEF              70           1
        SFR28            00E00-00E6F              70           1
        SFR29            00E80-00EEF              70           1
        SFR3             00180-0019F              20           1
        SFR30            00F00-00F6F              70           1
        SFR31            00F80-00FEF              70           1
        SFR4             00200-0021F              20           1
        SFR5             00280-0029F              20           1
        SFR6             00300-0031F              20           1
        SFR7             00380-003EF              70           1
        SFR8             00400-0046F              70           1
        SFR9             00480-004EF              70           1
        STACK            02070-021EF             180           1
        STRCODE          00002-00003               2           2
                         002D3-01FFF            1D2D
        STRING           00002-00003               2           2
                         002D3-01FFF             100

                                  Symbol Table

EUSART_SetErrorHandler@interruptHandler               cstackCOMMON 00071
EUSART_SetFramingErrorHandler@interruptHandler        cstackCOMMON 00071
EUSART_SetOverrunErrorHandler@interruptHandler        cstackCOMMON 00071
EUSART_SetRxInterruptHandler@interruptHandler         cstackCOMMON 00071
EUSART_SetTxInterruptHandler@interruptHandler         cstackCOMMON 00071
MTOUCH_DataStreamer_Service@sequence                  bssBANK0     0003F
MTOUCH_Proximity_Initialize@name                      cstackCOMMON 00072
MTOUCH_Proximity_Initialize@prox                      cstackCOMMON 00073
MTOUCH_Sensor_Calibrate@sensor                        cstackCOMMON 00076
MTOUCH_Sensor_Enable@sensor                           cstackCOMMON 00076
MTOUCH_Sensor_Initialize@sensor                       cstackCOMMON 00078
MTOUCH_Sensor_InitializeAll@sensor                    cstackBANK1  000BB
MTOUCH_Sensor_Sampled_ResetAll@sensor                 cstackCOMMON 00073
Sensor_Sampled_Reset@sensor                           cstackCOMMON 00071
Sensor_Scanfrequency_Evaluation@frequency_hop         stringtext1  002BE
_AAD1CAP                                              (abs)        00719
_AAD1CON2                                             (abs)        00713
_AAD1CON3                                             (abs)        00714
_AAD1GRD                                              (abs)        00718
_AAD1RES0                                             (abs)        0071A
_AAD2CON3                                             (abs)        00794
_AAD2GRD                                              (abs)        00798
_AAD2RES0                                             (abs)        0079A
_AD1ACQCON                                            (abs)        00717
_AD1CON0                                              (abs)        00711
_AD1CON0bits                                          (abs)        00711
_AD1CON2                                              (abs)        00713
_AD1CON3                                              (abs)        00714
_AD1PRECON                                            (abs)        00716
_AD2ACQCON                                            (abs)        00797
_AD2CON0                                              (abs)        00791
_AD2CON0bits                                          (abs)        00791
_AD2CON2                                              (abs)        00793
_AD2CON3                                              (abs)        00794
_AD2PRECON                                            (abs)        00796
_ADCOMCON                                             (abs)        00712
_ANSELA                                               (abs)        0018C
_ANSELB                                               (abs)        0018D
_ANSELC                                               (abs)        0018E
_APFCON                                               (abs)        0011D
_APFCONbits                                           (abs)        0011D
_BAUDCON                                              (abs)        0019F
_BORCON                                               (abs)        00116
_EUSART_DefaultErrorHandler                           text30       002CB
_EUSART_DefaultFramingErrorHandler                    text29       002D2
_EUSART_DefaultOverrunErrorHandler                    text28       002C7
_EUSART_ErrorHandler                                  nvBANK1      000B3
_EUSART_FramingErrorHandler                           nvBANK1      000B7
_EUSART_Initialize                                    text19       00056
_EUSART_OverrunErrorHandler                           nvBANK1      000B5
_EUSART_Receive_ISR                                   text27       00095
_EUSART_RxDataHandler                                 text31       0017E
_EUSART_RxDefaultInterruptHandler                     nvBANK1      000B9
_EUSART_SetErrorHandler                               text24       002B8
_EUSART_SetFramingErrorHandler                        text23       002B2
_EUSART_SetOverrunErrorHandler                        text22       002AC
_EUSART_SetRxInterruptHandler                         text21       002A6
_EUSART_SetTxInterruptHandler                         text20       002A0
_EUSART_Transmit_ISR                                  text26       00124
_EUSART_TxDefaultInterruptHandler                     nvBANK0      0006D
_GIE                                                  (abs)        0005F
_INTCONbits                                           (abs)        0000B
_INTERRUPT_InterruptManager                           intentry     00004
_LATA                                                 (abs)        0010C
_LATB                                                 (abs)        0010D
_LATC                                                 (abs)        0010E
_MTOUCH_DataStreamer_Initialize                       text18       002D1
_MTOUCH_Initialize                                    text6        00259
_MTOUCH_Proximity_Initialize                          text17       000FD
_MTOUCH_Proximity_InitializeAll                       text15       00248
_MTOUCH_Sensor_Calibrate                              text13       00212
_MTOUCH_Sensor_Enable                                 text12       001FF
_MTOUCH_Sensor_Initialize                             text10       001AE
_MTOUCH_Sensor_InitializeAll                          text9        00237
_MTOUCH_Sensor_Sampled_ResetAll                       text8        00146
_MTOUCH_Sensor_Scan_Initialize                        text7        00269
_OPTION_REGbits                                       (abs)        00095
_OSCCON                                               (abs)        00099
_OSCILLATOR_Initialize                                text5        0029A
_PIE1bits                                             (abs)        00091
_PIN_MANAGER_Initialize                               text4        00164
_PIR1bits                                             (abs)        00011
_PIR2bits                                             (abs)        00012
_PR2                                                  (abs)        0001B
_Proximity_DefaultCallback                            (abs)        00000
_Proximity_StateMachine                               dataBANK0    00057
_Proximity_State_Activated                            (abs)        00000
_Proximity_State_Initializing                         (abs)        00000
_Proximity_State_NotActivated                         (abs)        00000
_RCREG                                                (abs)        00199
_RCSTA                                                (abs)        0019D
_RCSTAbits                                            (abs)        0019D
_SPBRGH                                               (abs)        0019C
_SPBRGL                                               (abs)        0019B
_SYSTEM_Initialize                                    text1        001EC
_Sensor_DefaultCallback                               (abs)        00000
_Sensor_Sampled_Reset                                 text11       00281
_T2CON                                                (abs)        0001C
_T2CONbits                                            (abs)        0001C
_TMR2                                                 (abs)        0001A
_TMR2_Initialize                                      text3        00279
_TRISA                                                (abs)        0008C
_TRISB                                                (abs)        0008D
_TRISC                                                (abs)        0008E
_TXREG                                                (abs)        0019A
_TXSTA                                                (abs)        0019E
_TXSTAbits                                            (abs)        0019E
_WDTCON                                               (abs)        00097
_WDT_Initialize                                       text2        002C3
_WPUA                                                 (abs)        0020C
_WPUB                                                 (abs)        0020D
__CFG_BOREN$NSLEEP                                    (abs)        00000
__CFG_BORV$LO                                         (abs)        00000
__CFG_CLKOUTEN$OFF                                    (abs)        00000
__CFG_CP$OFF                                          (abs)        00000
__CFG_FOSC$INTOSC                                     (abs)        00000
__CFG_LPBOR$OFF                                       (abs)        00000
__CFG_LVP$ON                                          (abs)        00000
__CFG_MCLRE$ON                                        (abs)        00000
__CFG_PWRTE$OFF                                       (abs)        00000
__CFG_STVREN$ON                                       (abs)        00000
__CFG_WDTE$OFF                                        (abs)        00000
__CFG_WRT$OFF                                         (abs)        00000
__Habs1                                               abs1         00000
__Hbank0                                              bank0        00000
__Hbank1                                              bank1        00000
__Hbank10                                             bank10       00000
__Hbank11                                             bank11       00000
__Hbank12                                             bank12       00000
__Hbank13                                             bank13       00000
__Hbank14                                             bank14       00000
__Hbank15                                             bank15       00000
__Hbank16                                             bank16       00000
__Hbank17                                             bank17       00000
__Hbank18                                             bank18       00000
__Hbank19                                             bank19       00000
__Hbank2                                              bank2        00000
__Hbank20                                             bank20       00000
__Hbank21                                             bank21       00000
__Hbank22                                             bank22       00000
__Hbank23                                             bank23       00000
__Hbank24                                             bank24       00000
__Hbank25                                             bank25       00000
__Hbank26                                             bank26       00000
__Hbank27                                             bank27       00000
__Hbank28                                             bank28       00000
__Hbank29                                             bank29       00000
__Hbank3                                              bank3        00000
__Hbank30                                             bank30       00000
__Hbank31                                             bank31       00000
__Hbank4                                              bank4        00000
__Hbank5                                              bank5        00000
__Hbank6                                              bank6        00000
__Hbank7                                              bank7        00000
__Hbank8                                              bank8        00000
__Hbank9                                              bank9        00000
__Hbigram                                             bigram       00000
__HbssBANK0                                           bssBANK0     00000
__HbssCOMMON                                          bssCOMMON    00000
__Hcinit                                              cinit        00056
__Hclrtext                                            clrtext      00000
__Hcode                                               code         00000
__Hcommon                                             common       00000
__Hconfig                                             config       08009
__HcstackBANK1                                        cstackBANK1  00000
__HcstackCOMMON                                       cstackCOMMON 00000
__HdataBANK0                                          dataBANK0    00000
__HdataBANK1                                          dataBANK1    00000
__Heeprom_data                                        eeprom_data  00000
__Hend_init                                           end_init     0002F
__Hfunctab                                            functab      00000
__HidataBANK0                                         idataBANK0   00000
__HidataBANK1                                         idataBANK1   00000
__Hidloc                                              idloc        00000
__Hinit                                               init         0002D
__Hinittext                                           inittext     00000
__Hintentry                                           intentry     0002D
__Hmaintext                                           maintext     00000
__HnvBANK0                                            nvBANK0      00000
__HnvBANK1                                            nvBANK1      00000
__Hpowerup                                            powerup      00000
__Hram                                                ram          00000
__Hreset_vec                                          reset_vec    00002
__Hsfr0                                               sfr0         00000
__Hsfr1                                               sfr1         00000
__Hsfr10                                              sfr10        00000
__Hsfr11                                              sfr11        00000
__Hsfr12                                              sfr12        00000
__Hsfr13                                              sfr13        00000
__Hsfr14                                              sfr14        00000
__Hsfr15                                              sfr15        00000
__Hsfr16                                              sfr16        00000
__Hsfr17                                              sfr17        00000
__Hsfr18                                              sfr18        00000
__Hsfr19                                              sfr19        00000
__Hsfr2                                               sfr2         00000
__Hsfr20                                              sfr20        00000
__Hsfr21                                              sfr21        00000
__Hsfr22                                              sfr22        00000
__Hsfr23                                              sfr23        00000
__Hsfr24                                              sfr24        00000
__Hsfr25                                              sfr25        00000
__Hsfr26                                              sfr26        00000
__Hsfr27                                              sfr27        00000
__Hsfr28                                              sfr28        00000
__Hsfr29                                              sfr29        00000
__Hsfr3                                               sfr3         00000
__Hsfr30                                              sfr30        00000
__Hsfr31                                              sfr31        00000
__Hsfr4                                               sfr4         00000
__Hsfr5                                               sfr5         00000
__Hsfr6                                               sfr6         00000
__Hsfr7                                               sfr7         00000
__Hsfr8                                               sfr8         00000
__Hsfr9                                               sfr9         00000
__Hspace_0                                            (abs)        08009
__Hspace_1                                            (abs)        000C0
__Hspace_2                                            (abs)        00000
__Hspace_3                                            (abs)        00000
__Hstack                                              stack        00000
__Hstrings                                            strings      00000
__Hstringtext1                                        stringtext1  00000
__Hstringtext2                                        stringtext2  00000
__Hstringtext3                                        stringtext3  00000
__Htext                                               text         00000
__Labs1                                               abs1         00000
__Lbank0                                              bank0        00000
__Lbank1                                              bank1        00000
__Lbank10                                             bank10       00000
__Lbank11                                             bank11       00000
__Lbank12                                             bank12       00000
__Lbank13                                             bank13       00000
__Lbank14                                             bank14       00000
__Lbank15                                             bank15       00000
__Lbank16                                             bank16       00000
__Lbank17                                             bank17       00000
__Lbank18                                             bank18       00000
__Lbank19                                             bank19       00000
__Lbank2                                              bank2        00000
__Lbank20                                             bank20       00000
__Lbank21                                             bank21       00000
__Lbank22                                             bank22       00000
__Lbank23                                             bank23       00000
__Lbank24                                             bank24       00000
__Lbank25                                             bank25       00000
__Lbank26                                             bank26       00000
__Lbank27                                             bank27       00000
__Lbank28                                             bank28       00000
__Lbank29                                             bank29       00000
__Lbank3                                              bank3        00000
__Lbank30                                             bank30       00000
__Lbank31                                             bank31       00000
__Lbank4                                              bank4        00000
__Lbank5                                              bank5        00000
__Lbank6                                              bank6        00000
__Lbank7                                              bank7        00000
__Lbank8                                              bank8        00000
__Lbank9                                              bank9        00000
__Lbigram                                             bigram       00000
__LbssBANK0                                           bssBANK0     00000
__LbssCOMMON                                          bssCOMMON    00000
__Lcinit                                              cinit        0002F
__Lclrtext                                            clrtext      00000
__Lcode                                               code         00000
__Lcommon                                             common       00000
__Lconfig                                             config       08007
__LcstackBANK1                                        cstackBANK1  00000
__LcstackCOMMON                                       cstackCOMMON 00000
__LdataBANK0                                          dataBANK0    00000
__LdataBANK1                                          dataBANK1    00000
__Leeprom_data                                        eeprom_data  00000
__Lend_init                                           end_init     0002D
__Lfunctab                                            functab      00000
__LidataBANK0                                         idataBANK0   00000
__LidataBANK1                                         idataBANK1   00000
__Lidloc                                              idloc        00000
__Linit                                               init         0002D
__Linittext                                           inittext     00000
__Lintentry                                           intentry     00004
__Lmaintext                                           maintext     00000
__LnvBANK0                                            nvBANK0      00000
__LnvBANK1                                            nvBANK1      00000
__Lpowerup                                            powerup      00000
__Lram                                                ram          00000
__Lreset_vec                                          reset_vec    00000
__Lsfr0                                               sfr0         00000
__Lsfr1                                               sfr1         00000
__Lsfr10                                              sfr10        00000
__Lsfr11                                              sfr11        00000
__Lsfr12                                              sfr12        00000
__Lsfr13                                              sfr13        00000
__Lsfr14                                              sfr14        00000
__Lsfr15                                              sfr15        00000
__Lsfr16                                              sfr16        00000
__Lsfr17                                              sfr17        00000
__Lsfr18                                              sfr18        00000
__Lsfr19                                              sfr19        00000
__Lsfr2                                               sfr2         00000
__Lsfr20                                              sfr20        00000
__Lsfr21                                              sfr21        00000
__Lsfr22                                              sfr22        00000
__Lsfr23                                              sfr23        00000
__Lsfr24                                              sfr24        00000
__Lsfr25                                              sfr25        00000
__Lsfr26                                              sfr26        00000
__Lsfr27                                              sfr27        00000
__Lsfr28                                              sfr28        00000
__Lsfr29                                              sfr29        00000
__Lsfr3                                               sfr3         00000
__Lsfr30                                              sfr30        00000
__Lsfr31                                              sfr31        00000
__Lsfr4                                               sfr4         00000
__Lsfr5                                               sfr5         00000
__Lsfr6                                               sfr6         00000
__Lsfr7                                               sfr7         00000
__Lsfr8                                               sfr8         00000
__Lsfr9                                               sfr9         00000
__Lspace_0                                            (abs)        00000
__Lspace_1                                            (abs)        00000
__Lspace_2                                            (abs)        00000
__Lspace_3                                            (abs)        00000
__Lstack                                              stack        00000
__Lstrings                                            strings      00000
__Lstringtext1                                        stringtext1  00000
__Lstringtext2                                        stringtext2  00000
__Lstringtext3                                        stringtext3  00000
__Ltext                                               text         00000
__S0                                                  (abs)        08009
__S1                                                  (abs)        000C0
__S2                                                  (abs)        00000
___bmul                                               text14       001C4
___bmul@multiplicand                                  cstackCOMMON 00071
___bmul@multiplier                                    cstackCOMMON 00074
___bmul@product                                       cstackCOMMON 00073
___int_sp                                             stack        00000
___latbits                                            (abs)        00002
___sp                                                 stack        00000
___stackhi                                            (abs)        021EF
___stacklo                                            (abs)        02070
__end_ofSensor_Scanfrequency_Evaluation@frequency_hop stringtext1  002C3
__end_of_EUSART_DefaultErrorHandler                   text30       002CF
__end_of_EUSART_DefaultFramingErrorHandler            text29       002D3
__end_of_EUSART_DefaultOverrunErrorHandler            text28       002CB
__end_of_EUSART_Initialize                            text19       00095
__end_of_EUSART_Receive_ISR                           text27       000CE
__end_of_EUSART_RxDataHandler                         text31       00198
__end_of_EUSART_SetErrorHandler                       text24       002BE
__end_of_EUSART_SetFramingErrorHandler                text23       002B8
__end_of_EUSART_SetOverrunErrorHandler                text22       002B2
__end_of_EUSART_SetRxInterruptHandler                 text21       002AC
__end_of_EUSART_SetTxInterruptHandler                 text20       002A6
__end_of_EUSART_Transmit_ISR                          text26       00146
__end_of_INTERRUPT_InterruptManager                   intentry     0002D
__end_of_MTOUCH_DataStreamer_Initialize               text18       002D2
__end_of_MTOUCH_Initialize                            text6        00269
__end_of_MTOUCH_Proximity_Initialize                  text17       00124
__end_of_MTOUCH_Proximity_InitializeAll               text15       00259
__end_of_MTOUCH_Sensor_Calibrate                      text13       00225
__end_of_MTOUCH_Sensor_Enable                         text12       00212
__end_of_MTOUCH_Sensor_Initialize                     text10       001C4
__end_of_MTOUCH_Sensor_InitializeAll                  text9        00248
__end_of_MTOUCH_Sensor_Sampled_ResetAll               text8        00164
__end_of_MTOUCH_Sensor_Scan_Initialize                text7        00279
__end_of_OSCILLATOR_Initialize                        text5        002A0
__end_of_PIN_MANAGER_Initialize                       text4        0017E
__end_of_SYSTEM_Initialize                            text1        001FF
__end_of_Sensor_Sampled_Reset                         text11       00288
__end_of_TMR2_Initialize                              text3        00281
__end_of_WDT_Initialize                               text2        002C7
__end_of___bmul                                       text14       001D9
__end_of__initialization                              cinit        00052
__end_of_main                                         maintext     0029A
__end_of_memcpy                                       text16       000FD
__end_of_mtouch_proximity_init                        stringtext3  00237
__end_of_sensor_scan_group                            stringtext2  002D1
__initialization                                      cinit        0002F
__pbssBANK0                                           bssBANK0     00020
__pbssCOMMON                                          bssCOMMON    0007A
__pcstackBANK1                                        cstackBANK1  000BB
__pcstackCOMMON                                       cstackCOMMON 00070
__pdataBANK0                                          dataBANK0    00057
__pdataBANK1                                          dataBANK1    000A0
__pidataBANK0                                         idataBANK0   00198
__pidataBANK1                                         idataBANK1   001D9
__pintentry                                           intentry     00004
__pmaintext                                           maintext     00294
__pnvBANK0                                            nvBANK0      0006D
__pnvBANK1                                            nvBANK1      000B3
__pstringtext1                                        stringtext1  002BE
__pstringtext2                                        stringtext2  002CF
__pstringtext3                                        stringtext3  00225
__ptext1                                              text1        001EC
__ptext10                                             text10       001AE
__ptext11                                             text11       00281
__ptext12                                             text12       001FF
__ptext13                                             text13       00212
__ptext14                                             text14       001C4
__ptext15                                             text15       00248
__ptext16                                             text16       000CE
__ptext17                                             text17       000FD
__ptext18                                             text18       002D1
__ptext19                                             text19       00056
__ptext2                                              text2        002C3
__ptext20                                             text20       002A0
__ptext21                                             text21       002A6
__ptext22                                             text22       002AC
__ptext23                                             text23       002B2
__ptext24                                             text24       002B8
__ptext26                                             text26       00124
__ptext27                                             text27       00095
__ptext28                                             text28       002C7
__ptext29                                             text29       002D2
__ptext3                                              text3        00279
__ptext30                                             text30       002CB
__ptext31                                             text31       0017E
__ptext4                                              text4        00164
__ptext5                                              text5        0029A
__ptext6                                              text6        00259
__ptext7                                              text7        00269
__ptext8                                              text8        00146
__ptext9                                              text9        00237
__size_of_EUSART_DefaultErrorHandler                  (abs)        00000
__size_of_EUSART_DefaultFramingErrorHandler           (abs)        00000
__size_of_EUSART_DefaultOverrunErrorHandler           (abs)        00000
__size_of_EUSART_Initialize                           (abs)        00000
__size_of_EUSART_Receive_ISR                          (abs)        00000
__size_of_EUSART_RxDataHandler                        (abs)        00000
__size_of_EUSART_SetErrorHandler                      (abs)        00000
__size_of_EUSART_SetFramingErrorHandler               (abs)        00000
__size_of_EUSART_SetOverrunErrorHandler               (abs)        00000
__size_of_EUSART_SetRxInterruptHandler                (abs)        00000
__size_of_EUSART_SetTxInterruptHandler                (abs)        00000
__size_of_EUSART_Transmit_ISR                         (abs)        00000
__size_of_INTERRUPT_InterruptManager                  (abs)        00000
__size_of_MTOUCH_DataStreamer_Initialize              (abs)        00000
__size_of_MTOUCH_Initialize                           (abs)        00000
__size_of_MTOUCH_Proximity_Initialize                 (abs)        00000
__size_of_MTOUCH_Proximity_InitializeAll              (abs)        00000
__size_of_MTOUCH_Sensor_Calibrate                     (abs)        00000
__size_of_MTOUCH_Sensor_Enable                        (abs)        00000
__size_of_MTOUCH_Sensor_Initialize                    (abs)        00000
__size_of_MTOUCH_Sensor_InitializeAll                 (abs)        00000
__size_of_MTOUCH_Sensor_Sampled_ResetAll              (abs)        00000
__size_of_MTOUCH_Sensor_Scan_Initialize               (abs)        00000
__size_of_OSCILLATOR_Initialize                       (abs)        00000
__size_of_PIN_MANAGER_Initialize                      (abs)        00000
__size_of_SYSTEM_Initialize                           (abs)        00000
__size_of_Sensor_Sampled_Reset                        (abs)        00000
__size_of_TMR2_Initialize                             (abs)        00000
__size_of_WDT_Initialize                              (abs)        00000
__size_of___bmul                                      (abs)        00000
__size_of_main                                        (abs)        00000
__size_of_memcpy                                      (abs)        00000
_callback_activated                                   dataBANK0    0005F
_callback_notActivated                                dataBANK0    0005D
_callback_sampled                                     dataBANK0    00061
_data                                                 dataBANK1    000A0
_eusartRxBuffer                                       bssBANK0     00028
_eusartRxCount                                        bssBANK0     00042
_eusartRxHead                                         bssCOMMON    0007C
_eusartRxLastError                                    bssBANK0     00041
_eusartRxStatusBuffer                                 bssBANK0     00020
_eusartRxTail                                         bssCOMMON    0007B
_eusartTxBuffer                                       bssBANK0     00030
_eusartTxBufferRemaining                              nvBANK0      0006F
_eusartTxHead                                         bssBANK0     00044
_eusartTxTail                                         bssBANK0     00043
_lowpowerActivated                                    bssBANK0     00040
_main                                                 maintext     00294
_memcpy                                               text16       000CE
_mtouch_proximity                                     bssBANK0     00045
_mtouch_proximity_init                                stringtext3  00225
_mtouch_sensor                                        dataBANK0    00064
_mtouch_time_toScan                                   bssBANK0     0003E
_packet_noise                                         bssBANK0     0003C
_packet_sample                                        bssBANK0     00038
_sample_period                                        dataBANK0    00063
_sensor_globalFlags                                   bssCOMMON    0007A
_sensor_scan_group                                    stringtext2  002CF
btemp                                                 (abs)        0007E
clear_ram0                                            clrtext      0028E
end_of_initialization                                 cinit        00052
init_ram                                              inittext     00288
int$flags                                             (abs)        0007E
intlevel0                                             functab      00000
intlevel1                                             functab      00000
intlevel2                                             functab      00000
intlevel3                                             functab      00000
intlevel4                                             functab      00000
intlevel5                                             functab      00000
memcpy@d                                              cstackBANK1  000BF
memcpy@d1                                             cstackBANK1  000BE
memcpy@n                                              cstackCOMMON 00073
memcpy@s                                              cstackBANK1  000BC
memcpy@s1                                             cstackCOMMON 00071
memcpy@tmp                                            cstackBANK1  000BB
reset_vec                                             reset_vec    00000
start                                                 init         0002D
start_initialization                                  cinit        0002F
wtemp0                                                (abs)        0007E


FUNCTION INFORMATION:

 *************** function _main *****************
 Defined at:
		line 49 in file "main.c"
 Parameters:    Size  Location     Type
		None
 Auto vars:     Size  Location     Type
		None
 Return value:  Size  Location     Type
                  1    wreg      void 
 Registers used:
		wreg, fsr0l, fsr0h, fsr1l, fsr1h, status,2, status,0, pclath, cstack
 Tracked objects:
		On entry : 
		On exit  : 
		Unchanged: 
 Data sizes:     COMMON   BANK0   BANK1   BANK2   BANK3   BANK4   BANK5   BANK6
      Params:         0       0       0       0       0       0       0       0
      Locals:         0       0       0       0       0       0       0       0
      Temps:          0       0       0       0       0       0       0       0
      Totals:         0       0       0       0       0       0       0       0
Total ram usage:        0 bytes
 Hardware stack levels required when called:   10
 This function calls:
		_SYSTEM_Initialize
 This function is called by:
		Startup code after reset
 This function uses a non-reentrant model


 *************** function _SYSTEM_Initialize *****************
 Defined at:
		line 50 in file "mcc_generated_files/mcc.c"
 Parameters:    Size  Location     Type
		None
 Auto vars:     Size  Location     Type
		None
 Return value:  Size  Location     Type
                  1    wreg      void 
 Registers used:
		wreg, fsr0l, fsr0h, fsr1l, fsr1h, status,2, status,0, pclath, cstack
 Tracked objects:
		On entry : 
		On exit  : 
		Unchanged: 
 Data sizes:     COMMON   BANK0   BANK1   BANK2   BANK3   BANK4   BANK5   BANK6
      Params:         0       0       0       0       0       0       0       0
      Locals:         0       0       0       0       0       0       0       0
      Temps:          0       0       0       0       0       0       0       0
      Totals:         0       0       0       0       0       0       0       0
Total ram usage:        0 bytes
 Hardware stack levels used:    1
 Hardware stack levels required when called:    9
 This function calls:
		_EUSART_Initialize
		_MTOUCH_Initialize
		_OSCILLATOR_Initialize
		_PIN_MANAGER_Initialize
		_TMR2_Initialize
		_WDT_Initialize
 This function is called by:
		_main
 This function uses a non-reentrant model


 *************** function _WDT_Initialize *****************
 Defined at:
		line 69 in file "mcc_generated_files/mcc.c"
 Parameters:    Size  Location     Type
		None
 Auto vars:     Size  Location     Type
		None
 Return value:  Size  Location     Type
                  1    wreg      void 
 Registers used:
		wreg
 Tracked objects:
		On entry : 
		On exit  : 
		Unchanged: 
 Data sizes:     COMMON   BANK0   BANK1   BANK2   BANK3   BANK4   BANK5   BANK6
      Params:         0       0       0       0       0       0       0       0
      Locals:         0       0       0       0       0       0       0       0
      Temps:          0       0       0       0       0       0       0       0
      Totals:         0       0       0       0       0       0       0       0
Total ram usage:        0 bytes
 Hardware stack levels used:    1
 Hardware stack levels required when called:    4
 This function calls:
		Nothing
 This function is called by:
		_SYSTEM_Initialize
 This function uses a non-reentrant model


 *************** function _TMR2_Initialize *****************
 Defined at:
		line 62 in file "mcc_generated_files/tmr2.c"
 Parameters:    Size  Location     Type
		None
 Auto vars:     Size  Location     Type
		None
 Return value:  Size  Location     Type
                  1    wreg      void 
 Registers used:
		wreg, status,2
 Tracked objects:
		On entry : 
		On exit  : 
		Unchanged: 
 Data sizes:     COMMON   BANK0   BANK1   BANK2   BANK3   BANK4   BANK5   BANK6
      Params:         0       0       0       0       0       0       0       0
      Locals:         0       0       0       0       0       0       0       0
      Temps:          0       0       0       0       0       0       0       0
      Totals:         0       0       0       0       0       0       0       0
Total ram usage:        0 bytes
 Hardware stack levels used:    1
 Hardware stack levels required when called:    4
 This function calls:
		Nothing
 This function is called by:
		_SYSTEM_Initialize
 This function uses a non-reentrant model


 *************** function _PIN_MANAGER_Initialize *****************
 Defined at:
		line 55 in file "mcc_generated_files/pin_manager.c"
 Parameters:    Size  Location     Type
		None
 Auto vars:     Size  Location     Type
		None
 Return value:  Size  Location     Type
                  1    wreg      void 
 Registers used:
		wreg, status,2
 Tracked objects:
		On entry : 
		On exit  : 
		Unchanged: 
 Data sizes:     COMMON   BANK0   BANK1   BANK2   BANK3   BANK4   BANK5   BANK6
      Params:         0       0       0       0       0       0       0       0
      Locals:         0       0       0       0       0       0       0       0
      Temps:          0       0       0       0       0       0       0       0
      Totals:         0       0       0       0       0       0       0       0
Total ram usage:        0 bytes
 Hardware stack levels used:    1
 Hardware stack levels required when called:    4
 This function calls:
		Nothing
 This function is called by:
		_SYSTEM_Initialize
 This function uses a non-reentrant model


 *************** function _OSCILLATOR_Initialize *****************
 Defined at:
		line 61 in file "mcc_generated_files/mcc.c"
 Parameters:    Size  Location     Type
		None
 Auto vars:     Size  Location     Type
		None
 Return value:  Size  Location     Type
                  1    wreg      void 
 Registers used:
		wreg, status,2
 Tracked objects:
		On entry : 
		On exit  : 
		Unchanged: 
 Data sizes:     COMMON   BANK0   BANK1   BANK2   BANK3   BANK4   BANK5   BANK6
      Params:         0       0       0       0       0       0       0       0
      Locals:         0       0       0       0       0       0       0       0
      Temps:          0       0       0       0       0       0       0       0
      Totals:         0       0       0       0       0       0       0       0
Total ram usage:        0 bytes
 Hardware stack levels used:    1
 Hardware stack levels required when called:    4
 This function calls:
		Nothing
 This function is called by:
		_SYSTEM_Initialize
 This function uses a non-reentrant model


 *************** function _MTOUCH_Initialize *****************
 Defined at:
		line 80 in file "mcc_generated_files/mtouch/mtouch.c"
 Parameters:    Size  Location     Type
		None
 Auto vars:     Size  Location     Type
		None
 Return value:  Size  Location     Type
                  1    wreg      void 
 Registers used:
		wreg, fsr0l, fsr0h, fsr1l, fsr1h, status,2, status,0, pclath, cstack
 Tracked objects:
		On entry : 
		On exit  : 
		Unchanged: 
 Data sizes:     COMMON   BANK0   BANK1   BANK2   BANK3   BANK4   BANK5   BANK6
      Params:         0       0       0       0       0       0       0       0
      Locals:         0       0       0       0       0       0       0       0
      Temps:          0       0       0       0       0       0       0       0
      Totals:         0       0       0       0       0       0       0       0
Total ram usage:        0 bytes
 Hardware stack levels used:    1
 Hardware stack levels required when called:    8
 This function calls:
		_MTOUCH_DataStreamer_Initialize
		_MTOUCH_Proximity_InitializeAll
		_MTOUCH_Sensor_InitializeAll
		_MTOUCH_Sensor_Sampled_ResetAll
		_MTOUCH_Sensor_Scan_Initialize
 This function is called by:
		_SYSTEM_Initialize
 This function uses a non-reentrant model


 *************** function _MTOUCH_Sensor_Scan_Initialize *****************
 Defined at:
		line 222 in file "mcc_generated_files/mtouch/mtouch_sensor.c"
 Parameters:    Size  Location     Type
		None
 Auto vars:     Size  Location     Type
		None
 Return value:  Size  Location     Type
                  1    wreg      void 
 Registers used:
		wreg, status,2, status,0
 Tracked objects:
		On entry : 
		On exit  : 
		Unchanged: 
 Data sizes:     COMMON   BANK0   BANK1   BANK2   BANK3   BANK4   BANK5   BANK6
      Params:         0       0       0       0       0       0       0       0
      Locals:         0       0       0       0       0       0       0       0
      Temps:          0       0       0       0       0       0       0       0
      Totals:         0       0       0       0       0       0       0       0
Total ram usage:        0 bytes
 Hardware stack levels used:    1
 Hardware stack levels required when called:    4
 This function calls:
		Nothing
 This function is called by:
		_MTOUCH_Initialize
		_Sensor_Acq_ExecutePacket
 This function uses a non-reentrant model


 *************** function _MTOUCH_Sensor_Sampled_ResetAll *****************
 Defined at:
		line 933 in file "mcc_generated_files/mtouch/mtouch_sensor.c"
 Parameters:    Size  Location     Type
		None
 Auto vars:     Size  Location     Type
  sensor          1    3[COMMON] PTR struct .
		 -> mtouch_sensor(9), 
 Return value:  Size  Location     Type
                  1    wreg      void 
 Registers used:
		wreg, fsr1l, fsr1h, status,2, status,0, pclath, cstack
 Tracked objects:
		On entry : 
		On exit  : 
		Unchanged: 
 Data sizes:     COMMON   BANK0   BANK1   BANK2   BANK3   BANK4   BANK5   BANK6
      Params:         0       0       0       0       0       0       0       0
      Locals:         1       0       0       0       0       0       0       0
      Temps:          1       0       0       0       0       0       0       0
      Totals:         2       0       0       0       0       0       0       0
Total ram usage:        2 bytes
 Hardware stack levels used:    1
 Hardware stack levels required when called:    5
 This function calls:
		_Sensor_Sampled_Reset
 This function is called by:
		_MTOUCH_Initialize
		_MTOUCH_Service_Mainloop
 This function uses a non-reentrant model


 *************** function _MTOUCH_Sensor_InitializeAll *****************
 Defined at:
		line 206 in file "mcc_generated_files/mtouch/mtouch_sensor.c"
 Parameters:    Size  Location     Type
		None
 Auto vars:     Size  Location     Type
  sensor          1    0[BANK1 ] enum E2854
 Return value:  Size  Location     Type
                  1    wreg      void 
 Registers used:
		wreg, fsr1l, fsr1h, status,2, status,0, pclath, cstack
 Tracked objects:
		On entry : 
		On exit  : 
		Unchanged: 
 Data sizes:     COMMON   BANK0   BANK1   BANK2   BANK3   BANK4   BANK5   BANK6
      Params:         0       0       0       0       0       0       0       0
      Locals:         0       0       1       0       0       0       0       0
      Temps:          1       0       0       0       0       0       0       0
      Totals:         1       0       1       0       0       0       0       0
Total ram usage:        2 bytes
 Hardware stack levels used:    1
 Hardware stack levels required when called:    7
 This function calls:
		_MTOUCH_Sensor_Initialize
 This function is called by:
		_MTOUCH_Initialize
 This function uses a non-reentrant model


 *************** function _MTOUCH_Sensor_Initialize *****************
 Defined at:
		line 191 in file "mcc_generated_files/mtouch/mtouch_sensor.c"
 Parameters:    Size  Location     Type
  sensor          1    wreg     enum E2854
 Auto vars:     Size  Location     Type
  sensor          1    8[COMMON] enum E2854
 Return value:  Size  Location     Type
                  1    wreg      enum E2856
 Registers used:
		wreg, fsr1l, fsr1h, status,2, status,0, pclath, cstack
 Tracked objects:
		On entry : 
		On exit  : 
		Unchanged: 
 Data sizes:     COMMON   BANK0   BANK1   BANK2   BANK3   BANK4   BANK5   BANK6
      Params:         0       0       0       0       0       0       0       0
      Locals:         1       0       0       0       0       0       0       0
      Temps:          1       0       0       0       0       0       0       0
      Totals:         2       0       0       0       0       0       0       0
Total ram usage:        2 bytes
 Hardware stack levels used:    1
 Hardware stack levels required when called:    6
 This function calls:
		_MTOUCH_Sensor_Calibrate
		_MTOUCH_Sensor_Enable
		_Sensor_Sampled_Reset
		___bmul
 This function is called by:
		_MTOUCH_Sensor_InitializeAll
 This function uses a non-reentrant model


 *************** function _Sensor_Sampled_Reset *****************
 Defined at:
		line 947 in file "mcc_generated_files/mtouch/mtouch_sensor.c"
 Parameters:    Size  Location     Type
  sensor          1    wreg     PTR struct .
		 -> mtouch_sensor(9), 
 Auto vars:     Size  Location     Type
  sensor          1    1[COMMON] PTR struct .
		 -> mtouch_sensor(9), 
 Return value:  Size  Location     Type
                  1    wreg      void 
 Registers used:
		wreg, fsr1l, fsr1h, status,2, status,0
 Tracked objects:
		On entry : 
		On exit  : 
		Unchanged: 
 Data sizes:     COMMON   BANK0   BANK1   BANK2   BANK3   BANK4   BANK5   BANK6
      Params:         0       0       0       0       0       0       0       0
      Locals:         1       0       0       0       0       0       0       0
      Temps:          0       0       0       0       0       0       0       0
      Totals:         1       0       0       0       0       0       0       0
Total ram usage:        1 bytes
 Hardware stack levels used:    1
 Hardware stack levels required when called:    4
 This function calls:
		Nothing
 This function is called by:
		_MTOUCH_Sensor_Initialize
		_MTOUCH_Sensor_Sampled_ResetAll
 This function uses a non-reentrant model


 *************** function _MTOUCH_Sensor_Enable *****************
 Defined at:
		line 824 in file "mcc_generated_files/mtouch/mtouch_sensor.c"
 Parameters:    Size  Location     Type
  sensor          1    wreg     enum E2854
 Auto vars:     Size  Location     Type
  sensor          1    6[COMMON] enum E2854
 Return value:  Size  Location     Type
                  1    wreg      void 
 Registers used:
		wreg, fsr1l, fsr1h, status,2, status,0, pclath, cstack
 Tracked objects:
		On entry : 
		On exit  : 
		Unchanged: 
 Data sizes:     COMMON   BANK0   BANK1   BANK2   BANK3   BANK4   BANK5   BANK6
      Params:         0       0       0       0       0       0       0       0
      Locals:         1       0       0       0       0       0       0       0
      Temps:          1       0       0       0       0       0       0       0
      Totals:         2       0       0       0       0       0       0       0
Total ram usage:        2 bytes
 Hardware stack levels used:    1
 Hardware stack levels required when called:    5
 This function calls:
		___bmul
 This function is called by:
		_MTOUCH_Sensor_Initialize
 This function uses a non-reentrant model


 *************** function _MTOUCH_Sensor_Calibrate *****************
 Defined at:
		line 887 in file "mcc_generated_files/mtouch/mtouch_sensor.c"
 Parameters:    Size  Location     Type
  sensor          1    wreg     enum E2854
 Auto vars:     Size  Location     Type
  sensor          1    6[COMMON] enum E2854
 Return value:  Size  Location     Type
                  1    wreg      void 
 Registers used:
		wreg, fsr1l, fsr1h, status,2, status,0, pclath, cstack
 Tracked objects:
		On entry : 
		On exit  : 
		Unchanged: 
 Data sizes:     COMMON   BANK0   BANK1   BANK2   BANK3   BANK4   BANK5   BANK6
      Params:         0       0       0       0       0       0       0       0
      Locals:         1       0       0       0       0       0       0       0
      Temps:          1       0       0       0       0       0       0       0
      Totals:         2       0       0       0       0       0       0       0
Total ram usage:        2 bytes
 Hardware stack levels used:    1
 Hardware stack levels required when called:    5
 This function calls:
		___bmul
 This function is called by:
		_MTOUCH_Sensor_Initialize
 This function uses a non-reentrant model


 *************** function ___bmul *****************
 Defined at:
		line 4 in file "C:\Program Files (x86)\Microchip\xc8\v2.10\pic\sources\c99\common\Umul8.c"
 Parameters:    Size  Location     Type
  multiplier      1    wreg     unsigned char 
  multiplicand    1    1[COMMON] unsigned char 
 Auto vars:     Size  Location     Type
  multiplier      1    4[COMMON] unsigned char 
  product         1    3[COMMON] unsigned char 
 Return value:  Size  Location     Type
                  1    wreg      unsigned char 
 Registers used:
		wreg, status,2, status,0
 Tracked objects:
		On entry : 
		On exit  : 
		Unchanged: 
 Data sizes:     COMMON   BANK0   BANK1   BANK2   BANK3   BANK4   BANK5   BANK6
      Params:         1       0       0       0       0       0       0       0
      Locals:         2       0       0       0       0       0       0       0
      Temps:          1       0       0       0       0       0       0       0
      Totals:         4       0       0       0       0       0       0       0
Total ram usage:        4 bytes
 Hardware stack levels used:    1
 Hardware stack levels required when called:    4
 This function calls:
		Nothing
 This function is called by:
		_MTOUCH_Sensor_Initialize
		_MTOUCH_Sensor_Enable
		_MTOUCH_Sensor_Calibrate
		_MTOUCH_Sensor_isAnySensorActive
		_MTOUCH_Sensor_RawSample_Get
		_MTOUCH_Sensor_Disable
		_MTOUCH_Sensor_isEnabled
		_MTOUCH_Sensor_isActive
		_MTOUCH_Sensor_isCalibrated
		_MTOUCH_Sensor_wasSampled
		_MTOUCH_Sensor_AdditionalCap_Get
		_MTOUCH_Sensor_AcquisitionTime_Get
		_MTOUCH_Sensor_PreChargeTime_Get
		_MTOUCH_Sensor_Oversampling_Get
		_MTOUCH_Sensor_Oversampling_Set
 This function uses a non-reentrant model


 *************** function _MTOUCH_Proximity_InitializeAll *****************
 Defined at:
		line 161 in file "mcc_generated_files/mtouch/mtouch_proximity.c"
 Parameters:    Size  Location     Type
		None
 Auto vars:     Size  Location     Type
		None
 Return value:  Size  Location     Type
                  1    wreg      void 
 Registers used:
		wreg, fsr0l, fsr0h, fsr1l, fsr1h, status,2, status,0, pclath, cstack
 Tracked objects:
		On entry : 
		On exit  : 
		Unchanged: 
 Data sizes:     COMMON   BANK0   BANK1   BANK2   BANK3   BANK4   BANK5   BANK6
      Params:         0       0       0       0       0       0       0       0
      Locals:         0       0       0       0       0       0       0       0
      Temps:          0       0       0       0       0       0       0       0
      Totals:         0       0       0       0       0       0       0       0
Total ram usage:        0 bytes
 Hardware stack levels used:    1
 Hardware stack levels required when called:    5
 This function calls:
		_MTOUCH_Proximity_Initialize
		_memcpy
 This function is called by:
		_MTOUCH_Initialize
 This function uses a non-reentrant model


 *************** function _memcpy *****************
 Defined at:
		line 4 in file "C:\Program Files (x86)\Microchip\xc8\v2.10\pic\sources\c99\common\memcpy.c"
 Parameters:    Size  Location     Type
  d1              1    wreg     PTR void 
		 -> mtouch_proximity(18), 
  s1              2    1[COMMON] PTR const void 
		 -> mtouch_proximity_init(18), 
  n               2    3[COMMON] unsigned int 
 Auto vars:     Size  Location     Type
  d1              1    3[BANK1 ] PTR void 
		 -> mtouch_proximity(18), 
  s               2    1[BANK1 ] PTR const unsigned char 
		 -> mtouch_proximity_init(18), 
  d               1    4[BANK1 ] PTR unsigned char 
		 -> mtouch_proximity(18), 
  tmp             1    0[BANK1 ] unsigned char 
 Return value:  Size  Location     Type
                  1    wreg      PTR void 
 Registers used:
		wreg, fsr0l, fsr0h, fsr1l, fsr1h, status,2, status,0, pclath
 Tracked objects:
		On entry : 
		On exit  : 
		Unchanged: 
 Data sizes:     COMMON   BANK0   BANK1   BANK2   BANK3   BANK4   BANK5   BANK6
      Params:         4       0       0       0       0       0       0       0
      Locals:         0       0       5       0       0       0       0       0
      Temps:          1       0       0       0       0       0       0       0
      Totals:         5       0       5       0       0       0       0       0
Total ram usage:       10 bytes
 Hardware stack levels used:    1
 Hardware stack levels required when called:    4
 This function calls:
		Nothing
 This function is called by:
		_MTOUCH_Proximity_InitializeAll
 This function uses a non-reentrant model


 *************** function _MTOUCH_Proximity_Initialize *****************
 Defined at:
		line 141 in file "mcc_generated_files/mtouch/mtouch_proximity.c"
 Parameters:    Size  Location     Type
  name            1    wreg     enum E3067
 Auto vars:     Size  Location     Type
  name            1    2[COMMON] enum E3067
  prox            1    3[COMMON] PTR struct .
		 -> mtouch_proximity(18), 
 Return value:  Size  Location     Type
                  1    wreg      void 
 Registers used:
		wreg, fsr1l, fsr1h, status,2, status,0
 Tracked objects:
		On entry : 
		On exit  : 
		Unchanged: 
 Data sizes:     COMMON   BANK0   BANK1   BANK2   BANK3   BANK4   BANK5   BANK6
      Params:         0       0       0       0       0       0       0       0
      Locals:         2       0       0       0       0       0       0       0
      Temps:          1       0       0       0       0       0       0       0
      Totals:         3       0       0       0       0       0       0       0
Total ram usage:        3 bytes
 Hardware stack levels used:    1
 Hardware stack levels required when called:    4
 This function calls:
		Nothing
 This function is called by:
		_MTOUCH_Proximity_InitializeAll
		_MTOUCH_Proximity_Recalibrate
		_Proximity_Service
		_Proximity_State_NotActivated
		_Proximity_State_Activated
 This function uses a non-reentrant model


 *************** function _MTOUCH_DataStreamer_Initialize *****************
 Defined at:
		line 60 in file "mcc_generated_files/mtouch/mtouch_datastreamer.c"
 Parameters:    Size  Location     Type
		None
 Auto vars:     Size  Location     Type
		None
 Return value:  Size  Location     Type
                  1    wreg      void 
 Registers used:
		None
 Tracked objects:
		On entry : 
		On exit  : 
		Unchanged: 
 Data sizes:     COMMON   BANK0   BANK1   BANK2   BANK3   BANK4   BANK5   BANK6
      Params:         0       0       0       0       0       0       0       0
      Locals:         0       0       0       0       0       0       0       0
      Temps:          0       0       0       0       0       0       0       0
      Totals:         0       0       0       0       0       0       0       0
Total ram usage:        0 bytes
 Hardware stack levels used:    1
 Hardware stack levels required when called:    4
 This function calls:
		Nothing
 This function is called by:
		_MTOUCH_Initialize
 This function uses a non-reentrant model


 *************** function _EUSART_Initialize *****************
 Defined at:
		line 88 in file "mcc_generated_files/eusart.c"
 Parameters:    Size  Location     Type
		None
 Auto vars:     Size  Location     Type
		None
 Return value:  Size  Location     Type
                  1    wreg      void 
 Registers used:
		wreg, status,2, status,0, pclath, cstack
 Tracked objects:
		On entry : 
		On exit  : 
		Unchanged: 
 Data sizes:     COMMON   BANK0   BANK1   BANK2   BANK3   BANK4   BANK5   BANK6
      Params:         0       0       0       0       0       0       0       0
      Locals:         0       0       0       0       0       0       0       0
      Temps:          1       0       0       0       0       0       0       0
      Totals:         1       0       0       0       0       0       0       0
Total ram usage:        1 bytes
 Hardware stack levels used:    1
 Hardware stack levels required when called:    5
 This function calls:
		_EUSART_SetErrorHandler
		_EUSART_SetFramingErrorHandler
		_EUSART_SetOverrunErrorHandler
		_EUSART_SetRxInterruptHandler
		_EUSART_SetTxInterruptHandler
 This function is called by:
		_SYSTEM_Initialize
 This function uses a non-reentrant model


 *************** function _EUSART_SetTxInterruptHandler *****************
 Defined at:
		line 285 in file "mcc_generated_files/eusart.c"
 Parameters:    Size  Location     Type
  interruptHan    2    1[COMMON] PTR FTN()void 
		 -> EUSART_Transmit_ISR(1), 
 Auto vars:     Size  Location     Type
		None
 Return value:  Size  Location     Type
                  1    wreg      void 
 Registers used:
		wreg
 Tracked objects:
		On entry : 
		On exit  : 
		Unchanged: 
 Data sizes:     COMMON   BANK0   BANK1   BANK2   BANK3   BANK4   BANK5   BANK6
      Params:         2       0       0       0       0       0       0       0
      Locals:         0       0       0       0       0       0       0       0
      Temps:          0       0       0       0       0       0       0       0
      Totals:         2       0       0       0       0       0       0       0
Total ram usage:        2 bytes
 Hardware stack levels used:    1
 Hardware stack levels required when called:    4
 This function calls:
		Nothing
 This function is called by:
		_EUSART_Initialize
 This function uses a non-reentrant model


 *************** function _EUSART_SetRxInterruptHandler *****************
 Defined at:
		line 289 in file "mcc_generated_files/eusart.c"
 Parameters:    Size  Location     Type
  interruptHan    2    1[COMMON] PTR FTN()void 
		 -> EUSART_Receive_ISR(1), 
 Auto vars:     Size  Location     Type
		None
 Return value:  Size  Location     Type
                  1    wreg      void 
 Registers used:
		wreg
 Tracked objects:
		On entry : 
		On exit  : 
		Unchanged: 
 Data sizes:     COMMON   BANK0   BANK1   BANK2   BANK3   BANK4   BANK5   BANK6
      Params:         2       0       0       0       0       0       0       0
      Locals:         0       0       0       0       0       0       0       0
      Temps:          0       0       0       0       0       0       0       0
      Totals:         2       0       0       0       0       0       0       0
Total ram usage:        2 bytes
 Hardware stack levels used:    1
 Hardware stack levels required when called:    4
 This function calls:
		Nothing
 This function is called by:
		_EUSART_Initialize
 This function uses a non-reentrant model


 *************** function _EUSART_SetOverrunErrorHandler *****************
 Defined at:
		line 277 in file "mcc_generated_files/eusart.c"
 Parameters:    Size  Location     Type
  interruptHan    2    1[COMMON] PTR FTN()void 
		 -> EUSART_DefaultOverrunErrorHandler(1), 
 Auto vars:     Size  Location     Type
		None
 Return value:  Size  Location     Type
                  1    wreg      void 
 Registers used:
		wreg
 Tracked objects:
		On entry : 
		On exit  : 
		Unchanged: 
 Data sizes:     COMMON   BANK0   BANK1   BANK2   BANK3   BANK4   BANK5   BANK6
      Params:         2       0       0       0       0       0       0       0
      Locals:         0       0       0       0       0       0       0       0
      Temps:          0       0       0       0       0       0       0       0
      Totals:         2       0       0       0       0       0       0       0
Total ram usage:        2 bytes
 Hardware stack levels used:    1
 Hardware stack levels required when called:    4
 This function calls:
		Nothing
 This function is called by:
		_EUSART_Initialize
 This function uses a non-reentrant model


 *************** function _EUSART_SetFramingErrorHandler *****************
 Defined at:
		line 273 in file "mcc_generated_files/eusart.c"
 Parameters:    Size  Location     Type
  interruptHan    2    1[COMMON] PTR FTN()void 
		 -> EUSART_DefaultFramingErrorHandler(1), 
 Auto vars:     Size  Location     Type
		None
 Return value:  Size  Location     Type
                  1    wreg      void 
 Registers used:
		wreg
 Tracked objects:
		On entry : 
		On exit  : 
		Unchanged: 
 Data sizes:     COMMON   BANK0   BANK1   BANK2   BANK3   BANK4   BANK5   BANK6
      Params:         2       0       0       0       0       0       0       0
      Locals:         0       0       0       0       0       0       0       0
      Temps:          0       0       0       0       0       0       0       0
      Totals:         2       0       0       0       0       0       0       0
Total ram usage:        2 bytes
 Hardware stack levels used:    1
 Hardware stack levels required when called:    4
 This function calls:
		Nothing
 This function is called by:
		_EUSART_Initialize
 This function uses a non-reentrant model


 *************** function _EUSART_SetErrorHandler *****************
 Defined at:
		line 281 in file "mcc_generated_files/eusart.c"
 Parameters:    Size  Location     Type
  interruptHan    2    1[COMMON] PTR FTN()void 
		 -> EUSART_DefaultErrorHandler(1), 
 Auto vars:     Size  Location     Type
		None
 Return value:  Size  Location     Type
                  1    wreg      void 
 Registers used:
		wreg
 Tracked objects:
		On entry : 
		On exit  : 
		Unchanged: 
 Data sizes:     COMMON   BANK0   BANK1   BANK2   BANK3   BANK4   BANK5   BANK6
      Params:         2       0       0       0       0       0       0       0
      Locals:         0       0       0       0       0       0       0       0
      Temps:          0       0       0       0       0       0       0       0
      Totals:         2       0       0       0       0       0       0       0
Total ram usage:        2 bytes
 Hardware stack levels used:    1
 Hardware stack levels required when called:    4
 This function calls:
		Nothing
 This function is called by:
		_EUSART_Initialize
 This function uses a non-reentrant model


 *************** function _INTERRUPT_InterruptManager *****************
 Defined at:
		line 52 in file "mcc_generated_files/interrupt_manager.c"
 Parameters:    Size  Location     Type
		None
 Auto vars:     Size  Location     Type
		None
 Return value:  Size  Location     Type
                  1    wreg      void 
 Registers used:
		wreg, fsr1l, fsr1h, status,2, status,0, pclath, cstack
 Tracked objects:
		On entry : 
		On exit  : 
		Unchanged: 
 Data sizes:     COMMON   BANK0   BANK1   BANK2   BANK3   BANK4   BANK5   BANK6
      Params:         0       0       0       0       0       0       0       0
      Locals:         0       0       0       0       0       0       0       0
      Temps:          0       0       0       0       0       0       0       0
      Totals:         0       0       0       0       0       0       0       0
Total ram usage:        0 bytes
 Hardware stack levels used:    1
 Hardware stack levels required when called:    3
 This function calls:
		Absolute function
		_EUSART_Receive_ISR
		_EUSART_Transmit_ISR
 This function is called by:
		Interrupt level 1
 This function uses a non-reentrant model


 *************** function _EUSART_Transmit_ISR *****************
 Defined at:
		line 206 in file "mcc_generated_files/eusart.c"
 Parameters:    Size  Location     Type
		None
 Auto vars:     Size  Location     Type
		None
 Return value:  Size  Location     Type
                  1    wreg      void 
 Registers used:
		wreg, fsr1l, fsr1h, status,2, status,0
 Tracked objects:
		On entry : 
		On exit  : 
		Unchanged: 
 Data sizes:     COMMON   BANK0   BANK1   BANK2   BANK3   BANK4   BANK5   BANK6
      Params:         0       0       0       0       0       0       0       0
      Locals:         0       0       0       0       0       0       0       0
      Temps:          1       0       0       0       0       0       0       0
      Totals:         1       0       0       0       0       0       0       0
Total ram usage:        1 bytes
 Hardware stack levels used:    1
 This function calls:
		Nothing
 This function is called by:
		_EUSART_Initialize
		_INTERRUPT_InterruptManager
 This function uses a non-reentrant model


 *************** function _EUSART_Receive_ISR *****************
 Defined at:
		line 225 in file "mcc_generated_files/eusart.c"
 Parameters:    Size  Location     Type
		None
 Auto vars:     Size  Location     Type
		None
 Return value:  Size  Location     Type
                  1    wreg      void 
 Registers used:
		wreg, fsr1l, fsr1h, status,2, status,0, pclath, cstack
 Tracked objects:
		On entry : 
		On exit  : 
		Unchanged: 
 Data sizes:     COMMON   BANK0   BANK1   BANK2   BANK3   BANK4   BANK5   BANK6
      Params:         0       0       0       0       0       0       0       0
      Locals:         0       0       0       0       0       0       0       0
      Temps:          0       0       0       0       0       0       0       0
      Totals:         0       0       0       0       0       0       0       0
Total ram usage:        0 bytes
 Hardware stack levels used:    1
 Hardware stack levels required when called:    2
 This function calls:
		Absolute function
		_EUSART_DefaultErrorHandler
		_EUSART_DefaultFramingErrorHandler
		_EUSART_DefaultOverrunErrorHandler
		_EUSART_RxDataHandler
 This function is called by:
		_EUSART_Initialize
		_INTERRUPT_InterruptManager
 This function uses a non-reentrant model


 *************** function _EUSART_DefaultOverrunErrorHandler *****************
 Defined at:
		line 261 in file "mcc_generated_files/eusart.c"
 Parameters:    Size  Location     Type
		None
 Auto vars:     Size  Location     Type
		None
 Return value:  Size  Location     Type
                  1    wreg      void 
 Registers used:
		None
 Tracked objects:
		On entry : 
		On exit  : 
		Unchanged: 
 Data sizes:     COMMON   BANK0   BANK1   BANK2   BANK3   BANK4   BANK5   BANK6
      Params:         0       0       0       0       0       0       0       0
      Locals:         0       0       0       0       0       0       0       0
      Temps:          0       0       0       0       0       0       0       0
      Totals:         0       0       0       0       0       0       0       0
Total ram usage:        0 bytes
 Hardware stack levels used:    1
 This function calls:
		Nothing
 This function is called by:
		_EUSART_Initialize
		_EUSART_Receive_ISR
 This function uses a non-reentrant model


 *************** function _EUSART_DefaultFramingErrorHandler *****************
 Defined at:
		line 259 in file "mcc_generated_files/eusart.c"
 Parameters:    Size  Location     Type
		None
 Auto vars:     Size  Location     Type
		None
 Return value:  Size  Location     Type
                  1    wreg      void 
 Registers used:
		None
 Tracked objects:
		On entry : 
		On exit  : 
		Unchanged: 
 Data sizes:     COMMON   BANK0   BANK1   BANK2   BANK3   BANK4   BANK5   BANK6
      Params:         0       0       0       0       0       0       0       0
      Locals:         0       0       0       0       0       0       0       0
      Temps:          0       0       0       0       0       0       0       0
      Totals:         0       0       0       0       0       0       0       0
Total ram usage:        0 bytes
 Hardware stack levels used:    1
 This function calls:
		Nothing
 This function is called by:
		_EUSART_Initialize
		_EUSART_Receive_ISR
 This function uses a non-reentrant model


 *************** function _EUSART_DefaultErrorHandler *****************
 Defined at:
		line 269 in file "mcc_generated_files/eusart.c"
 Parameters:    Size  Location     Type
		None
 Auto vars:     Size  Location     Type
		None
 Return value:  Size  Location     Type
                  1    wreg      void 
 Registers used:
		wreg, fsr1l, fsr1h, status,2, status,0, pclath, cstack
 Tracked objects:
		On entry : 
		On exit  : 
		Unchanged: 
 Data sizes:     COMMON   BANK0   BANK1   BANK2   BANK3   BANK4   BANK5   BANK6
      Params:         0       0       0       0       0       0       0       0
      Locals:         0       0       0       0       0       0       0       0
      Temps:          0       0       0       0       0       0       0       0
      Totals:         0       0       0       0       0       0       0       0
Total ram usage:        0 bytes
 Hardware stack levels used:    1
 Hardware stack levels required when called:    1
 This function calls:
		_EUSART_RxDataHandler
 This function is called by:
		_EUSART_Initialize
		_EUSART_Receive_ISR
 This function uses a non-reentrant model


 *************** function _EUSART_RxDataHandler *****************
 Defined at:
		line 249 in file "mcc_generated_files/eusart.c"
 Parameters:    Size  Location     Type
		None
 Auto vars:     Size  Location     Type
		None
 Return value:  Size  Location     Type
                  1    wreg      void 
 Registers used:
		wreg, fsr1l, fsr1h, status,2, status,0
 Tracked objects:
		On entry : 
		On exit  : 
		Unchanged: 
 Data sizes:     COMMON   BANK0   BANK1   BANK2   BANK3   BANK4   BANK5   BANK6
      Params:         0       0       0       0       0       0       0       0
      Locals:         0       0       0       0       0       0       0       0
      Temps:          1       0       0       0       0       0       0       0
      Totals:         1       0       0       0       0       0       0       0
Total ram usage:        1 bytes
 Hardware stack levels used:    1
 This function calls:
		Nothing
 This function is called by:
		_EUSART_Receive_ISR
		_EUSART_DefaultErrorHandler
 This function uses a non-reentrant model



MODULE INFORMATION

Module		Function		Class		Link	Load	Size
mcc_generated_files/tmr2.c
		_TMR2_Initialize		CODE           	0279	0000	9

mcc_generated_files/tmr2.c estimated size: 9

mcc_generated_files/interrupt_manager.c
		_INTERRUPT_InterruptManager		CODE           	0004	0000	42

mcc_generated_files/interrupt_manager.c estimated size: 42

mcc_generated_files/mtouch/mtouch.c
		_MTOUCH_Initialize		CODE           	0259	0000	17

mcc_generated_files/mtouch/mtouch.c estimated size: 17

mcc_generated_files/pin_manager.c
		_PIN_MANAGER_Initialize		CODE           	0164	0000	27

mcc_generated_files/pin_manager.c estimated size: 27

C:\Program Files (x86)\Microchip\xc8\v2.10\pic\sources\c99\common\Umul8.c
		___bmul        		CODE           	01C4	0000	22

C:\Program Files (x86)\Microchip\xc8\v2.10\pic\sources\c99\common\Umul8.c estimated size: 22

mcc_generated_files/mtouch/mtouch_proximity.c
		_MTOUCH_Proximity_Initialize		CODE           	00FD	0000	40
		_MTOUCH_Proximity_InitializeAll		CODE           	0248	0000	18

mcc_generated_files/mtouch/mtouch_proximity.c estimated size: 58

shared
		Sensor_Scanfrequency_Evaluation@frequency_hop		STRCODE        	02BE	0000	6
		_sensor_scan_group		STRCODE        	02CF	0000	3
		__initialization		CODE           	002F	0000	36
		_mtouch_proximity_init		STRCODE        	0225	0000	19

shared estimated size: 64

mcc_generated_files/mtouch/mtouch_datastreamer.c
		_MTOUCH_DataStreamer_Initialize		CODE           	02D1	0000	2

mcc_generated_files/mtouch/mtouch_datastreamer.c estimated size: 2

mcc_generated_files/mcc.c
		_WDT_Initialize		CODE           	02C3	0000	5
		_OSCILLATOR_Initialize		CODE           	029A	0000	7
		_SYSTEM_Initialize		CODE           	01EC	0000	20

mcc_generated_files/mcc.c estimated size: 32

C:\Program Files (x86)\Microchip\xc8\v2.10\pic\sources\c99\common\memcpy.c
		_memcpy        		CODE           	00CE	0000	48

C:\Program Files (x86)\Microchip\xc8\v2.10\pic\sources\c99\common\memcpy.c estimated size: 48

mcc_generated_files/eusart.c
		_EUSART_SetRxInterruptHandler		CODE           	02A6	0000	7
		_EUSART_SetTxInterruptHandler		CODE           	02A0	0000	7
		_EUSART_DefaultOverrunErrorHandler		CODE           	02C7	0000	5
		_EUSART_DefaultErrorHandler		CODE           	02CB	0000	5
		_EUSART_Transmit_ISR		CODE           	0124	0000	35
		_EUSART_Initialize		CODE           	0056	0000	64
		_EUSART_SetFramingErrorHandler		CODE           	02B2	0000	7
		_EUSART_SetErrorHandler		CODE           	02B8	0000	7
		_EUSART_SetOverrunErrorHandler		CODE           	02AC	0000	7
		_EUSART_Receive_ISR		CODE           	0095	0000	58
		_EUSART_RxDataHandler		CODE           	017E	0000	27
		_EUSART_DefaultFramingErrorHandler		CODE           	02D2	0000	2

mcc_generated_files/eusart.c estimated size: 231

main.c
		_main          		CODE           	0294	0000	7

main.c estimated size: 7

mcc_generated_files/mtouch/mtouch_sensor.c
		_MTOUCH_Sensor_Initialize		CODE           	01AE	0000	23
		_Sensor_Sampled_Reset		CODE           	0281	0000	8
		_MTOUCH_Sensor_InitializeAll		CODE           	0237	0000	18
		_MTOUCH_Sensor_Calibrate		CODE           	0212	0000	20
		_MTOUCH_Sensor_Sampled_ResetAll		CODE           	0146	0000	31
		_MTOUCH_Sensor_Enable		CODE           	01FF	0000	20
		_MTOUCH_Sensor_Scan_Initialize		CODE           	0269	0000	17

mcc_generated_files/mtouch/mtouch_sensor.c estimated size: 137

