Microchip MPLAB XC8 Compiler V2.10 ()

Linker command line:

-W-3 --edf=C:\Program Files (x86)\Microchip\xc8\v2.10\pic\dat\en_msgs.txt \
  -cs -h+dist/default/production\fw.production.sym \
  --cmf=dist/default/production\fw.production.cmf -z -Q16LF1559 \
  -oC:\Users\simon\AppData\Local\Temp\sk0o.2 --defsym=__MPLAB_BUILD=1 \
  -Mdist/default/production/fw.production.map -E1 -ver=XC8 --acfsm=1493 \
  -ASTACK=0207Fh-021EFh -pstack=STACK -ACODE=00h-07FFhx4 \
  -ASTRCODE=00h-01FFFh -ASTRING=00h-0FFhx32 -ACONST=00h-0FFhx32 \
  -AENTRY=00h-0FFhx32 -ACOMMON=070h-07Fh -ABANK0=020h-06Fh \
  -ABANK1=0A0h-0EFh -ABANK2=0120h-016Fh -ABANK3=01A0h-01EFh \
  -ABANK4=0220h-026Fh -ABANK5=02A0h-02EFh -ABANK6=0320h-032Fh \
  -ABIGRAM=02000h-021EFh \
  -ARAM=020h-06Fh,0A0h-0EFh,0120h-016Fh,01A0h-01EFh,0220h-026Fh,02A0h-02EFh,0320h-032Fh \
  -AABS1=020h-07Fh,0A0h-0EFh,0120h-016Fh,01A0h-01EFh,0220h-026Fh,02A0h-02EFh,0320h-032Fh \
  -ASFR0=00h-01Fh -ASFR1=080h-09Fh -ASFR2=0100h-011Fh -ASFR3=0180h-019Fh \
  -ASFR4=0200h-021Fh -ASFR5=0280h-029Fh -ASFR6=0300h-031Fh \
  -ASFR7=0380h-03EFh -ASFR8=0400h-046Fh -ASFR9=0480h-04EFh \
  -ASFR10=0500h-056Fh -ASFR11=0580h-05EFh -ASFR12=0600h-066Fh \
  -ASFR13=0680h-06EFh -ASFR14=0700h-076Fh -ASFR15=0780h-07EFh \
  -ASFR16=0800h-086Fh -ASFR17=0880h-08EFh -ASFR18=0900h-096Fh \
  -ASFR19=0980h-09EFh -ASFR20=0A00h-0A6Fh -ASFR21=0A80h-0AEFh \
  -ASFR22=0B00h-0B6Fh -ASFR23=0B80h-0BEFh -ASFR24=0C00h-0C6Fh \
  -ASFR25=0C80h-0CEFh -ASFR26=0D00h-0D6Fh -ASFR27=0D80h-0DEFh \
  -ASFR28=0E00h-0E6Fh -ASFR29=0E80h-0EEFh -ASFR30=0F00h-0F6Fh \
  -ASFR31=0F80h-0FEFh -preset_vec=00h,intentry=04h,init,end_init \
  -ppowerup=CODE -pcinit=CODE -pfunctab=ENTRY -ACONFIG=08007h-08008h \
  -pconfig=CONFIG -DCONFIG=2 -AIDLOC=08000h-08003h -pidloc=IDLOC -DIDLOC=2 \
  -DCODE=2 -DSTRCODE=2 -DSTRING=2 -DCONST=2 -DENTRY=2 -k \
  C:\Users\simon\AppData\Local\Temp\sk0o.o \
  dist/default/production\fw.production.o 

Object code version is 3.11

Machine type is 16LF1559



                Name                               Link     Load   Length Selector   Space Scale
C:\Users\simon\AppData\Local\Temp\sk0o.o
                end_init                             2D       2D        2        8       0
                reset_vec                             0        0        2        0       0
                config                             8007     8007        2    1000E       0
dist/default/production\fw.production.o
                cinit                                2F       2F       2D        8       0
                intentry                              4        4       29        8       0
                text80                              B73      B73       1A     16E6       0
                text79                              977      977        4     12EE       0
                text78                              96D      96D        1     12DA       0
                text77                              97B      97B        4     12F6       0
                text76                              D9B      D9B       39     1B36       0
                text75                              C78      C78       22     18F0       0
                text73                              D10      D10       2A     1A20       0
                text72                              97F      97F        4     12FE       0
                text71                              9F6      9F6        9     13EC       0
                text70                              BC1      BC1       1D     1782       0
                text69                              B29      B29       18     1652       0
                text68                              AE7      AE7       15     15CE       0
                text67                              B12      B12       17     1624       0
                text66                              A2E      A2E        F     145C       0
                text65                              C58      C58       20     18B0       0
                text64                              BDE      BDE       1E     17BC       0
                text63                              C1A      C1A       1F     1834       0
                text62                              280      280      118        8       0
                text61                              B41      B41       19     1682       0
                text60                              F93      F93       6D     1F26       0
                text59                              A7A      A7A       11     14F4       0
                text58                              C9A      C9A       27     1934       0
                text57                              7D4      7D4       2B        8       0
                text56                              65D      65D       85        8       0
                text55                              398      398       CB        8       0
                text54                              E50      E50       44     1CA0       0
                text53                              F2C      F2C       67     1E58       0
                text52                              EDA      EDA       52     1DB4       0
                text51                              98B      98B        5     1316       0
                text50                              A6A      A6A       10     14D4       0
                text49                              D68      D68       33     1AD0       0
                text48                              9E6      9E6        8     13CC       0
                text47                              A14      A14        D     1428       0
                text46                              A08      A08        C     1410       0
                text45                              B8D      B8D       1A     171A       0
                text44                              5C5      5C5       98        8       0
                text43                              A3D      A3D        F     147A       0
                text42                              A9C      A9C       12     1538       0
                text41                              9FF      9FF        9     13FE       0
                text40                              463      463       C7        8       0
                text39                              990      990        5     1320       0
                text38                              96E      96E        3     12DC       0
                text37                              971      971        3     12E2       0
                text36                               5C       5C      224        8       0
                text35                              6E2      6E2       81        8       0
                text34                              9CA      9CA        7     1394       0
                text33                              9D1      9D1        7     13A2       0
                text32                              DD4      DD4       3D     1BA8       0
                text31                              763      763       71        8       0
                text30                              7FF      7FF        1        8       0
                text29                              CE8      CE8       28     19D0       0
                text28                              9D8      9D8        7     13B0       0
                text27                              52A      52A       9B        8       0
                text26                              B5A      B5A       19     16B4       0
                text25                              9DF      9DF        7     13BE       0
                text24                              BFC      BFC       1E     17F8       0
                text23                              CC1      CC1       27     1982       0
                text22                              995      995        5     132A       0
                text21                              983      983        4     1306       0
                text20                                2        2        2        0       0
                text19                              C39      C39       1F     1872       0
                text18                              99A      99A        6     1334       0
                text17                              9A0      9A0        6     1340       0
                text16                              9A6      9A6        6     134C       0
                text15                              9AC      9AC        6     1358       0
                text14                              9B2      9B2        6     1364       0
                text13                              E11      E11       3F     1C22       0
                text12                              D3A      D3A       2E     1A74       0
                text11                              A8B      A8B       11     1516       0
                text10                              AAE      AAE       13     155C       0
                text9                               AC1      AC1       13     1582       0
                text8                               AFC      AFC       16     15F8       0
                text7                               A4C      A4C        F     1498       0
                text6                               A21      A21        D     1442       0
                text5                               9B8      9B8        6     1370       0
                text4                               BA7      BA7       1A     174E       0
                text3                               9EE      9EE        8     13DC       0
                text2                               987      987        4     130E       0
                text1                               AD4      AD4       13     15A8       0
                maintext                            E94      E94       46     1D28       0
                cstackBANK0                          20       20       2A       20       1
                cstackCOMMON                         70       70        C       70       1
                clrtext                             9BE      9BE        6     137C       0
                inittext                            9C4      9C4        6     1388       0
                dataBANK1                            B8       B8        F       A0       1
                bssBANK1                             A0       A0       18       A0       1
                dataBANK0                            6D       6D        3       20       1
                bssBANK0                             4A       4A       20       20       1
                bssCOMMON                            7C       7C        1       70       1
                nvBANK1                              C7       C7        8       A0       1
                nvBANK0                              6A       6A        3       20       1
                stringtext3                        1000     1000       12     2000       0
                stringtext2                        1017     1017        2     2000       0
                stringtext1                        1012     1012        5     2000       0
                idataBANK1                          A5B      A5B        F     14B6       0
                idataBANK0                          974      974        3     12E8       0

TOTAL           Name                               Link     Load   Length     Space
        CLASS   STACK          

        CLASS   CODE           
                end_init                             2D       2D        2         0
                cinit                                2F       2F       2D         0
                intentry                              4        4       29         0
                reset_vec                             0        0        2         0
                text80                              B73      B73       1A         0
                text79                              977      977        4         0
                text78                              96D      96D        1         0
                text77                              97B      97B        4         0
                text76                              D9B      D9B       39         0
                text75                              C78      C78       22         0
                text73                              D10      D10       2A         0
                text72                              97F      97F        4         0
                text71                              9F6      9F6        9         0
                text70                              BC1      BC1       1D         0
                text69                              B29      B29       18         0
                text68                              AE7      AE7       15         0
                text67                              B12      B12       17         0
                text66                              A2E      A2E        F         0
                text65                              C58      C58       20         0
                text64                              BDE      BDE       1E         0
                text63                              C1A      C1A       1F         0
                text62                              280      280      118         0
                text61                              B41      B41       19         0
                text60                              F93      F93       6D         0
                text59                              A7A      A7A       11         0
                text58                              C9A      C9A       27         0
                text57                              7D4      7D4       2B         0
                text56                              65D      65D       85         0
                text55                              398      398       CB         0
                text54                              E50      E50       44         0
                text53                              F2C      F2C       67         0
                text52                              EDA      EDA       52         0
                text51                              98B      98B        5         0
                text50                              A6A      A6A       10         0
                text49                              D68      D68       33         0
                text48                              9E6      9E6        8         0
                text47                              A14      A14        D         0
                text46                              A08      A08        C         0
                text45                              B8D      B8D       1A         0
                text44                              5C5      5C5       98         0
                text43                              A3D      A3D        F         0
                text42                              A9C      A9C       12         0
                text41                              9FF      9FF        9         0
                text40                              463      463       C7         0
                text39                              990      990        5         0
                text38                              96E      96E        3         0
                text37                              971      971        3         0
                text36                               5C       5C      224         0
                text35                              6E2      6E2       81         0
                text34                              9CA      9CA        7         0
                text33                              9D1      9D1        7         0
                text32                              DD4      DD4       3D         0
                text31                              763      763       71         0
                text30                              7FF      7FF        1         0
                text29                              CE8      CE8       28         0
                text28                              9D8      9D8        7         0
                text27                              52A      52A       9B         0
                text26                              B5A      B5A       19         0
                text25                              9DF      9DF        7         0
                text24                              BFC      BFC       1E         0
                text23                              CC1      CC1       27         0
                text22                              995      995        5         0
                text21                              983      983        4         0
                text20                                2        2        2         0
                text19                              C39      C39       1F         0
                text18                              99A      99A        6         0
                text17                              9A0      9A0        6         0
                text16                              9A6      9A6        6         0
                text15                              9AC      9AC        6         0
                text14                              9B2      9B2        6         0
                text13                              E11      E11       3F         0
                text12                              D3A      D3A       2E         0
                text11                              A8B      A8B       11         0
                text10                              AAE      AAE       13         0
                text9                               AC1      AC1       13         0
                text8                               AFC      AFC       16         0
                text7                               A4C      A4C        F         0
                text6                               A21      A21        D         0
                text5                               9B8      9B8        6         0
                text4                               BA7      BA7       1A         0
                text3                               9EE      9EE        8         0
                text2                               987      987        4         0
                text1                               AD4      AD4       13         0
                maintext                            E94      E94       46         0
                clrtext                             9BE      9BE        6         0
                inittext                            9C4      9C4        6         0
                idataBANK1                          A5B      A5B        F         0
                idataBANK0                          974      974        3         0

        CLASS   STRCODE        
                stringtext3                        1000     1000       12         0
                stringtext2                        1017     1017        2         0
                stringtext1                        1012     1012        5         0

        CLASS   STRING         

        CLASS   CONST          

        CLASS   ENTRY          

        CLASS   COMMON         
                cstackCOMMON                         70       70        C         1
                bssCOMMON                            7C       7C        1         1

        CLASS   BANK0          
                cstackBANK0                          20       20       2A         1
                dataBANK0                            6D       6D        3         1
                bssBANK0                             4A       4A       20         1
                nvBANK0                              6A       6A        3         1

        CLASS   BANK1          
                dataBANK1                            B8       B8        F         1
                bssBANK1                             A0       A0       18         1
                nvBANK1                              C7       C7        8         1

        CLASS   BANK2          

        CLASS   BANK3          

        CLASS   BANK4          

        CLASS   BANK5          

        CLASS   BANK6          

        CLASS   BIGRAM         

        CLASS   RAM            

        CLASS   ABS1           
                abs_s1                               7E       7E        2         1

        CLASS   SFR0           

        CLASS   SFR1           

        CLASS   SFR2           

        CLASS   SFR3           

        CLASS   SFR4           

        CLASS   SFR5           

        CLASS   SFR6           

        CLASS   SFR7           

        CLASS   SFR8           

        CLASS   SFR9           

        CLASS   SFR10          

        CLASS   SFR11          

        CLASS   SFR12          

        CLASS   SFR13          

        CLASS   SFR14          

        CLASS   SFR15          

        CLASS   SFR16          

        CLASS   SFR17          

        CLASS   SFR18          

        CLASS   SFR19          

        CLASS   SFR20          

        CLASS   SFR21          

        CLASS   SFR22          

        CLASS   SFR23          

        CLASS   SFR24          

        CLASS   SFR25          

        CLASS   SFR26          

        CLASS   SFR27          

        CLASS   SFR28          

        CLASS   SFR29          

        CLASS   SFR30          

        CLASS   SFR31          

        CLASS   CONFIG         
                config                             8007     8007        2         0

        CLASS   IDLOC          

        CLASS   BANK31         

        CLASS   BANK30         

        CLASS   BANK29         

        CLASS   BANK28         

        CLASS   BANK27         

        CLASS   BANK26         

        CLASS   BANK25         

        CLASS   BANK24         

        CLASS   BANK23         

        CLASS   BANK22         

        CLASS   BANK21         

        CLASS   BANK20         

        CLASS   BANK19         

        CLASS   BANK18         

        CLASS   BANK17         

        CLASS   BANK16         

        CLASS   BANK15         

        CLASS   BANK14         

        CLASS   BANK13         

        CLASS   BANK12         

        CLASS   BANK11         

        CLASS   BANK10         

        CLASS   BANK9          

        CLASS   BANK8          

        CLASS   BANK7          

        CLASS   EEDATA         



SEGMENTS        Name                           Load    Length   Top    Selector   Space  Class     Delta

                reset_vec                      000000  000004  000004         0       0  CODE        2
                intentry                       000004  0007FC  000800         8       0  CODE        2
                cstackBANK0                    000020  000050  000070        20       1  BANK0       1
                cstackCOMMON                   000070  00000D  00007D        70       1  COMMON      1
                bssBANK1                       0000A0  00002F  0000CF        A0       1  BANK1       1
                text78                         00096D  000001  00096E      12DA       0  CODE        2
                text38                         00096E  000003  000971      12DC       0  CODE        2
                text37                         000971  000003  000974      12E2       0  CODE        2
                idataBANK0                     000974  000003  000977      12E8       0  CODE        2
                text79                         000977  000004  00097B      12EE       0  CODE        2
                text77                         00097B  000004  00097F      12F6       0  CODE        2
                text72                         00097F  000004  000983      12FE       0  CODE        2
                text21                         000983  000004  000987      1306       0  CODE        2
                text2                          000987  000004  00098B      130E       0  CODE        2
                text51                         00098B  000005  000990      1316       0  CODE        2
                text39                         000990  000005  000995      1320       0  CODE        2
                text22                         000995  000005  00099A      132A       0  CODE        2
                text18                         00099A  000006  0009A0      1334       0  CODE        2
                text17                         0009A0  000006  0009A6      1340       0  CODE        2
                text16                         0009A6  000006  0009AC      134C       0  CODE        2
                text15                         0009AC  000006  0009B2      1358       0  CODE        2
                text14                         0009B2  000006  0009B8      1364       0  CODE        2
                text5                          0009B8  000006  0009BE      1370       0  CODE        2
                clrtext                        0009BE  000006  0009C4      137C       0  CODE        2
                inittext                       0009C4  000006  0009CA      1388       0  CODE        2
                text34                         0009CA  000007  0009D1      1394       0  CODE        2
                text33                         0009D1  000007  0009D8      13A2       0  CODE        2
                text28                         0009D8  000007  0009DF      13B0       0  CODE        2
                text25                         0009DF  000007  0009E6      13BE       0  CODE        2
                text48                         0009E6  000008  0009EE      13CC       0  CODE        2
                text3                          0009EE  000008  0009F6      13DC       0  CODE        2
                text71                         0009F6  000009  0009FF      13EC       0  CODE        2
                text41                         0009FF  000009  000A08      13FE       0  CODE        2
                text46                         000A08  00000C  000A14      1410       0  CODE        2
                text47                         000A14  00000D  000A21      1428       0  CODE        2
                text6                          000A21  00000D  000A2E      1442       0  CODE        2
                text66                         000A2E  00000F  000A3D      145C       0  CODE        2
                text43                         000A3D  00000F  000A4C      147A       0  CODE        2
                text7                          000A4C  00000F  000A5B      1498       0  CODE        2
                idataBANK1                     000A5B  00000F  000A6A      14B6       0  CODE        2
                text50                         000A6A  000010  000A7A      14D4       0  CODE        2
                text59                         000A7A  000011  000A8B      14F4       0  CODE        2
                text11                         000A8B  000011  000A9C      1516       0  CODE        2
                text42                         000A9C  000012  000AAE      1538       0  CODE        2
                text10                         000AAE  000013  000AC1      155C       0  CODE        2
                text9                          000AC1  000013  000AD4      1582       0  CODE        2
                text1                          000AD4  000013  000AE7      15A8       0  CODE        2
                text68                         000AE7  000015  000AFC      15CE       0  CODE        2
                text8                          000AFC  000016  000B12      15F8       0  CODE        2
                text67                         000B12  000017  000B29      1624       0  CODE        2
                text69                         000B29  000018  000B41      1652       0  CODE        2
                text61                         000B41  000019  000B5A      1682       0  CODE        2
                text26                         000B5A  000019  000B73      16B4       0  CODE        2
                text80                         000B73  00001A  000B8D      16E6       0  CODE        2
                text45                         000B8D  00001A  000BA7      171A       0  CODE        2
                text4                          000BA7  00001A  000BC1      174E       0  CODE        2
                text70                         000BC1  00001D  000BDE      1782       0  CODE        2
                text64                         000BDE  00001E  000BFC      17BC       0  CODE        2
                text24                         000BFC  00001E  000C1A      17F8       0  CODE        2
                text63                         000C1A  00001F  000C39      1834       0  CODE        2
                text19                         000C39  00001F  000C58      1872       0  CODE        2
                text65                         000C58  000020  000C78      18B0       0  CODE        2
                text75                         000C78  000022  000C9A      18F0       0  CODE        2
                text58                         000C9A  000027  000CC1      1934       0  CODE        2
                text23                         000CC1  000027  000CE8      1982       0  CODE        2
                text29                         000CE8  000028  000D10      19D0       0  CODE        2
                text73                         000D10  00002A  000D3A      1A20       0  CODE        2
                text12                         000D3A  00002E  000D68      1A74       0  CODE        2
                text49                         000D68  000033  000D9B      1AD0       0  CODE        2
                text76                         000D9B  000039  000DD4      1B36       0  CODE        2
                text32                         000DD4  00003D  000E11      1BA8       0  CODE        2
                text13                         000E11  00003F  000E50      1C22       0  CODE        2
                text54                         000E50  000044  000E94      1CA0       0  CODE        2
                maintext                       000E94  000046  000EDA      1D28       0  CODE        2
                text52                         000EDA  000052  000F2C      1DB4       0  CODE        2
                text53                         000F2C  000067  000F93      1E58       0  CODE        2
                text60                         000F93  00006D  001000      1F26       0  CODE        2
                stringtext3                    001000  000019  001019      2000       0  STRCODE     2
                config                         008007  000002  008009     1000E       0  CONFIG      2


UNUSED ADDRESS RANGES

        Name                Unused          Largest block    Delta
        BANK1            000CF-000EF              21           1
        BANK2            00120-0016F              50           1
        BANK3            001A0-001EF              50           1
        BANK4            00220-0026F              50           1
        BANK5            002A0-002EF              50           1
        BANK6            00320-0032F              10           1
        BIGRAM           02000-021EF             1F0           1
        CODE             00800-0096C             16D           2
                         01019-01FFF             7E7
        COMMON           0007D-0007D               1           1
        CONST            00800-0096C             100           2
                         01019-01FFF             100
        ENTRY            00800-0096C             100           2
                         01019-01FFF             100
        IDLOC            08000-08003               4           2
        RAM              000CF-000EF              21           1
                         00120-0016F              50
                         001A0-001EF              50
                         00220-0026F              50
                         002A0-002EF              50
                         00320-0032F              10
        SFR0             00000-0001F              20           1
        SFR1             00080-0009F              20           1
        SFR10            00500-0056F              70           1
        SFR11            00580-005EF              70           1
        SFR12            00600-0066F              70           1
        SFR13            00680-006EF              70           1
        SFR14            00700-0076F              70           1
        SFR15            00780-007EF              70           1
        SFR16            00800-0086F              70           1
        SFR17            00880-008EF              70           1
        SFR18            00900-0096F              70           1
        SFR19            00980-009EF              70           1
        SFR2             00100-0011F              20           1
        SFR20            00A00-00A6F              70           1
        SFR21            00A80-00AEF              70           1
        SFR22            00B00-00B6F              70           1
        SFR23            00B80-00BEF              70           1
        SFR24            00C00-00C6F              70           1
        SFR25            00C80-00CEF              70           1
        SFR26            00D00-00D6F              70           1
        SFR27            00D80-00DEF              70           1
        SFR28            00E00-00E6F              70           1
        SFR29            00E80-00EEF              70           1
        SFR3             00180-0019F              20           1
        SFR30            00F00-00F6F              70           1
        SFR31            00F80-00FEF              70           1
        SFR4             00200-0021F              20           1
        SFR5             00280-0029F              20           1
        SFR6             00300-0031F              20           1
        SFR7             00380-003EF              70           1
        SFR8             00400-0046F              70           1
        SFR9             00480-004EF              70           1
        STACK            0207F-021EF             171           1
        STRCODE          00800-0096C             16D           2
                         01019-01FFF             FE7
        STRING           00800-0096C             100           2
                         01019-01FFF             100

                                  Symbol Table

?_MTOUCH_Proximity_Baseline_Get                       cstackBANK0  00020
?_MTOUCH_Proximity_Reading_Get                        cstackCOMMON 00071
?_MTOUCH_Sensor_RawSample_Get                         cstackCOMMON 00075
?_Proximity_Baseline_Get_helper                       cstackCOMMON 00071
?_abs                                                 cstackCOMMON 00071
EUSART_SetErrorHandler@interruptHandler               cstackCOMMON 00071
EUSART_SetFramingErrorHandler@interruptHandler        cstackCOMMON 00071
EUSART_SetOverrunErrorHandler@interruptHandler        cstackCOMMON 00071
EUSART_SetRxInterruptHandler@interruptHandler         cstackCOMMON 00071
EUSART_SetTxInterruptHandler@interruptHandler         cstackCOMMON 00071
EUSART_Write@txData                                   cstackCOMMON 00072
MTOUCH_Proximity_Baseline_Get@name                    cstackCOMMON 0007A
MTOUCH_Proximity_Initialize@name                      cstackCOMMON 00072
MTOUCH_Proximity_Initialize@prox                      cstackCOMMON 00073
MTOUCH_Proximity_Reading_Get@name                     cstackCOMMON 00076
MTOUCH_Proximity_Threshold_Set@name                   cstackCOMMON 00073
MTOUCH_Proximity_Threshold_Set@threshold              cstackCOMMON 00071
MTOUCH_Proximity_isActivated@name                     cstackCOMMON 00071
MTOUCH_Sensor_Calibrate@sensor                        cstackCOMMON 00076
MTOUCH_Sensor_Enable@sensor                           cstackCOMMON 00076
MTOUCH_Sensor_Initialize@sensor                       cstackCOMMON 00078
MTOUCH_Sensor_InitializeAll@sensor                    cstackCOMMON 0007A
MTOUCH_Sensor_RawSample_Get@name                      cstackCOMMON 00078
MTOUCH_Sensor_SampleAll@group                         cstackBANK0  00047
MTOUCH_Sensor_Sampled_ResetAll@sensor                 cstackCOMMON 00073
MTOUCH_Sensor_isCalibrated@sensor                     cstackCOMMON 00076
MTOUCH_Sensor_wasSampled@sensor                       cstackCOMMON 00076
Proximity_Baseline_Get_helper@name                    cstackCOMMON 00079
Proximity_Baseline_Initialize@prox                    cstackCOMMON 00079
Proximity_Baseline_Update@prox                        cstackCOMMON 00075
Proximity_Deviation_Update@deviation                  cstackBANK0  0002F
Proximity_Deviation_Update@name                       cstackBANK0  00033
Proximity_Reading_Update@prox                         cstackCOMMON 0007A
Proximity_Reading_Update_Helper@prox                  cstackCOMMON 00079
Proximity_Service@name                                cstackBANK0  00034
Proximity_Service@prox                                cstackBANK0  00035
Proximity_State_Activated@prox                        cstackBANK0  00025
Proximity_State_Initializing@prox                     cstackBANK0  00025
Proximity_State_NotActivated@deviation                cstackBANK0  0002D
Proximity_State_NotActivated@prox                     cstackBANK0  00025
Proximity_Tick_helper@prox                            cstackCOMMON 00073
Sensor_Acq_ExecutePacket@AD1CON2_temp                 cstackBANK0  00022
Sensor_Acq_ExecutePacket@AD2CON2_temp                 cstackBANK0  00023
Sensor_Acq_ExecutePacket@ADCOMCON_temp                cstackBANK0  00021
Sensor_Acq_ExecutePacket@ADxIF_flag                   cstackBANK0  00026
Sensor_Acq_ExecutePacket@activeSensor                 cstackBANK0  00027
Sensor_Acq_ExecutePacket@last_a                       cstackBANK0  00028
Sensor_Acq_ExecutePacket@last_b                       cstackBANK0  0002A
Sensor_Acq_ExecutePacket@packet_counter               cstackBANK0  0002C
Sensor_Acq_ExecutePacket@sensor1ForceEnabled          cstackBANK0  00024
Sensor_Acq_ExecutePacket@sensor2ForceEnabled          cstackBANK0  00025
Sensor_Acq_ExecutePacket@sensor_adc1                  cstackBANK0  0002D
Sensor_Acq_ExecutePacket@sensor_adc2                  cstackCOMMON 0007B
Sensor_Acquisition@retry                              cstackBANK0  0003D
Sensor_Acquisition@sensor_adc1                        cstackBANK0  0003E
Sensor_Acquisition@sensor_adc2                        cstackBANK0  0003B
Sensor_DefaultCallback@sensor                         cstackCOMMON 00071
Sensor_RawSample_Update@adcIndex                      cstackCOMMON 00076
Sensor_RawSample_Update@sensor                        cstackCOMMON 00077
Sensor_Sampled_Reset@sensor                           cstackCOMMON 00071
Sensor_Scanfrequency_Evaluation@best_packet_sample    cstackBANK0  00036
Sensor_Scanfrequency_Evaluation@best_sample_period    cstackBANK0  00034
Sensor_Scanfrequency_Evaluation@frequency_hop         stringtext1  01012
Sensor_Scanfrequency_Evaluation@i                     cstackBANK0  0003A
Sensor_Scanfrequency_Evaluation@packet_noise_Max      cstackBANK0  00032
Sensor_Scanfrequency_Evaluation@retry                 cstackBANK0  00035
Sensor_Scanfrequency_Evaluation@sensor_adc1           cstackBANK0  00031
Sensor_Scanfrequency_Evaluation@sensor_adc2           cstackBANK0  0002E
Sensor_Service@error                                  cstackBANK0  00043
Sensor_Service@scanGroup                              cstackBANK0  00042
Sensor_Service@sensor_adc1                            cstackBANK0  00044
Sensor_Service@sensor_adc2                            cstackBANK0  00045
Sensor_autoCalibration@adcIndex                       cstackCOMMON 00079
Sensor_autoCalibration@sensor                         cstackCOMMON 0007A
Sensor_getScanGroupIndex@sensor                       cstackCOMMON 00073
Sensor_getScanGroupIndex@sensorGroup                  cstackCOMMON 00074
Sensor_isActive@sensor                                cstackCOMMON 00071
Sensor_isCalibrated@sensor                            cstackCOMMON 00071
Sensor_isCalibratingAcqTime@sensor                    cstackCOMMON 00071
Sensor_isEnabled@sensor                               cstackCOMMON 00072
Sensor_loadADCSettings@adc_index                      cstackCOMMON 00072
Sensor_loadADCSettings@addressOffset                  cstackCOMMON 00078
Sensor_loadADCSettings@sensor                         cstackCOMMON 00079
Sensor_postAcquisitionProcess@adcIndex                cstackCOMMON 00078
Sensor_postAcquisitionProcess@deviation               cstackCOMMON 00076
Sensor_postAcquisitionProcess@sensor                  cstackCOMMON 00079
Sensor_setActive@sensor                               cstackCOMMON 00071
Sensor_setCalibratAcqTime@sensor                      cstackCOMMON 00071
Sensor_setCalibrated@sensor                           cstackCOMMON 00071
Sensor_setInactive@sensor                             cstackCOMMON 00071
Sensor_setSampled@sensor                              cstackCOMMON 00071
TMR2_LoadPeriodRegister@periodVal                     cstackCOMMON 00071
_AAD1CAP                                              (abs)        00719
_AAD1CON2                                             (abs)        00713
_AAD1CON3                                             (abs)        00714
_AAD1GRD                                              (abs)        00718
_AAD1RES0                                             (abs)        0071A
_AAD2CON3                                             (abs)        00794
_AAD2GRD                                              (abs)        00798
_AAD2RES0                                             (abs)        0079A
_AD1ACQCON                                            (abs)        00717
_AD1CON0                                              (abs)        00711
_AD1CON0bits                                          (abs)        00711
_AD1CON2                                              (abs)        00713
_AD1CON3                                              (abs)        00714
_AD1PRECON                                            (abs)        00716
_AD2ACQCON                                            (abs)        00797
_AD2CON0                                              (abs)        00791
_AD2CON0bits                                          (abs)        00791
_AD2CON2                                              (abs)        00793
_AD2CON3                                              (abs)        00794
_AD2PRECON                                            (abs)        00796
_ADCOMCON                                             (abs)        00712
_ANSELA                                               (abs)        0018C
_ANSELB                                               (abs)        0018D
_ANSELC                                               (abs)        0018E
_APFCON                                               (abs)        0011D
_APFCONbits                                           (abs)        0011D
_BAUDCON                                              (abs)        0019F
_BORCON                                               (abs)        00116
_EUSART_DefaultErrorHandler                           text79       00977
_EUSART_DefaultFramingErrorHandler                    text78       0096D
_EUSART_DefaultOverrunErrorHandler                    text77       0097B
_EUSART_ErrorHandler                                  nvBANK1      000C7
_EUSART_FramingErrorHandler                           nvBANK1      000CB
_EUSART_Initialize                                    text13       00E11
_EUSART_OverrunErrorHandler                           nvBANK1      000C9
_EUSART_Receive_ISR                                   text76       00D9B
_EUSART_RxDataHandler                                 text80       00B73
_EUSART_RxDefaultInterruptHandler                     nvBANK1      000CD
_EUSART_SetErrorHandler                               text18       0099A
_EUSART_SetFramingErrorHandler                        text17       009A0
_EUSART_SetOverrunErrorHandler                        text16       009A6
_EUSART_SetRxInterruptHandler                         text15       009AC
_EUSART_SetTxInterruptHandler                         text14       009B2
_EUSART_Transmit_ISR                                  text75       00C78
_EUSART_TxDefaultInterruptHandler                     nvBANK0      0006A
_EUSART_Write                                         text73       00D10
_EUSART_is_tx_done                                    text72       0097F
_EUSART_is_tx_ready                                   text71       009F6
_GIE                                                  (abs)        0005F
_INTCONbits                                           (abs)        0000B
_INTERRUPT_InterruptManager                           intentry     00004
_LATA                                                 (abs)        0010C
_LATAbits                                             (abs)        0010C
_LATB                                                 (abs)        0010D
_LATC                                                 (abs)        0010E
_LATCbits                                             (abs)        0010E
_MTOUCH_Initialize                                    text6        00A21
_MTOUCH_Proximity_Baseline_Get                        text64       00BDE
_MTOUCH_Proximity_Initialize                          text58       00C9A
_MTOUCH_Proximity_InitializeAll                       text11       00A8B
_MTOUCH_Proximity_Reading_Get                         text63       00C1A
_MTOUCH_Proximity_ServiceAll                          text51       0098B
_MTOUCH_Proximity_Threshold_Set                       text70       00BC1
_MTOUCH_Proximity_Tick                                text22       00995
_MTOUCH_Proximity_isActivated                         text69       00B29
_MTOUCH_Sensor_Calibrate                              text10       00AAE
_MTOUCH_Sensor_Enable                                 text9        00AC1
_MTOUCH_Sensor_Initialize                             text8        00AFC
_MTOUCH_Sensor_InitializeAll                          text7        00A4C
_MTOUCH_Sensor_RawSample_Get                          text61       00B41
_MTOUCH_Sensor_SampleAll                              text26       00B5A
_MTOUCH_Sensor_Sampled_ResetAll                       text24       00BFC
_MTOUCH_Sensor_Scan_Initialize                        text50       00A6A
_MTOUCH_Sensor_isCalibrated                           text67       00B12
_MTOUCH_Sensor_wasSampled                             text66       00A2E
_MTOUCH_Service_Mainloop                              text19       00C39
_MTOUCH_Tick                                          text21       00983
_MTOUCH_needReburst                                   text20       00002
_OPTION_REGbits                                       (abs)        00095
_OSCCON                                               (abs)        00099
_OSCILLATOR_Initialize                                text5        009B8
_PIE1bits                                             (abs)        00091
_PIN_MANAGER_Initialize                               text4        00BA7
_PIR1bits                                             (abs)        00011
_PIR2bits                                             (abs)        00012
_PR2                                                  (abs)        0001B
_Proximity_Baseline_Get_helper                        text65       00C58
_Proximity_Baseline_Initialize                        text57       007D4
_Proximity_Baseline_Update                            text56       0065D
_Proximity_Deviation_Update                           text62       00280
_Proximity_Reading_Update                             text59       00A7A
_Proximity_Reading_Update_Helper                      text60       00F93
_Proximity_Service                                    text52       00EDA
_Proximity_StateMachine                               dataBANK1    000B8
_Proximity_State_Activated                            text53       00F2C
_Proximity_State_Initializing                         text54       00E50
_Proximity_State_NotActivated                         text55       00398
_Proximity_Tick_helper                                text23       00CC1
_RCREG                                                (abs)        00199
_RCSTA                                                (abs)        0019D
_RCSTAbits                                            (abs)        0019D
_SPBRGH                                               (abs)        0019C
_SPBRGL                                               (abs)        0019B
_SYSTEM_Initialize                                    text1        00AD4
_Sensor_Acq_ExecutePacket                             text36       0005C
_Sensor_Acquisition                                   text31       00763
_Sensor_DefaultCallback                               text30       007FF
_Sensor_RawSample_Update                              text29       00CE8
_Sensor_Sampled_Reset                                 text25       009DF
_Sensor_Scanfrequency_Evaluation                      text35       006E2
_Sensor_Service                                       text27       0052A
_Sensor_autoCalibration                               text44       005C5
_Sensor_getScanGroupIndex                             text49       00D68
_Sensor_isActive                                      text43       00A3D
_Sensor_isCalibrated                                  text41       009FF
_Sensor_isCalibratingAcqTime                          text48       009E6
_Sensor_isEnabled                                     text42       00A9C
_Sensor_loadADCSettings                               text40       00463
_Sensor_loadADCSettings$507                           cstackCOMMON 00076
_Sensor_postAcquisitionProcess                        text32       00DD4
_Sensor_setActive                                     text34       009CA
_Sensor_setCalibratAcqTime                            text47       00A14
_Sensor_setCalibrated                                 text46       00A08
_Sensor_setInactive                                   text33       009D1
_Sensor_setSampled                                    text28       009D8
_T2CON                                                (abs)        0001C
_T2CONbits                                            (abs)        0001C
_TMR2                                                 (abs)        0001A
_TMR2_Initialize                                      text3        009EE
_TMR2_LoadPeriodRegister                              text39       00990
_TMR2_StartTimer                                      text38       0096E
_TMR2_StopTimer                                       text37       00971
_TRISA                                                (abs)        0008C
_TRISB                                                (abs)        0008D
_TRISC                                                (abs)        0008E
_TXREG                                                (abs)        0019A
_TXSTA                                                (abs)        0019E
_TXSTAbits                                            (abs)        0019E
_WDTCON                                               (abs)        00097
_WDT_Initialize                                       text2        00987
_WPUA                                                 (abs)        0020C
_WPUB                                                 (abs)        0020D
__CFG_BOREN$NSLEEP                                    (abs)        00000
__CFG_BORV$LO                                         (abs)        00000
__CFG_CLKOUTEN$OFF                                    (abs)        00000
__CFG_CP$OFF                                          (abs)        00000
__CFG_FOSC$INTOSC                                     (abs)        00000
__CFG_LPBOR$OFF                                       (abs)        00000
__CFG_LVP$ON                                          (abs)        00000
__CFG_MCLRE$ON                                        (abs)        00000
__CFG_PWRTE$OFF                                       (abs)        00000
__CFG_STVREN$ON                                       (abs)        00000
__CFG_WDTE$OFF                                        (abs)        00000
__CFG_WRT$OFF                                         (abs)        00000
__Habs1                                               abs1         00000
__Hbank0                                              bank0        00000
__Hbank1                                              bank1        00000
__Hbank10                                             bank10       00000
__Hbank11                                             bank11       00000
__Hbank12                                             bank12       00000
__Hbank13                                             bank13       00000
__Hbank14                                             bank14       00000
__Hbank15                                             bank15       00000
__Hbank16                                             bank16       00000
__Hbank17                                             bank17       00000
__Hbank18                                             bank18       00000
__Hbank19                                             bank19       00000
__Hbank2                                              bank2        00000
__Hbank20                                             bank20       00000
__Hbank21                                             bank21       00000
__Hbank22                                             bank22       00000
__Hbank23                                             bank23       00000
__Hbank24                                             bank24       00000
__Hbank25                                             bank25       00000
__Hbank26                                             bank26       00000
__Hbank27                                             bank27       00000
__Hbank28                                             bank28       00000
__Hbank29                                             bank29       00000
__Hbank3                                              bank3        00000
__Hbank30                                             bank30       00000
__Hbank31                                             bank31       00000
__Hbank4                                              bank4        00000
__Hbank5                                              bank5        00000
__Hbank6                                              bank6        00000
__Hbank7                                              bank7        00000
__Hbank8                                              bank8        00000
__Hbank9                                              bank9        00000
__Hbigram                                             bigram       00000
__HbssBANK0                                           bssBANK0     00000
__HbssBANK1                                           bssBANK1     00000
__HbssCOMMON                                          bssCOMMON    00000
__Hcinit                                              cinit        0005C
__Hclrtext                                            clrtext      00000
__Hcode                                               code         00000
__Hcommon                                             common       00000
__Hconfig                                             config       08009
__HcstackBANK0                                        cstackBANK0  00000
__HcstackCOMMON                                       cstackCOMMON 00000
__HdataBANK0                                          dataBANK0    00000
__HdataBANK1                                          dataBANK1    00000
__Heeprom_data                                        eeprom_data  00000
__Hend_init                                           end_init     0002F
__Hfunctab                                            functab      00000
__HidataBANK0                                         idataBANK0   00000
__HidataBANK1                                         idataBANK1   00000
__Hidloc                                              idloc        00000
__Hinit                                               init         0002D
__Hinittext                                           inittext     00000
__Hintentry                                           intentry     0002D
__Hmaintext                                           maintext     00000
__HnvBANK0                                            nvBANK0      00000
__HnvBANK1                                            nvBANK1      00000
__Hpowerup                                            powerup      00000
__Hram                                                ram          00000
__Hreset_vec                                          reset_vec    00002
__Hsfr0                                               sfr0         00000
__Hsfr1                                               sfr1         00000
__Hsfr10                                              sfr10        00000
__Hsfr11                                              sfr11        00000
__Hsfr12                                              sfr12        00000
__Hsfr13                                              sfr13        00000
__Hsfr14                                              sfr14        00000
__Hsfr15                                              sfr15        00000
__Hsfr16                                              sfr16        00000
__Hsfr17                                              sfr17        00000
__Hsfr18                                              sfr18        00000
__Hsfr19                                              sfr19        00000
__Hsfr2                                               sfr2         00000
__Hsfr20                                              sfr20        00000
__Hsfr21                                              sfr21        00000
__Hsfr22                                              sfr22        00000
__Hsfr23                                              sfr23        00000
__Hsfr24                                              sfr24        00000
__Hsfr25                                              sfr25        00000
__Hsfr26                                              sfr26        00000
__Hsfr27                                              sfr27        00000
__Hsfr28                                              sfr28        00000
__Hsfr29                                              sfr29        00000
__Hsfr3                                               sfr3         00000
__Hsfr30                                              sfr30        00000
__Hsfr31                                              sfr31        00000
__Hsfr4                                               sfr4         00000
__Hsfr5                                               sfr5         00000
__Hsfr6                                               sfr6         00000
__Hsfr7                                               sfr7         00000
__Hsfr8                                               sfr8         00000
__Hsfr9                                               sfr9         00000
__Hspace_0                                            (abs)        08009
__Hspace_1                                            (abs)        000CF
__Hspace_2                                            (abs)        00000
__Hspace_3                                            (abs)        00000
__Hstack                                              stack        00000
__Hstrings                                            strings      00000
__Hstringtext1                                        stringtext1  00000
__Hstringtext2                                        stringtext2  00000
__Hstringtext3                                        stringtext3  00000
__Htext                                               text         00000
__Labs1                                               abs1         00000
__Lbank0                                              bank0        00000
__Lbank1                                              bank1        00000
__Lbank10                                             bank10       00000
__Lbank11                                             bank11       00000
__Lbank12                                             bank12       00000
__Lbank13                                             bank13       00000
__Lbank14                                             bank14       00000
__Lbank15                                             bank15       00000
__Lbank16                                             bank16       00000
__Lbank17                                             bank17       00000
__Lbank18                                             bank18       00000
__Lbank19                                             bank19       00000
__Lbank2                                              bank2        00000
__Lbank20                                             bank20       00000
__Lbank21                                             bank21       00000
__Lbank22                                             bank22       00000
__Lbank23                                             bank23       00000
__Lbank24                                             bank24       00000
__Lbank25                                             bank25       00000
__Lbank26                                             bank26       00000
__Lbank27                                             bank27       00000
__Lbank28                                             bank28       00000
__Lbank29                                             bank29       00000
__Lbank3                                              bank3        00000
__Lbank30                                             bank30       00000
__Lbank31                                             bank31       00000
__Lbank4                                              bank4        00000
__Lbank5                                              bank5        00000
__Lbank6                                              bank6        00000
__Lbank7                                              bank7        00000
__Lbank8                                              bank8        00000
__Lbank9                                              bank9        00000
__Lbigram                                             bigram       00000
__LbssBANK0                                           bssBANK0     00000
__LbssBANK1                                           bssBANK1     00000
__LbssCOMMON                                          bssCOMMON    00000
__Lcinit                                              cinit        0002F
__Lclrtext                                            clrtext      00000
__Lcode                                               code         00000
__Lcommon                                             common       00000
__Lconfig                                             config       08007
__LcstackBANK0                                        cstackBANK0  00000
__LcstackCOMMON                                       cstackCOMMON 00000
__LdataBANK0                                          dataBANK0    00000
__LdataBANK1                                          dataBANK1    00000
__Leeprom_data                                        eeprom_data  00000
__Lend_init                                           end_init     0002D
__Lfunctab                                            functab      00000
__LidataBANK0                                         idataBANK0   00000
__LidataBANK1                                         idataBANK1   00000
__Lidloc                                              idloc        00000
__Linit                                               init         0002D
__Linittext                                           inittext     00000
__Lintentry                                           intentry     00004
__Lmaintext                                           maintext     00000
__LnvBANK0                                            nvBANK0      00000
__LnvBANK1                                            nvBANK1      00000
__Lpowerup                                            powerup      00000
__Lram                                                ram          00000
__Lreset_vec                                          reset_vec    00000
__Lsfr0                                               sfr0         00000
__Lsfr1                                               sfr1         00000
__Lsfr10                                              sfr10        00000
__Lsfr11                                              sfr11        00000
__Lsfr12                                              sfr12        00000
__Lsfr13                                              sfr13        00000
__Lsfr14                                              sfr14        00000
__Lsfr15                                              sfr15        00000
__Lsfr16                                              sfr16        00000
__Lsfr17                                              sfr17        00000
__Lsfr18                                              sfr18        00000
__Lsfr19                                              sfr19        00000
__Lsfr2                                               sfr2         00000
__Lsfr20                                              sfr20        00000
__Lsfr21                                              sfr21        00000
__Lsfr22                                              sfr22        00000
__Lsfr23                                              sfr23        00000
__Lsfr24                                              sfr24        00000
__Lsfr25                                              sfr25        00000
__Lsfr26                                              sfr26        00000
__Lsfr27                                              sfr27        00000
__Lsfr28                                              sfr28        00000
__Lsfr29                                              sfr29        00000
__Lsfr3                                               sfr3         00000
__Lsfr30                                              sfr30        00000
__Lsfr31                                              sfr31        00000
__Lsfr4                                               sfr4         00000
__Lsfr5                                               sfr5         00000
__Lsfr6                                               sfr6         00000
__Lsfr7                                               sfr7         00000
__Lsfr8                                               sfr8         00000
__Lsfr9                                               sfr9         00000
__Lspace_0                                            (abs)        00000
__Lspace_1                                            (abs)        00000
__Lspace_2                                            (abs)        00000
__Lspace_3                                            (abs)        00000
__Lstack                                              stack        00000
__Lstrings                                            strings      00000
__Lstringtext1                                        stringtext1  00000
__Lstringtext2                                        stringtext2  00000
__Lstringtext3                                        stringtext3  00000
__Ltext                                               text         00000
__S0                                                  (abs)        08009
__S1                                                  (abs)        000CF
__S2                                                  (abs)        00000
___bmul                                               text68       00AE7
___bmul@multiplicand                                  cstackCOMMON 00071
___bmul@multiplier                                    cstackCOMMON 00074
___bmul@product                                       cstackCOMMON 00073
___int_sp                                             stack        00000
___latbits                                            (abs)        00002
___sp                                                 stack        00000
___stackhi                                            (abs)        021EF
___stacklo                                            (abs)        0207F
__end_ofSensor_Scanfrequency_Evaluation@frequency_hop stringtext1  01017
__end_of_EUSART_DefaultErrorHandler                   text79       0097B
__end_of_EUSART_DefaultFramingErrorHandler            text78       0096E
__end_of_EUSART_DefaultOverrunErrorHandler            text77       0097F
__end_of_EUSART_Initialize                            text13       00E50
__end_of_EUSART_Receive_ISR                           text76       00DD4
__end_of_EUSART_RxDataHandler                         text80       00B8D
__end_of_EUSART_SetErrorHandler                       text18       009A0
__end_of_EUSART_SetFramingErrorHandler                text17       009A6
__end_of_EUSART_SetOverrunErrorHandler                text16       009AC
__end_of_EUSART_SetRxInterruptHandler                 text15       009B2
__end_of_EUSART_SetTxInterruptHandler                 text14       009B8
__end_of_EUSART_Transmit_ISR                          text75       00C9A
__end_of_EUSART_Write                                 text73       00D3A
__end_of_EUSART_is_tx_done                            text72       00983
__end_of_EUSART_is_tx_ready                           text71       009FF
__end_of_INTERRUPT_InterruptManager                   intentry     0002D
__end_of_MTOUCH_Initialize                            text6        00A2E
__end_of_MTOUCH_Proximity_Baseline_Get                text64       00BFC
__end_of_MTOUCH_Proximity_Initialize                  text58       00CC1
__end_of_MTOUCH_Proximity_InitializeAll               text11       00A9C
__end_of_MTOUCH_Proximity_Reading_Get                 text63       00C39
__end_of_MTOUCH_Proximity_ServiceAll                  text51       00990
__end_of_MTOUCH_Proximity_Threshold_Set               text70       00BDE
__end_of_MTOUCH_Proximity_Tick                        text22       0099A
__end_of_MTOUCH_Proximity_isActivated                 text69       00B41
__end_of_MTOUCH_Sensor_Calibrate                      text10       00AC1
__end_of_MTOUCH_Sensor_Enable                         text9        00AD4
__end_of_MTOUCH_Sensor_Initialize                     text8        00B12
__end_of_MTOUCH_Sensor_InitializeAll                  text7        00A5B
__end_of_MTOUCH_Sensor_RawSample_Get                  text61       00B5A
__end_of_MTOUCH_Sensor_SampleAll                      text26       00B73
__end_of_MTOUCH_Sensor_Sampled_ResetAll               text24       00C1A
__end_of_MTOUCH_Sensor_Scan_Initialize                text50       00A7A
__end_of_MTOUCH_Sensor_isCalibrated                   text67       00B29
__end_of_MTOUCH_Sensor_wasSampled                     text66       00A3D
__end_of_MTOUCH_Service_Mainloop                      text19       00C58
__end_of_MTOUCH_Tick                                  text21       00987
__end_of_MTOUCH_needReburst                           text20       00004
__end_of_OSCILLATOR_Initialize                        text5        009BE
__end_of_PIN_MANAGER_Initialize                       text4        00BC1
__end_of_Proximity_Baseline_Get_helper                text65       00C78
__end_of_Proximity_Baseline_Initialize                text57       007FF
__end_of_Proximity_Baseline_Update                    text56       006E2
__end_of_Proximity_Deviation_Update                   text62       00398
__end_of_Proximity_Reading_Update                     text59       00A8B
__end_of_Proximity_Reading_Update_Helper              text60       01000
__end_of_Proximity_Service                            text52       00F2C
__end_of_Proximity_State_Activated                    text53       00F93
__end_of_Proximity_State_Initializing                 text54       00E94
__end_of_Proximity_State_NotActivated                 text55       00463
__end_of_Proximity_Tick_helper                        text23       00CE8
__end_of_SYSTEM_Initialize                            text1        00AE7
__end_of_Sensor_Acq_ExecutePacket                     text36       00280
__end_of_Sensor_Acquisition                           text31       007D4
__end_of_Sensor_DefaultCallback                       text30       00800
__end_of_Sensor_RawSample_Update                      text29       00D10
__end_of_Sensor_Sampled_Reset                         text25       009E6
__end_of_Sensor_Scanfrequency_Evaluation              text35       00763
__end_of_Sensor_Service                               text27       005C5
__end_of_Sensor_autoCalibration                       text44       0065D
__end_of_Sensor_getScanGroupIndex                     text49       00D9B
__end_of_Sensor_isActive                              text43       00A4C
__end_of_Sensor_isCalibrated                          text41       00A08
__end_of_Sensor_isCalibratingAcqTime                  text48       009EE
__end_of_Sensor_isEnabled                             text42       00AAE
__end_of_Sensor_loadADCSettings                       text40       0052A
__end_of_Sensor_postAcquisitionProcess                text32       00E11
__end_of_Sensor_setActive                             text34       009D1
__end_of_Sensor_setCalibratAcqTime                    text47       00A21
__end_of_Sensor_setCalibrated                         text46       00A14
__end_of_Sensor_setInactive                           text33       009D8
__end_of_Sensor_setSampled                            text28       009DF
__end_of_TMR2_Initialize                              text3        009F6
__end_of_TMR2_LoadPeriodRegister                      text39       00995
__end_of_TMR2_StartTimer                              text38       00971
__end_of_TMR2_StopTimer                               text37       00974
__end_of_WDT_Initialize                               text2        0098B
__end_of___bmul                                       text68       00AFC
__end_of__initialization                              cinit        00058
__end_of_abs                                          text45       00BA7
__end_of_main                                         maintext     00EDA
__end_of_memcpy                                       text12       00D68
__end_of_mtouch_proximity_init                        stringtext3  01012
__end_of_sensor_scan_group                            stringtext2  01019
__initialization                                      cinit        0002F
__pbssBANK0                                           bssBANK0     0004A
__pbssBANK1                                           bssBANK1     000A0
__pbssCOMMON                                          bssCOMMON    0007C
__pcstackBANK0                                        cstackBANK0  00020
__pcstackCOMMON                                       cstackCOMMON 00070
__pdataBANK0                                          dataBANK0    0006D
__pdataBANK1                                          dataBANK1    000B8
__pidataBANK0                                         idataBANK0   00974
__pidataBANK1                                         idataBANK1   00A5B
__pintentry                                           intentry     00004
__pmaintext                                           maintext     00E94
__pnvBANK0                                            nvBANK0      0006A
__pnvBANK1                                            nvBANK1      000C7
__pstringtext1                                        stringtext1  01012
__pstringtext2                                        stringtext2  01017
__pstringtext3                                        stringtext3  01000
__ptext1                                              text1        00AD4
__ptext10                                             text10       00AAE
__ptext11                                             text11       00A8B
__ptext12                                             text12       00D3A
__ptext13                                             text13       00E11
__ptext14                                             text14       009B2
__ptext15                                             text15       009AC
__ptext16                                             text16       009A6
__ptext17                                             text17       009A0
__ptext18                                             text18       0099A
__ptext19                                             text19       00C39
__ptext2                                              text2        00987
__ptext20                                             text20       00002
__ptext21                                             text21       00983
__ptext22                                             text22       00995
__ptext23                                             text23       00CC1
__ptext24                                             text24       00BFC
__ptext25                                             text25       009DF
__ptext26                                             text26       00B5A
__ptext27                                             text27       0052A
__ptext28                                             text28       009D8
__ptext29                                             text29       00CE8
__ptext3                                              text3        009EE
__ptext30                                             text30       007FF
__ptext31                                             text31       00763
__ptext32                                             text32       00DD4
__ptext33                                             text33       009D1
__ptext34                                             text34       009CA
__ptext35                                             text35       006E2
__ptext36                                             text36       0005C
__ptext37                                             text37       00971
__ptext38                                             text38       0096E
__ptext39                                             text39       00990
__ptext4                                              text4        00BA7
__ptext40                                             text40       00463
__ptext41                                             text41       009FF
__ptext42                                             text42       00A9C
__ptext43                                             text43       00A3D
__ptext44                                             text44       005C5
__ptext45                                             text45       00B8D
__ptext46                                             text46       00A08
__ptext47                                             text47       00A14
__ptext48                                             text48       009E6
__ptext49                                             text49       00D68
__ptext5                                              text5        009B8
__ptext50                                             text50       00A6A
__ptext51                                             text51       0098B
__ptext52                                             text52       00EDA
__ptext53                                             text53       00F2C
__ptext54                                             text54       00E50
__ptext55                                             text55       00398
__ptext56                                             text56       0065D
__ptext57                                             text57       007D4
__ptext58                                             text58       00C9A
__ptext59                                             text59       00A7A
__ptext6                                              text6        00A21
[...]
 Hardware stack levels required when called:    4
 This function calls:
		Nothing
 This function is called by:
		_MTOUCH_Sensor_Initialize
		_MTOUCH_Sensor_RawSample_Get
		_MTOUCH_Sensor_Enable
		_MTOUCH_Sensor_Calibrate
		_MTOUCH_Sensor_isCalibrated
		_MTOUCH_Sensor_wasSampled
		_MTOUCH_Sensor_isAnySensorActive
		_MTOUCH_Sensor_Disable
		_MTOUCH_Sensor_isEnabled
		_MTOUCH_Sensor_isActive
		_MTOUCH_Sensor_AdditionalCap_Get
		_MTOUCH_Sensor_AcquisitionTime_Get
		_MTOUCH_Sensor_PreChargeTime_Get
		_MTOUCH_Sensor_Oversampling_Get
		_MTOUCH_Sensor_Oversampling_Set
 This function uses a non-reentrant model


 *************** function _MTOUCH_Proximity_isActivated *****************
 Defined at:
		line 318 in file "mcc_generated_files/mtouch/mtouch_proximity.c"
 Parameters:    Size  Location     Type
  name            1    wreg     enum E3067
 Auto vars:     Size  Location     Type
  name            1    1[COMMON] enum E3067
 Return value:  Size  Location     Type
                  1    wreg      _Bool 
 Registers used:
		wreg, fsr1l, fsr1h, status,2, status,0
 Tracked objects:
		On entry : 
		On exit  : 
		Unchanged: 
 Data sizes:     COMMON   BANK0   BANK1   BANK2   BANK3   BANK4   BANK5   BANK6
      Params:         0       0       0       0       0       0       0       0
      Locals:         1       0       0       0       0       0       0       0
      Temps:          0       0       0       0       0       0       0       0
      Totals:         1       0       0       0       0       0       0       0
Total ram usage:        1 bytes
 Hardware stack levels used:    1
 Hardware stack levels required when called:    4
 This function calls:
		Nothing
 This function is called by:
		_main
		_touch_example
		_MTOUCH_Proximity_Proximitymask_Get
 This function uses a non-reentrant model


 *************** function _MTOUCH_Proximity_Threshold_Set *****************
 Defined at:
		line 296 in file "mcc_generated_files/mtouch/mtouch_proximity.c"
 Parameters:    Size  Location     Type
  name            1    wreg     enum E3067
  threshold       1    1[COMMON] unsigned char 
 Auto vars:     Size  Location     Type
  name            1    3[COMMON] enum E3067
 Return value:  Size  Location     Type
                  1    wreg      void 
 Registers used:
		wreg, fsr1l, fsr1h, status,2, status,0
 Tracked objects:
		On entry : 
		On exit  : 
		Unchanged: 
 Data sizes:     COMMON   BANK0   BANK1   BANK2   BANK3   BANK4   BANK5   BANK6
      Params:         1       0       0       0       0       0       0       0
      Locals:         1       0       0       0       0       0       0       0
      Temps:          1       0       0       0       0       0       0       0
      Totals:         3       0       0       0       0       0       0       0
Total ram usage:        3 bytes
 Hardware stack levels used:    1
 Hardware stack levels required when called:    4
 This function calls:
		Nothing
 This function is called by:
		_main
 This function uses a non-reentrant model


 *************** function _EUSART_is_tx_ready *****************
 Defined at:
		line 132 in file "mcc_generated_files/eusart.c"
 Parameters:    Size  Location     Type
		None
 Auto vars:     Size  Location     Type
		None
 Return value:  Size  Location     Type
                  1    wreg      _Bool 
 Registers used:
		wreg, status,2, status,0
 Tracked objects:
		On entry : 
		On exit  : 
		Unchanged: 
 Data sizes:     COMMON   BANK0   BANK1   BANK2   BANK3   BANK4   BANK5   BANK6
      Params:         0       0       0       0       0       0       0       0
      Locals:         0       0       0       0       0       0       0       0
      Temps:          0       0       0       0       0       0       0       0
      Totals:         0       0       0       0       0       0       0       0
Total ram usage:        0 bytes
 Hardware stack levels used:    1
 Hardware stack levels required when called:    4
 This function calls:
		Nothing
 This function is called by:
		_main
 This function uses a non-reentrant model


 *************** function _EUSART_is_tx_done *****************
 Defined at:
		line 142 in file "mcc_generated_files/eusart.c"
 Parameters:    Size  Location     Type
		None
 Auto vars:     Size  Location     Type
		None
 Return value:  Size  Location     Type
                  1    wreg      _Bool 
 Registers used:
		wreg, status,2, status,0
 Tracked objects:
		On entry : 
		On exit  : 
		Unchanged: 
 Data sizes:     COMMON   BANK0   BANK1   BANK2   BANK3   BANK4   BANK5   BANK6
      Params:         0       0       0       0       0       0       0       0
      Locals:         0       0       0       0       0       0       0       0
      Temps:          0       0       0       0       0       0       0       0
      Totals:         0       0       0       0       0       0       0       0
Total ram usage:        0 bytes
 Hardware stack levels used:    1
 Hardware stack levels required when called:    4
 This function calls:
		Nothing
 This function is called by:
		_main
 This function uses a non-reentrant model


 *************** function _EUSART_Write *****************
 Defined at:
		line 173 in file "mcc_generated_files/eusart.c"
 Parameters:    Size  Location     Type
  txData          1    wreg     unsigned char 
 Auto vars:     Size  Location     Type
  txData          1    2[COMMON] unsigned char 
 Return value:  Size  Location     Type
                  1    wreg      void 
 Registers used:
		wreg, fsr1l, fsr1h, status,2, status,0
 Tracked objects:
		On entry : 
		On exit  : 
		Unchanged: 
 Data sizes:     COMMON   BANK0   BANK1   BANK2   BANK3   BANK4   BANK5   BANK6
      Params:         0       0       0       0       0       0       0       0
      Locals:         1       0       0       0       0       0       0       0
      Temps:          1       0       0       0       0       0       0       0
      Totals:         2       0       0       0       0       0       0       0
Total ram usage:        2 bytes
 Hardware stack levels used:    1
 Hardware stack levels required when called:    4
 This function calls:
		Nothing
 This function is called by:
		_main
		_putch
 This function uses a non-reentrant model


 *************** function _INTERRUPT_InterruptManager *****************
 Defined at:
		line 52 in file "mcc_generated_files/interrupt_manager.c"
 Parameters:    Size  Location     Type
		None
 Auto vars:     Size  Location     Type
		None
 Return value:  Size  Location     Type
                  1    wreg      void 
 Registers used:
		wreg, fsr1l, fsr1h, status,2, status,0, pclath, cstack
 Tracked objects:
		On entry : 
		On exit  : 
		Unchanged: 
 Data sizes:     COMMON   BANK0   BANK1   BANK2   BANK3   BANK4   BANK5   BANK6
      Params:         0       0       0       0       0       0       0       0
      Locals:         0       0       0       0       0       0       0       0
      Temps:          0       0       0       0       0       0       0       0
      Totals:         0       0       0       0       0       0       0       0
Total ram usage:        0 bytes
 Hardware stack levels used:    1
 Hardware stack levels required when called:    3
 This function calls:
		Absolute function
		_EUSART_Receive_ISR
		_EUSART_Transmit_ISR
 This function is called by:
		Interrupt level 1
 This function uses a non-reentrant model


 *************** function _EUSART_Transmit_ISR *****************
 Defined at:
		line 206 in file "mcc_generated_files/eusart.c"
 Parameters:    Size  Location     Type
		None
 Auto vars:     Size  Location     Type
		None
 Return value:  Size  Location     Type
                  1    wreg      void 
 Registers used:
		wreg, fsr1l, fsr1h, status,2, status,0
 Tracked objects:
		On entry : 
		On exit  : 
		Unchanged: 
 Data sizes:     COMMON   BANK0   BANK1   BANK2   BANK3   BANK4   BANK5   BANK6
      Params:         0       0       0       0       0       0       0       0
      Locals:         0       0       0       0       0       0       0       0
      Temps:          1       0       0       0       0       0       0       0
      Totals:         1       0       0       0       0       0       0       0
Total ram usage:        1 bytes
 Hardware stack levels used:    1
 This function calls:
		Nothing
 This function is called by:
		_EUSART_Initialize
		_INTERRUPT_InterruptManager
 This function uses a non-reentrant model


 *************** function _EUSART_Receive_ISR *****************
 Defined at:
		line 225 in file "mcc_generated_files/eusart.c"
 Parameters:    Size  Location     Type
		None
 Auto vars:     Size  Location     Type
		None
 Return value:  Size  Location     Type
                  1    wreg      void 
 Registers used:
		wreg, fsr1l, fsr1h, status,2, status,0, pclath, cstack
 Tracked objects:
		On entry : 
		On exit  : 
		Unchanged: 
 Data sizes:     COMMON   BANK0   BANK1   BANK2   BANK3   BANK4   BANK5   BANK6
      Params:         0       0       0       0       0       0       0       0
      Locals:         0       0       0       0       0       0       0       0
      Temps:          0       0       0       0       0       0       0       0
      Totals:         0       0       0       0       0       0       0       0
Total ram usage:        0 bytes
 Hardware stack levels used:    1
 Hardware stack levels required when called:    2
 This function calls:
		Absolute function
		_EUSART_DefaultErrorHandler
		_EUSART_DefaultFramingErrorHandler
		_EUSART_DefaultOverrunErrorHandler
		_EUSART_RxDataHandler
 This function is called by:
		_EUSART_Initialize
		_INTERRUPT_InterruptManager
 This function uses a non-reentrant model


 *************** function _EUSART_DefaultOverrunErrorHandler *****************
 Defined at:
		line 261 in file "mcc_generated_files/eusart.c"
 Parameters:    Size  Location     Type
		None
 Auto vars:     Size  Location     Type
		None
 Return value:  Size  Location     Type
                  1    wreg      void 
 Registers used:
		None
 Tracked objects:
		On entry : 
		On exit  : 
		Unchanged: 
 Data sizes:     COMMON   BANK0   BANK1   BANK2   BANK3   BANK4   BANK5   BANK6
      Params:         0       0       0       0       0       0       0       0
      Locals:         0       0       0       0       0       0       0       0
      Temps:          0       0       0       0       0       0       0       0
      Totals:         0       0       0       0       0       0       0       0
Total ram usage:        0 bytes
 Hardware stack levels used:    1
 This function calls:
		Nothing
 This function is called by:
		_EUSART_Initialize
		_EUSART_Receive_ISR
 This function uses a non-reentrant model


 *************** function _EUSART_DefaultFramingErrorHandler *****************
 Defined at:
		line 259 in file "mcc_generated_files/eusart.c"
 Parameters:    Size  Location     Type
		None
 Auto vars:     Size  Location     Type
		None
 Return value:  Size  Location     Type
                  1    wreg      void 
 Registers used:
		None
 Tracked objects:
		On entry : 
		On exit  : 
		Unchanged: 
 Data sizes:     COMMON   BANK0   BANK1   BANK2   BANK3   BANK4   BANK5   BANK6
      Params:         0       0       0       0       0       0       0       0
      Locals:         0       0       0       0       0       0       0       0
      Temps:          0       0       0       0       0       0       0       0
      Totals:         0       0       0       0       0       0       0       0
Total ram usage:        0 bytes
 Hardware stack levels used:    1
 This function calls:
		Nothing
 This function is called by:
		_EUSART_Initialize
		_EUSART_Receive_ISR
 This function uses a non-reentrant model


 *************** function _EUSART_DefaultErrorHandler *****************
 Defined at:
		line 269 in file "mcc_generated_files/eusart.c"
 Parameters:    Size  Location     Type
		None
 Auto vars:     Size  Location     Type
		None
 Return value:  Size  Location     Type
                  1    wreg      void 
 Registers used:
		wreg, fsr1l, fsr1h, status,2, status,0, pclath, cstack
 Tracked objects:
		On entry : 
		On exit  : 
		Unchanged: 
 Data sizes:     COMMON   BANK0   BANK1   BANK2   BANK3   BANK4   BANK5   BANK6
      Params:         0       0       0       0       0       0       0       0
      Locals:         0       0       0       0       0       0       0       0
      Temps:          0       0       0       0       0       0       0       0
      Totals:         0       0       0       0       0       0       0       0
Total ram usage:        0 bytes
 Hardware stack levels used:    1
 Hardware stack levels required when called:    1
 This function calls:
		_EUSART_RxDataHandler
 This function is called by:
		_EUSART_Initialize
		_EUSART_Receive_ISR
 This function uses a non-reentrant model


 *************** function _EUSART_RxDataHandler *****************
 Defined at:
		line 249 in file "mcc_generated_files/eusart.c"
 Parameters:    Size  Location     Type
		None
 Auto vars:     Size  Location     Type
		None
 Return value:  Size  Location     Type
                  1    wreg      void 
 Registers used:
		wreg, fsr1l, fsr1h, status,2, status,0
 Tracked objects:
		On entry : 
		On exit  : 
		Unchanged: 
 Data sizes:     COMMON   BANK0   BANK1   BANK2   BANK3   BANK4   BANK5   BANK6
      Params:         0       0       0       0       0       0       0       0
      Locals:         0       0       0       0       0       0       0       0
      Temps:          1       0       0       0       0       0       0       0
      Totals:         1       0       0       0       0       0       0       0
Total ram usage:        1 bytes
 Hardware stack levels used:    1
 This function calls:
		Nothing
 This function is called by:
		_EUSART_Receive_ISR
		_EUSART_DefaultErrorHandler
 This function uses a non-reentrant model



MODULE INFORMATION

Module		Function		Class		Link	Load	Size
mcc_generated_files/tmr2.c
		_TMR2_LoadPeriodRegister		CODE           	0990	0000	6
		_TMR2_Initialize		CODE           	09EE	0000	9
		_TMR2_StopTimer		CODE           	0971	0000	4
		_TMR2_StartTimer		CODE           	096E	0000	4

mcc_generated_files/tmr2.c estimated size: 23

mcc_generated_files/interrupt_manager.c
		_INTERRUPT_InterruptManager		CODE           	0004	0000	42

mcc_generated_files/interrupt_manager.c estimated size: 42

mcc_generated_files/mtouch/mtouch.c
		_MTOUCH_Tick   		CODE           	0983	0000	5
		_MTOUCH_Initialize		CODE           	0A21	0000	14
		_MTOUCH_Service_Mainloop		CODE           	0C39	0000	32
		_MTOUCH_needReburst		CODE           	0002	0000	3

mcc_generated_files/mtouch/mtouch.c estimated size: 54

mcc_generated_files/pin_manager.c
		_PIN_MANAGER_Initialize		CODE           	0BA7	0000	27

mcc_generated_files/pin_manager.c estimated size: 27

C:\Program Files (x86)\Microchip\xc8\v2.10\pic\sources\c99\common\Umul8.c
		___bmul        		CODE           	0AE7	0000	22

C:\Program Files (x86)\Microchip\xc8\v2.10\pic\sources\c99\common\Umul8.c estimated size: 22

mcc_generated_files/mtouch/mtouch_proximity.c
		_Proximity_Baseline_Initialize		CODE           	07D4	0000	44
		_MTOUCH_Proximity_Threshold_Set		CODE           	0BC1	0000	30
		_Proximity_Reading_Update		CODE           	0A7A	0000	18
		_MTOUCH_Proximity_isActivated		CODE           	0B29	0000	25
		_Proximity_State_NotActivated		CODE           	0398	0000	204
		_Proximity_Service		CODE           	0EDA	0000	83
		_MTOUCH_Proximity_Initialize		CODE           	0C9A	0000	40
		_Proximity_Baseline_Update		CODE           	065D	0000	134
		_MTOUCH_Proximity_Tick		CODE           	0995	0000	6
		_Proximity_State_Activated		CODE           	0F2C	0000	104
		_MTOUCH_Proximity_Baseline_Get		CODE           	0BDE	0000	31
		_Proximity_Baseline_Get_helper		CODE           	0C58	0000	33
		_MTOUCH_Proximity_InitializeAll		CODE           	0A8B	0000	18
		_Proximity_State_Initializing		CODE           	0E50	0000	69
		_Proximity_Reading_Update_Helper		CODE           	0F93	0000	110
		_Proximity_Deviation_Update		CODE           	0280	0000	281
		_MTOUCH_Proximity_ServiceAll		CODE           	098B	0000	6
		_MTOUCH_Proximity_Reading_Get		CODE           	0C1A	0000	32
		_Proximity_Tick_helper		CODE           	0CC1	0000	40

mcc_generated_files/mtouch/mtouch_proximity.c estimated size: 1308

shared
		Sensor_Scanfrequency_Evaluation@frequency_hop		STRCODE        	1012	0000	6
		_sensor_scan_group		STRCODE        	1017	0000	3
		__initialization		CODE           	002F	0000	42
		_mtouch_proximity_init		STRCODE        	1000	0000	19

shared estimated size: 70

mcc_generated_files/mcc.c
		_WDT_Initialize		CODE           	0987	0000	5
		_OSCILLATOR_Initialize		CODE           	09B8	0000	7
		_SYSTEM_Initialize		CODE           	0AD4	0000	20

mcc_generated_files/mcc.c estimated size: 32

C:\Program Files (x86)\Microchip\xc8\v2.10\pic\sources\c99\common\memcpy.c
		_memcpy        		CODE           	0D3A	0000	47

C:\Program Files (x86)\Microchip\xc8\v2.10\pic\sources\c99\common\memcpy.c estimated size: 47

C:\Program Files (x86)\Microchip\xc8\v2.10\pic\sources\c99\common\abs.c
		_abs           		CODE           	0B8D	0000	27

C:\Program Files (x86)\Microchip\xc8\v2.10\pic\sources\c99\common\abs.c estimated size: 27

mcc_generated_files/eusart.c
		_EUSART_SetRxInterruptHandler		CODE           	09AC	0000	7
		_EUSART_SetTxInterruptHandler		CODE           	09B2	0000	7
		_EUSART_DefaultOverrunErrorHandler		CODE           	097B	0000	5
		_EUSART_Write  		CODE           	0D10	0000	43
		_EUSART_DefaultErrorHandler		CODE           	0977	0000	5
		_EUSART_Transmit_ISR		CODE           	0C78	0000	35
		_EUSART_is_tx_done		CODE           	097F	0000	5
		_EUSART_Initialize		CODE           	0E11	0000	64
		_EUSART_SetFramingErrorHandler		CODE           	09A0	0000	7
		_EUSART_SetErrorHandler		CODE           	099A	0000	7
		_EUSART_SetOverrunErrorHandler		CODE           	09A6	0000	7
		_EUSART_Receive_ISR		CODE           	0D9B	0000	58
		_EUSART_RxDataHandler		CODE           	0B73	0000	27
		_EUSART_DefaultFramingErrorHandler		CODE           	096D	0000	2
		_EUSART_is_tx_ready		CODE           	09F6	0000	10

mcc_generated_files/eusart.c estimated size: 289

main.c
		_main          		CODE           	0E94	0000	71

main.c estimated size: 71

mcc_generated_files/mtouch/mtouch_sensor.c
		_Sensor_setCalibrated		CODE           	0A08	0000	13
		_Sensor_Acq_ExecutePacket		CODE           	005C	0000	549
		_Sensor_getScanGroupIndex		CODE           	0D68	0000	52
		_Sensor_Acquisition		CODE           	0763	0000	114
		_Sensor_postAcquisitionProcess		CODE           	0DD4	0000	62
		_Sensor_isCalibrated		CODE           	09FF	0000	10
		_MTOUCH_Sensor_Initialize		CODE           	0AFC	0000	23
		_Sensor_Sampled_Reset		CODE           	09DF	0000	8
		_MTOUCH_Sensor_InitializeAll		CODE           	0A4C	0000	16
		_Sensor_DefaultCallback		CODE           	07FF	0000	2
		_Sensor_loadADCSettings		CODE           	0463	0000	200
		_Sensor_isEnabled		CODE           	0A9C	0000	19
		_MTOUCH_Sensor_isCalibrated		CODE           	0B12	0000	24
		_MTOUCH_Sensor_Calibrate		CODE           	0AAE	0000	20
		_MTOUCH_Sensor_Sampled_ResetAll		CODE           	0BFC	0000	31
		_Sensor_setActive		CODE           	09CA	0000	8
		_Sensor_Scanfrequency_Evaluation		CODE           	06E2	0000	130
		_MTOUCH_Sensor_Enable		CODE           	0AC1	0000	20
		_Sensor_setSampled		CODE           	09D8	0000	8
		_Sensor_isCalibratingAcqTime		CODE           	09E6	0000	9
		_MTOUCH_Sensor_RawSample_Get		CODE           	0B41	0000	26
		_MTOUCH_Sensor_SampleAll		CODE           	0B5A	0000	26
		_MTOUCH_Sensor_wasSampled		CODE           	0A2E	0000	16
		_Sensor_Service		CODE           	052A	0000	156
		_Sensor_autoCalibration		CODE           	05C5	0000	153
		_MTOUCH_Sensor_Scan_Initialize		CODE           	0A6A	0000	17
		_Sensor_RawSample_Update		CODE           	0CE8	0000	41
		_Sensor_isActive		CODE           	0A3D	0000	16
		_Sensor_setCalibratAcqTime		CODE           	0A14	0000	14
		_Sensor_setInactive		CODE           	09D1	0000	8

mcc_generated_files/mtouch/mtouch_sensor.c estimated size: 1791

