Microchip MPLAB XC8 Compiler V2.10 ()

Linker command line:

-W-3 --edf=C:\Program Files (x86)\Microchip\xc8\v2.10\pic\dat\en_msgs.txt \
  -cs -h+dist/default/production\fw.production.sym \
  --cmf=dist/default/production\fw.production.cmf -z -Q16LF1559 \
  -oC:\Users\simon\AppData\Local\Temp\s18c.2 --defsym=__MPLAB_BUILD=1 \
  -Mdist/default/production/fw.production.map -E1 -ver=XC8 --acfsm=1493 \
  -ASTACK=02096h-021EFh -pstack=STACK -ACODE=00h-07FFhx4 \
  -ASTRCODE=00h-01FFFh -ASTRING=00h-0FFhx32 -ACONST=00h-0FFhx32 \
  -AENTRY=00h-0FFhx32 -ACOMMON=070h-07Fh -ABANK0=020h-06Fh \
  -ABANK1=0A0h-0EFh -ABANK2=0120h-016Fh -ABANK3=01A0h-01EFh \
  -ABANK4=0220h-026Fh -ABANK5=02A0h-02EFh -ABANK6=0320h-032Fh \
  -ABIGRAM=02000h-021EFh \
  -ARAM=020h-06Fh,0A0h-0EFh,0120h-016Fh,01A0h-01EFh,0220h-026Fh,02A0h-02EFh,0320h-032Fh \
  -AABS1=020h-07Fh,0A0h-0EFh,0120h-016Fh,01A0h-01EFh,0220h-026Fh,02A0h-02EFh,0320h-032Fh \
  -ASFR0=00h-01Fh -ASFR1=080h-09Fh -ASFR2=0100h-011Fh -ASFR3=0180h-019Fh \
  -ASFR4=0200h-021Fh -ASFR5=0280h-029Fh -ASFR6=0300h-031Fh \
  -ASFR7=0380h-03EFh -ASFR8=0400h-046Fh -ASFR9=0480h-04EFh \
  -ASFR10=0500h-056Fh -ASFR11=0580h-05EFh -ASFR12=0600h-066Fh \
  -ASFR13=0680h-06EFh -ASFR14=0700h-076Fh -ASFR15=0780h-07EFh \
  -ASFR16=0800h-086Fh -ASFR17=0880h-08EFh -ASFR18=0900h-096Fh \
  -ASFR19=0980h-09EFh -ASFR20=0A00h-0A6Fh -ASFR21=0A80h-0AEFh \
  -ASFR22=0B00h-0B6Fh -ASFR23=0B80h-0BEFh -ASFR24=0C00h-0C6Fh \
  -ASFR25=0C80h-0CEFh -ASFR26=0D00h-0D6Fh -ASFR27=0D80h-0DEFh \
  -ASFR28=0E00h-0E6Fh -ASFR29=0E80h-0EEFh -ASFR30=0F00h-0F6Fh \
  -ASFR31=0F80h-0FEFh -preset_vec=00h,intentry=04h,init,end_init \
  -ppowerup=CODE -pcinit=CODE -pfunctab=ENTRY -ACONFIG=08007h-08008h \
  -pconfig=CONFIG -DCONFIG=2 -AIDLOC=08000h-08003h -pidloc=IDLOC -DIDLOC=2 \
  -DCODE=2 -DSTRCODE=2 -DSTRING=2 -DCONST=2 -DENTRY=2 -k \
  C:\Users\simon\AppData\Local\Temp\s18c.o \
  dist/default/production\fw.production.o 

Object code version is 3.11

Machine type is 16LF1559



                Name                               Link     Load   Length Selector   Space Scale
C:\Users\simon\AppData\Local\Temp\s18c.o
                end_init                             2E       2E        2        8       0
                reset_vec                             0        0        2        0       0
                config                             8007     8007        2    1000E       0
dist/default/production\fw.production.o
                cinit                                30       30       2D        8       0
                intentry                              4        4       2A        8       0
                text87                              A4D      A4D       1A     149A       0
                text86                              809      809        4     1012       0
                text85                             17FF     17FF        1     2FFE       0
                text84                              80D      80D        4     101A       0
                text83                              CCB      CCB       39     1996       0
                text82                              B37      B37       22     166E       0
                text80                              AF7      AF7       20     15EE       0
                text79                              A9C      A9C       1E     1538       0
                text78                              8F7      8F7       11     11EE       0
                text77                              AD8      AD8       1F     15B0       0
                text76                              908      908       11     1210       0
                text75                              919      919       11     1232       0
                text74                              A03      A03       18     1406       0
                text73                              997      997       15     132E       0
                text72                              9AC      9AC       15     1358       0
                text71                              9C1      9C1       15     1382       0
                text70                              DD2      DD2       53     1BA4       0
                text69                              C15      C15       2A     182A       0
                text68                              82D      82D        6     105A       0
                text67                              46E      46E       C8        8       0
                text66                              9EC      9EC       17     13D8       0
                text65                              8AA      8AA        F     1154       0
                text64                              281      281      118        8       0
                text63                              A1B      A1B       19     1436       0
                text62                              E25      E25       6D     1C4A       0
                text61                              92A      92A       11     1254       0
                text60                              B9F      B9F       27     173E       0
                text59                              800      800        1        8       0
                text58                              C3F      C3F       2B     187E       0
                text57                              730      730       85        8       0
                text56                              399      399       D5        8       0
                text55                              7B5      7B5       44        8       0
                text54                              F03      F03       7C     1E06       0
                text53                              D80      D80       52     1B00       0
                text52                              819      819        5     1032       0
                text51                              8D7      8D7       10     11AE       0
                text50                              C98      C98       33     1930       0
                text49                              878      878        8     10F0       0
                text48                              89D      89D        D     113A       0
                text47                              891      891        C     1122       0
                text46                              A67      A67       1A     14CE       0
                text45                              698      698       98        8       0
                text44                              8B9      8B9        F     1172       0
                text43                              94C      94C       12     1298       0
                text42                              888      888        9     1110       0
                text41                              536      536       C7        8       0
                text40                              81E      81E        5     103C       0
                text39                              803      803        3     1006       0
                text38                              806      806        3     100C       0
                text37                               5D       5D      224        8       0
                text36                              F7F      F7F       81     1EFE       0
                text35                              863      863        7     10C6       0
                text34                              86A      86A        7     10D4       0
                text33                              D04      D04       3D     1A08       0
                text32                              E92      E92       71     1D24       0
                text31                              801      801        1     1002       0
                text30                              BED      BED       28     17DA       0
                text29                              871      871        7     10E2       0
                text28                              5FD      5FD       9B        8       0
                text27                              A34      A34       19     1468       0
                text26                              7F9      7F9        7        8       0
                text25                              ABA      ABA       1E     1574       0
                text24                              BC6      BC6       27     178C       0
                text23                              823      823        5     1046       0
                text22                              811      811        4     1022       0
                text21                                2        2        2        0       0
                text20                              B59      B59       22     16B2       0
                text19                              833      833        6     1066       0
                text18                              839      839        6     1072       0
                text17                              83F      83F        6     107E       0
                text16                              845      845        6     108A       0
                text15                              84B      84B        6     1096       0
                text14                              D41      D41       3F     1A82       0
                text13                              802      802        1     1004       0
                text12                              C6A      C6A       2E     18D4       0
                text11                              93B      93B       11     1276       0
                text10                              95E      95E       13     12BC       0
                text9                               971      971       13     12E2       0
                text8                               9D6      9D6       16     13AC       0
                text7                               8C8      8C8        F     1190       0
                text6                               8E7      8E7       10     11CE       0
                text5                               851      851        6     10A2       0
                text4                               A81      A81       1B     1502       0
                text3                               880      880        8     1100       0
                text2                               815      815        4     102A       0
                text1                               984      984       13     1308       0
                maintext                            B17      B17       20     162E       0
                cstackBANK0                          20       20       29       20       1
                cstackCOMMON                         70       70        C       70       1
                clrtext                             857      857        6     10AE       0
                inittext                            85D      85D        6     10BA       0
                dataBANK1                            A0       A0       24       A0       1
                bssBANK1                             C4       C4       18       A0       1
                dataBANK0                            6A       6A        5       20       1
                bssBANK0                             49       49       21       20       1
                bssCOMMON                            7C       7C        1       70       1
                nvBANK1                              DC       DC        A       A0       1
                nvBANK0                              6F       6F        1       20       1
                stringtext3                        1000     1000       12     2000       0
                stringtext2                        1017     1017        2     2000       0
                stringtext1                        1012     1012        5     2000       0
                idataBANK1                          B7B      B7B       24     16F6       0
                idataBANK0                          828      828        5     1050       0

TOTAL           Name                               Link     Load   Length     Space
        CLASS   STACK          

        CLASS   CODE           
                end_init                             2E       2E        2         0
                cinit                                30       30       2D         0
                intentry                              4        4       2A         0
                reset_vec                             0        0        2         0
                text87                              A4D      A4D       1A         0
                text86                              809      809        4         0
                text85                             17FF     17FF        1         0
                text84                              80D      80D        4         0
                text83                              CCB      CCB       39         0
                text82                              B37      B37       22         0
                text80                              AF7      AF7       20         0
                text79                              A9C      A9C       1E         0
                text78                              8F7      8F7       11         0
                text77                              AD8      AD8       1F         0
                text76                              908      908       11         0
                text75                              919      919       11         0
                text74                              A03      A03       18         0
                text73                              997      997       15         0
                text72                              9AC      9AC       15         0
                text71                              9C1      9C1       15         0
                text70                              DD2      DD2       53         0
                text69                              C15      C15       2A         0
                text68                              82D      82D        6         0
                text67                              46E      46E       C8         0
                text66                              9EC      9EC       17         0
                text65                              8AA      8AA        F         0
                text64                              281      281      118         0
                text63                              A1B      A1B       19         0
                text62                              E25      E25       6D         0
                text61                              92A      92A       11         0
                text60                              B9F      B9F       27         0
                text59                              800      800        1         0
                text58                              C3F      C3F       2B         0
                text57                              730      730       85         0
                text56                              399      399       D5         0
                text55                              7B5      7B5       44         0
                text54                              F03      F03       7C         0
                text53                              D80      D80       52         0
                text52                              819      819        5         0
                text51                              8D7      8D7       10         0
                text50                              C98      C98       33         0
                text49                              878      878        8         0
                text48                              89D      89D        D         0
                text47                              891      891        C         0
                text46                              A67      A67       1A         0
                text45                              698      698       98         0
                text44                              8B9      8B9        F         0
                text43                              94C      94C       12         0
                text42                              888      888        9         0
                text41                              536      536       C7         0
                text40                              81E      81E        5         0
                text39                              803      803        3         0
                text38                              806      806        3         0
                text37                               5D       5D      224         0
                text36                              F7F      F7F       81         0
                text35                              863      863        7         0
                text34                              86A      86A        7         0
                text33                              D04      D04       3D         0
                text32                              E92      E92       71         0
                text31                              801      801        1         0
                text30                              BED      BED       28         0
                text29                              871      871        7         0
                text28                              5FD      5FD       9B         0
                text27                              A34      A34       19         0
                text26                              7F9      7F9        7         0
                text25                              ABA      ABA       1E         0
                text24                              BC6      BC6       27         0
                text23                              823      823        5         0
                text22                              811      811        4         0
                text21                                2        2        2         0
                text20                              B59      B59       22         0
                text19                              833      833        6         0
                text18                              839      839        6         0
                text17                              83F      83F        6         0
                text16                              845      845        6         0
                text15                              84B      84B        6         0
                text14                              D41      D41       3F         0
                text13                              802      802        1         0
                text12                              C6A      C6A       2E         0
                text11                              93B      93B       11         0
                text10                              95E      95E       13         0
                text9                               971      971       13         0
                text8                               9D6      9D6       16         0
                text7                               8C8      8C8        F         0
                text6                               8E7      8E7       10         0
                text5                               851      851        6         0
                text4                               A81      A81       1B         0
                text3                               880      880        8         0
                text2                               815      815        4         0
                text1                               984      984       13         0
                maintext                            B17      B17       20         0
                clrtext                             857      857        6         0
                inittext                            85D      85D        6         0
                idataBANK1                          B7B      B7B       24         0
                idataBANK0                          828      828        5         0

        CLASS   STRCODE        
                stringtext3                        1000     1000       12         0
                stringtext2                        1017     1017        2         0
                stringtext1                        1012     1012        5         0

        CLASS   STRING         

        CLASS   CONST          

        CLASS   ENTRY          

        CLASS   COMMON         
                cstackCOMMON                         70       70        C         1
                bssCOMMON                            7C       7C        1         1

        CLASS   BANK0          
                cstackBANK0                          20       20       29         1
                dataBANK0                            6A       6A        5         1
                bssBANK0                             49       49       21         1
                nvBANK0                              6F       6F        1         1

        CLASS   BANK1          
                dataBANK1                            A0       A0       24         1
                bssBANK1                             C4       C4       18         1
                nvBANK1                              DC       DC        A         1

        CLASS   BANK2          

        CLASS   BANK3          

        CLASS   BANK4          

        CLASS   BANK5          

        CLASS   BANK6          

        CLASS   BIGRAM         

        CLASS   RAM            

        CLASS   ABS1           
                abs_s1                               7E       7E        2         1

        CLASS   SFR0           

        CLASS   SFR1           

        CLASS   SFR2           

        CLASS   SFR3           

        CLASS   SFR4           

        CLASS   SFR5           

        CLASS   SFR6           

        CLASS   SFR7           

        CLASS   SFR8           

        CLASS   SFR9           

        CLASS   SFR10          

        CLASS   SFR11          

        CLASS   SFR12          

        CLASS   SFR13          

        CLASS   SFR14          

        CLASS   SFR15          

        CLASS   SFR16          

        CLASS   SFR17          

        CLASS   SFR18          

        CLASS   SFR19          

        CLASS   SFR20          

        CLASS   SFR21          

        CLASS   SFR22          

        CLASS   SFR23          

        CLASS   SFR24          

        CLASS   SFR25          

        CLASS   SFR26          

        CLASS   SFR27          

        CLASS   SFR28          

        CLASS   SFR29          

        CLASS   SFR30          

        CLASS   SFR31          

        CLASS   CONFIG         
                config                             8007     8007        2         0

        CLASS   IDLOC          

        CLASS   BANK31         

        CLASS   BANK30         

        CLASS   BANK29         

        CLASS   BANK28         

        CLASS   BANK27         

        CLASS   BANK26         

        CLASS   BANK25         

        CLASS   BANK24         

        CLASS   BANK23         

        CLASS   BANK22         

        CLASS   BANK21         

        CLASS   BANK20         

        CLASS   BANK19         

        CLASS   BANK18         

        CLASS   BANK17         

        CLASS   BANK16         

        CLASS   BANK15         

        CLASS   BANK14         

        CLASS   BANK13         

        CLASS   BANK12         

        CLASS   BANK11         

        CLASS   BANK10         

        CLASS   BANK9          

        CLASS   BANK8          

        CLASS   BANK7          

        CLASS   EEDATA         



SEGMENTS        Name                           Load    Length   Top    Selector   Space  Class     Delta

                reset_vec                      000000  000004  000004         0       0  CODE        2
                intentry                       000004  0007FD  000801         8       0  CODE        2
                cstackBANK0                    000020  000050  000070        20       1  BANK0       1
                cstackCOMMON                   000070  00000D  00007D        70       1  COMMON      1
                dataBANK1                      0000A0  000046  0000E6        A0       1  BANK1       1
                text31                         000801  000001  000802      1002       0  CODE        2
                text13                         000802  000001  000803      1004       0  CODE        2
                text39                         000803  000003  000806      1006       0  CODE        2
                text38                         000806  000003  000809      100C       0  CODE        2
                text86                         000809  000004  00080D      1012       0  CODE        2
                text84                         00080D  000004  000811      101A       0  CODE        2
                text22                         000811  000004  000815      1022       0  CODE        2
                text2                          000815  000004  000819      102A       0  CODE        2
                text52                         000819  000005  00081E      1032       0  CODE        2
                text40                         00081E  000005  000823      103C       0  CODE        2
                text23                         000823  000005  000828      1046       0  CODE        2
                idataBANK0                     000828  000005  00082D      1050       0  CODE        2
                text68                         00082D  000006  000833      105A       0  CODE        2
                text19                         000833  000006  000839      1066       0  CODE        2
                text18                         000839  000006  00083F      1072       0  CODE        2
                text17                         00083F  000006  000845      107E       0  CODE        2
                text16                         000845  000006  00084B      108A       0  CODE        2
                text15                         00084B  000006  000851      1096       0  CODE        2
                text5                          000851  000006  000857      10A2       0  CODE        2
                clrtext                        000857  000006  00085D      10AE       0  CODE        2
                inittext                       00085D  000006  000863      10BA       0  CODE        2
                text35                         000863  000007  00086A      10C6       0  CODE        2
                text34                         00086A  000007  000871      10D4       0  CODE        2
                text29                         000871  000007  000878      10E2       0  CODE        2
                text49                         000878  000008  000880      10F0       0  CODE        2
                text3                          000880  000008  000888      1100       0  CODE        2
                text42                         000888  000009  000891      1110       0  CODE        2
                text47                         000891  00000C  00089D      1122       0  CODE        2
                text48                         00089D  00000D  0008AA      113A       0  CODE        2
                text65                         0008AA  00000F  0008B9      1154       0  CODE        2
                text44                         0008B9  00000F  0008C8      1172       0  CODE        2
                text7                          0008C8  00000F  0008D7      1190       0  CODE        2
                text51                         0008D7  000010  0008E7      11AE       0  CODE        2
                text6                          0008E7  000010  0008F7      11CE       0  CODE        2
                text78                         0008F7  000011  000908      11EE       0  CODE        2
                text76                         000908  000011  000919      1210       0  CODE        2
                text75                         000919  000011  00092A      1232       0  CODE        2
                text61                         00092A  000011  00093B      1254       0  CODE        2
                text11                         00093B  000011  00094C      1276       0  CODE        2
                text43                         00094C  000012  00095E      1298       0  CODE        2
                text10                         00095E  000013  000971      12BC       0  CODE        2
                text9                          000971  000013  000984      12E2       0  CODE        2
                text1                          000984  000013  000997      1308       0  CODE        2
                text73                         000997  000015  0009AC      132E       0  CODE        2
                text72                         0009AC  000015  0009C1      1358       0  CODE        2
                text71                         0009C1  000015  0009D6      1382       0  CODE        2
                text8                          0009D6  000016  0009EC      13AC       0  CODE        2
                text66                         0009EC  000017  000A03      13D8       0  CODE        2
                text74                         000A03  000018  000A1B      1406       0  CODE        2
                text63                         000A1B  000019  000A34      1436       0  CODE        2
                text27                         000A34  000019  000A4D      1468       0  CODE        2
                text87                         000A4D  00001A  000A67      149A       0  CODE        2
                text46                         000A67  00001A  000A81      14CE       0  CODE        2
                text4                          000A81  00001B  000A9C      1502       0  CODE        2
                text79                         000A9C  00001E  000ABA      1538       0  CODE        2
                text25                         000ABA  00001E  000AD8      1574       0  CODE        2
                text77                         000AD8  00001F  000AF7      15B0       0  CODE        2
                text80                         000AF7  000020  000B17      15EE       0  CODE        2
                maintext                       000B17  000020  000B37      162E       0  CODE        2
                text82                         000B37  000022  000B59      166E       0  CODE        2
                text20                         000B59  000022  000B7B      16B2       0  CODE        2
                idataBANK1                     000B7B  000024  000B9F      16F6       0  CODE        2
                text60                         000B9F  000027  000BC6      173E       0  CODE        2
                text24                         000BC6  000027  000BED      178C       0  CODE        2
                text30                         000BED  000028  000C15      17DA       0  CODE        2
                text69                         000C15  00002A  000C3F      182A       0  CODE        2
                text58                         000C3F  00002B  000C6A      187E       0  CODE        2
                text12                         000C6A  00002E  000C98      18D4       0  CODE        2
                text50                         000C98  000033  000CCB      1930       0  CODE        2
                text83                         000CCB  000039  000D04      1996       0  CODE        2
                text33                         000D04  00003D  000D41      1A08       0  CODE        2
                text14                         000D41  00003F  000D80      1A82       0  CODE        2
                text53                         000D80  000052  000DD2      1B00       0  CODE        2
                text70                         000DD2  000053  000E25      1BA4       0  CODE        2
                text62                         000E25  00006D  000E92      1C4A       0  CODE        2
                text32                         000E92  000071  000F03      1D24       0  CODE        2
                text54                         000F03  00007C  000F7F      1E06       0  CODE        2
                text36                         000F7F  000081  001000      1EFE       0  CODE        2
                stringtext3                    001000  000019  001019      2000       0  STRCODE     2
                text85                         0017FF  000001  001800      2FFE       0  CODE        2
                config                         008007  000002  008009     1000E       0  CONFIG      2


UNUSED ADDRESS RANGES

        Name                Unused          Largest block    Delta
        BANK1            000E6-000EF               A           1
        BANK2            00120-0016F              50           1
        BANK3            001A0-001EF              50           1
        BANK4            00220-0026F              50           1
        BANK5            002A0-002EF              50           1
        BANK6            00320-0032F              10           1
        BIGRAM           02000-021EF             1F0           1
        CODE             01019-017FE             7E6           2
                         01800-01FFF             800
        COMMON           0007D-0007D               1           1
        CONST            01019-017FE             100           2
                         01800-01FFF             100
        ENTRY            01019-017FE             100           2
                         01800-01FFF             100
        IDLOC            08000-08003               4           2
        RAM              000E6-000EF               A           1
                         00120-0016F              50
                         001A0-001EF              50
                         00220-0026F              50
                         002A0-002EF              50
                         00320-0032F              10
        SFR0             00000-0001F              20           1
        SFR1             00080-0009F              20           1
        SFR10            00500-0056F              70           1
        SFR11            00580-005EF              70           1
        SFR12            00600-0066F              70           1
        SFR13            00680-006EF              70           1
        SFR14            00700-0076F              70           1
        SFR15            00780-007EF              70           1
        SFR16            00800-0086F              70           1
        SFR17            00880-008EF              70           1
        SFR18            00900-0096F              70           1
        SFR19            00980-009EF              70           1
        SFR2             00100-0011F              20           1
        SFR20            00A00-00A6F              70           1
        SFR21            00A80-00AEF              70           1
        SFR22            00B00-00B6F              70           1
        SFR23            00B80-00BEF              70           1
        SFR24            00C00-00C6F              70           1
        SFR25            00C80-00CEF              70           1
        SFR26            00D00-00D6F              70           1
        SFR27            00D80-00DEF              70           1
        SFR28            00E00-00E6F              70           1
        SFR29            00E80-00EEF              70           1
        SFR3             00180-0019F              20           1
        SFR30            00F00-00F6F              70           1
        SFR31            00F80-00FEF              70           1
        SFR4             00200-0021F              20           1
        SFR5             00280-0029F              20           1
        SFR6             00300-0031F              20           1
        SFR7             00380-003EF              70           1
        SFR8             00400-0046F              70           1
        SFR9             00480-004EF              70           1
        STACK            02096-021EF             15A           1
        STRCODE          01019-017FE             7E6           2
                         01800-01FFF             800
        STRING           01019-017FE             100           2
                         01800-01FFF             100

                                  Symbol Table

?_MTOUCH_Proximity_Baseline_Get                       cstackBANK0  00020
?_MTOUCH_Proximity_Reading_Get                        cstackCOMMON 00071
?_MTOUCH_Sensor_RawSample_Get                         cstackCOMMON 00075
?_Proximity_Baseline_Get_helper                       cstackCOMMON 00071
?___awmod                                             cstackCOMMON 00071
?_abs                                                 cstackCOMMON 00071
EUSART_SetErrorHandler@interruptHandler               cstackCOMMON 00071
EUSART_SetFramingErrorHandler@interruptHandler        cstackCOMMON 00071
EUSART_SetOverrunErrorHandler@interruptHandler        cstackCOMMON 00071
EUSART_SetRxInterruptHandler@interruptHandler         cstackCOMMON 00071
EUSART_SetTxInterruptHandler@interruptHandler         cstackCOMMON 00071
EUSART_Write@txData                                   cstackCOMMON 00072
MTOUCH_DataStreamer_Service@count_bytes_out           cstackBANK0  0002A
MTOUCH_DataStreamer_Service@i                         cstackBANK0  00027
MTOUCH_DataStreamer_Service@sequence                  bssBANK0     00050
MTOUCH_DataStreamer_Service@u16temp_output            cstackBANK0  00028
MTOUCH_Proximity_Baseline_Get@name                    cstackCOMMON 0007A
MTOUCH_Proximity_Deviation_Get@name                   cstackCOMMON 00071
MTOUCH_Proximity_Initialize@name                      cstackCOMMON 00072
MTOUCH_Proximity_Initialize@prox                      cstackCOMMON 00073
MTOUCH_Proximity_Reading_Get@name                     cstackCOMMON 00076
MTOUCH_Proximity_Scaling_Get@name                     cstackCOMMON 00071
MTOUCH_Proximity_Threshold_Get@name                   cstackCOMMON 00071
MTOUCH_Proximity_isActivated@name                     cstackCOMMON 00071
MTOUCH_Sensor_AcquisitionTime_Get@name                cstackCOMMON 00076
MTOUCH_Sensor_AdditionalCap_Get@name                  cstackCOMMON 00076
MTOUCH_Sensor_Calibrate@sensor                        cstackCOMMON 00076
MTOUCH_Sensor_Enable@sensor                           cstackCOMMON 00076
MTOUCH_Sensor_Initialize@sensor                       cstackCOMMON 00078
MTOUCH_Sensor_InitializeAll@sensor                    cstackCOMMON 0007A
MTOUCH_Sensor_RawSample_Get@name                      cstackCOMMON 00078
MTOUCH_Sensor_SampleAll@group                         cstackBANK0  00047
MTOUCH_Sensor_Sampled_ResetAll@sensor                 cstackCOMMON 00073
MTOUCH_Sensor_isCalibrated@sensor                     cstackCOMMON 00076
MTOUCH_Sensor_wasSampled@sensor                       cstackCOMMON 00076
Proximity_Baseline_Get_helper@name                    cstackCOMMON 00079
Proximity_Baseline_Initialize@prox                    cstackCOMMON 00079
Proximity_Baseline_Update@prox                        cstackCOMMON 00075
Proximity_DefaultCallback@name                        cstackCOMMON 00071
Proximity_Deviation_Update@deviation                  cstackBANK0  0002F
Proximity_Deviation_Update@name                       cstackBANK0  00033
Proximity_Reading_Update@prox                         cstackCOMMON 0007A
Proximity_Reading_Update_Helper@prox                  cstackCOMMON 00079
Proximity_Service@name                                cstackBANK0  00034
Proximity_Service@prox                                cstackBANK0  00035
Proximity_State_Activated@prox                        cstackBANK0  00025
Proximity_State_Initializing@prox                     cstackBANK0  00025
Proximity_State_NotActivated@deviation                cstackBANK0  0002D
Proximity_State_NotActivated@prox                     cstackBANK0  00025
Proximity_Tick_helper@prox                            cstackCOMMON 00073
Sensor_Acq_ExecutePacket@AD1CON2_temp                 cstackBANK0  00022
Sensor_Acq_ExecutePacket@AD2CON2_temp                 cstackBANK0  00023
Sensor_Acq_ExecutePacket@ADCOMCON_temp                cstackBANK0  00021
Sensor_Acq_ExecutePacket@ADxIF_flag                   cstackBANK0  00026
Sensor_Acq_ExecutePacket@activeSensor                 cstackBANK0  00027
Sensor_Acq_ExecutePacket@last_a                       cstackBANK0  00028
Sensor_Acq_ExecutePacket@last_b                       cstackBANK0  0002A
Sensor_Acq_ExecutePacket@packet_counter               cstackBANK0  0002C
Sensor_Acq_ExecutePacket@sensor1ForceEnabled          cstackBANK0  00024
Sensor_Acq_ExecutePacket@sensor2ForceEnabled          cstackBANK0  00025
Sensor_Acq_ExecutePacket@sensor_adc1                  cstackBANK0  0002D
Sensor_Acq_ExecutePacket@sensor_adc2                  cstackCOMMON 0007B
Sensor_Acquisition@retry                              cstackBANK0  0003D
Sensor_Acquisition@sensor_adc1                        cstackBANK0  0003E
Sensor_Acquisition@sensor_adc2                        cstackBANK0  0003B
Sensor_DefaultCallback@sensor                         cstackCOMMON 00071
Sensor_RawSample_Update@adcIndex                      cstackCOMMON 00076
Sensor_RawSample_Update@sensor                        cstackCOMMON 00077
Sensor_Sampled_Reset@sensor                           cstackCOMMON 00071
Sensor_Scanfrequency_Evaluation@best_packet_sample    cstackBANK0  00036
Sensor_Scanfrequency_Evaluation@best_sample_period    cstackBANK0  00034
Sensor_Scanfrequency_Evaluation@frequency_hop         stringtext1  01012
Sensor_Scanfrequency_Evaluation@i                     cstackBANK0  0003A
Sensor_Scanfrequency_Evaluation@packet_noise_Max      cstackBANK0  00032
Sensor_Scanfrequency_Evaluation@retry                 cstackBANK0  00035
Sensor_Scanfrequency_Evaluation@sensor_adc1           cstackBANK0  00031
Sensor_Scanfrequency_Evaluation@sensor_adc2           cstackBANK0  0002E
Sensor_Service@error                                  cstackBANK0  00043
Sensor_Service@scanGroup                              cstackBANK0  00042
Sensor_Service@sensor_adc1                            cstackBANK0  00044
Sensor_Service@sensor_adc2                            cstackBANK0  00045
Sensor_autoCalibration@adcIndex                       cstackCOMMON 00079
Sensor_autoCalibration@sensor                         cstackCOMMON 0007A
Sensor_getScanGroupIndex@sensor                       cstackCOMMON 00073
Sensor_getScanGroupIndex@sensorGroup                  cstackCOMMON 00074
Sensor_isActive@sensor                                cstackCOMMON 00071
Sensor_isCalibrated@sensor                            cstackCOMMON 00071
Sensor_isCalibratingAcqTime@sensor                    cstackCOMMON 00071
Sensor_isEnabled@sensor                               cstackCOMMON 00072
Sensor_loadADCSettings@adc_index                      cstackCOMMON 00072
Sensor_loadADCSettings@addressOffset                  cstackCOMMON 00078
Sensor_loadADCSettings@sensor                         cstackCOMMON 00079
Sensor_postAcquisitionProcess@adcIndex                cstackCOMMON 00078
Sensor_postAcquisitionProcess@deviation               cstackCOMMON 00076
Sensor_postAcquisitionProcess@sensor                  cstackCOMMON 00079
Sensor_setActive@sensor                               cstackCOMMON 00071
Sensor_setCalibratAcqTime@sensor                      cstackCOMMON 00071
Sensor_setCalibrated@sensor                           cstackCOMMON 00071
Sensor_setInactive@sensor                             cstackCOMMON 00071
Sensor_setSampled@sensor                              cstackCOMMON 00071
TMR2_LoadPeriodRegister@periodVal                     cstackCOMMON 00071
_AAD1CAP                                              (abs)        00719
_AAD1CON2                                             (abs)        00713
_AAD1CON3                                             (abs)        00714
_AAD1GRD                                              (abs)        00718
_AAD1RES0                                             (abs)        0071A
_AAD2CON3                                             (abs)        00794
_AAD2GRD                                              (abs)        00798
_AAD2RES0                                             (abs)        0079A
_AD1ACQCON                                            (abs)        00717
_AD1CON0                                              (abs)        00711
_AD1CON0bits                                          (abs)        00711
_AD1CON2                                              (abs)        00713
_AD1CON3                                              (abs)        00714
_AD1PRECON                                            (abs)        00716
_AD2ACQCON                                            (abs)        00797
_AD2CON0                                              (abs)        00791
_AD2CON0bits                                          (abs)        00791
_AD2CON2                                              (abs)        00793
_AD2CON3                                              (abs)        00794
_AD2PRECON                                            (abs)        00796
_ADCOMCON                                             (abs)        00712
_ANSELA                                               (abs)        0018C
_ANSELB                                               (abs)        0018D
_ANSELC                                               (abs)        0018E
_APFCON                                               (abs)        0011D
_APFCONbits                                           (abs)        0011D
_BAUDCON                                              (abs)        0019F
_BORCON                                               (abs)        00116
_EUSART_DefaultErrorHandler                           text86       00809
_EUSART_DefaultFramingErrorHandler                    text85       017FF
_EUSART_DefaultOverrunErrorHandler                    text84       0080D
_EUSART_ErrorHandler                                  nvBANK1      000DC
_EUSART_FramingErrorHandler                           nvBANK1      000E0
_EUSART_Initialize                                    text14       00D41
_EUSART_OverrunErrorHandler                           nvBANK1      000DE
_EUSART_Receive_ISR                                   text83       00CCB
_EUSART_RxDataHandler                                 text87       00A4D
_EUSART_RxDefaultInterruptHandler                     nvBANK1      000E2
_EUSART_SetErrorHandler                               text19       00833
_EUSART_SetFramingErrorHandler                        text18       00839
_EUSART_SetOverrunErrorHandler                        text17       0083F
_EUSART_SetRxInterruptHandler                         text16       00845
_EUSART_SetTxInterruptHandler                         text15       0084B
_EUSART_Transmit_ISR                                  text82       00B37
_EUSART_TxDefaultInterruptHandler                     nvBANK1      000E4
_EUSART_Write                                         text69       00C15
_GIE                                                  (abs)        0005F
_INTCONbits                                           (abs)        0000B
_INTERRUPT_InterruptManager                           intentry     00004
_LATA                                                 (abs)        0010C
_LATB                                                 (abs)        0010D
_LATC                                                 (abs)        0010E
_LATCbits                                             (abs)        0010E
_MTOUCH_DataStreamer_Initialize                       text13       00802
_MTOUCH_DataStreamer_Service                          text67       0046E
_MTOUCH_Initialize                                    text6        008E7
_MTOUCH_Proximity_Baseline_Get                        text79       00A9C
_MTOUCH_Proximity_Deviation_Get                       text78       008F7
_MTOUCH_Proximity_Initialize                          text60       00B9F
_MTOUCH_Proximity_InitializeAll                       text11       0093B
_MTOUCH_Proximity_Reading_Get                         text77       00AD8
_MTOUCH_Proximity_Scaling_Get                         text76       00908
_MTOUCH_Proximity_ServiceAll                          text52       00819
_MTOUCH_Proximity_Threshold_Get                       text75       00919
_MTOUCH_Proximity_Tick                                text23       00823
_MTOUCH_Proximity_isActivated                         text74       00A03
_MTOUCH_Sensor_AcquisitionTime_Get                    text72       009AC
_MTOUCH_Sensor_AdditionalCap_Get                      text71       009C1
_MTOUCH_Sensor_Calibrate                              text10       0095E
_MTOUCH_Sensor_Enable                                 text9        00971
_MTOUCH_Sensor_Initialize                             text8        009D6
_MTOUCH_Sensor_InitializeAll                          text7        008C8
_MTOUCH_Sensor_RawSample_Get                          text63       00A1B
_MTOUCH_Sensor_SampleAll                              text27       00A34
_MTOUCH_Sensor_Sampled_ResetAll                       text25       00ABA
_MTOUCH_Sensor_Scan_Initialize                        text51       008D7
_MTOUCH_Sensor_isCalibrated                           text66       009EC
_MTOUCH_Sensor_wasSampled                             text65       008AA
_MTOUCH_Service_Mainloop                              text20       00B59
_MTOUCH_Tick                                          text22       00811
_MTOUCH_needReburst                                   text21       00002
_OPTION_REGbits                                       (abs)        00095
_OSCCON                                               (abs)        00099
_OSCILLATOR_Initialize                                text5        00851
_PIE1bits                                             (abs)        00091
_PIN_MANAGER_Initialize                               text4        00A81
_PIR1bits                                             (abs)        00011
_PIR2bits                                             (abs)        00012
_PR2                                                  (abs)        0001B
_Proximity_Baseline_Get_helper                        text80       00AF7
_Proximity_Baseline_Initialize                        text58       00C3F
_Proximity_Baseline_Update                            text57       00730
_Proximity_DefaultCallback                            text59       00800
_Proximity_Deviation_Update                           text64       00281
_Proximity_Reading_Update                             text61       0092A
_Proximity_Reading_Update_Helper                      text62       00E25
_Proximity_Service                                    text53       00D80
_Proximity_StateMachine                               dataBANK1    000B3
_Proximity_State_Activated                            text54       00F03
_Proximity_State_Initializing                         text55       007B5
_Proximity_State_NotActivated                         text56       00399
_Proximity_Tick_helper                                text24       00BC6
_RCREG                                                (abs)        00199
_RCSTA                                                (abs)        0019D
_RCSTAbits                                            (abs)        0019D
_SPBRGH                                               (abs)        0019C
_SPBRGL                                               (abs)        0019B
_SYSTEM_Initialize                                    text1        00984
_Sensor_Acq_ExecutePacket                             text37       0005D
_Sensor_Acquisition                                   text32       00E92
_Sensor_DefaultCallback                               text31       00801
_Sensor_RawSample_Update                              text30       00BED
_Sensor_Sampled_Reset                                 text26       007F9
_Sensor_Scanfrequency_Evaluation                      text36       00F7F
_Sensor_Service                                       text28       005FD
_Sensor_autoCalibration                               text45       00698
_Sensor_getScanGroupIndex                             text50       00C98
_Sensor_isActive                                      text44       008B9
_Sensor_isCalibrated                                  text42       00888
_Sensor_isCalibratingAcqTime                          text49       00878
_Sensor_isEnabled                                     text43       0094C
_Sensor_loadADCSettings                               text41       00536
_Sensor_loadADCSettings$743                           cstackCOMMON 00076
_Sensor_postAcquisitionProcess                        text33       00D04
_Sensor_setActive                                     text35       00863
_Sensor_setCalibratAcqTime                            text48       0089D
_Sensor_setCalibrated                                 text47       00891
_Sensor_setInactive                                   text34       0086A
_Sensor_setSampled                                    text29       00871
_T2CON                                                (abs)        0001C
_T2CONbits                                            (abs)        0001C
_TMR2                                                 (abs)        0001A
_TMR2_Initialize                                      text3        00880
_TMR2_LoadPeriodRegister                              text40       0081E
_TMR2_StartTimer                                      text39       00803
_TMR2_StopTimer                                       text38       00806
_TRISA                                                (abs)        0008C
_TRISB                                                (abs)        0008D
_TRISC                                                (abs)        0008E
_TXREG                                                (abs)        0019A
_TXSTA                                                (abs)        0019E
_TXSTAbits                                            (abs)        0019E
_WDTCON                                               (abs)        00097
_WDT_Initialize                                       text2        00815
_WPUA                                                 (abs)        0020C
_WPUB                                                 (abs)        0020D
__CFG_BOREN$NSLEEP                                    (abs)        00000
__CFG_BORV$LO                                         (abs)        00000
__CFG_CLKOUTEN$OFF                                    (abs)        00000
__CFG_CP$OFF                                          (abs)        00000
__CFG_FOSC$INTOSC                                     (abs)        00000
__CFG_LPBOR$OFF                                       (abs)        00000
__CFG_LVP$ON                                          (abs)        00000
__CFG_MCLRE$ON                                        (abs)        00000
__CFG_PWRTE$OFF                                       (abs)        00000
__CFG_STVREN$ON                                       (abs)        00000
__CFG_WDTE$OFF                                        (abs)        00000
__CFG_WRT$OFF                                         (abs)        00000
__Habs1                                               abs1         00000
__Hbank0                                              bank0        00000
__Hbank1                                              bank1        00000
__Hbank10                                             bank10       00000
__Hbank11                                             bank11       00000
__Hbank12                                             bank12       00000
__Hbank13                                             bank13       00000
__Hbank14                                             bank14       00000
__Hbank15                                             bank15       00000
__Hbank16                                             bank16       00000
__Hbank17                                             bank17       00000
__Hbank18                                             bank18       00000
__Hbank19                                             bank19       00000
__Hbank2                                              bank2        00000
__Hbank20                                             bank20       00000
__Hbank21                                             bank21       00000
__Hbank22                                             bank22       00000
__Hbank23                                             bank23       00000
__Hbank24                                             bank24       00000
__Hbank25                                             bank25       00000
__Hbank26                                             bank26       00000
__Hbank27                                             bank27       00000
__Hbank28                                             bank28       00000
__Hbank29                                             bank29       00000
__Hbank3                                              bank3        00000
__Hbank30                                             bank30       00000
__Hbank31                                             bank31       00000
__Hbank4                                              bank4        00000
__Hbank5                                              bank5        00000
__Hbank6                                              bank6        00000
__Hbank7                                              bank7        00000
__Hbank8                                              bank8        00000
__Hbank9                                              bank9        00000
__Hbigram                                             bigram       00000
__HbssBANK0                                           bssBANK0     00000
__HbssBANK1                                           bssBANK1     00000
__HbssCOMMON                                          bssCOMMON    00000
__Hcinit                                              cinit        0005D
__Hclrtext                                            clrtext      00000
__Hcode                                               code         00000
__Hcommon                                             common       00000
__Hconfig                                             config       08009
__HcstackBANK0                                        cstackBANK0  00000
__HcstackCOMMON                                       cstackCOMMON 00000
__HdataBANK0                                          dataBANK0    00000
__HdataBANK1                                          dataBANK1    00000
__Heeprom_data                                        eeprom_data  00000
__Hend_init                                           end_init     00030
__Hfunctab                                            functab      00000
__HidataBANK0                                         idataBANK0   00000
__HidataBANK1                                         idataBANK1   00000
__Hidloc                                              idloc        00000
__Hinit                                               init         0002E
__Hinittext                                           inittext     00000
__Hintentry                                           intentry     0002E
__Hmaintext                                           maintext     00000
__HnvBANK0                                            nvBANK0      00000
__HnvBANK1                                            nvBANK1      00000
__Hpowerup                                            powerup      00000
__Hram                                                ram          00000
__Hreset_vec                                          reset_vec    00002
__Hsfr0                                               sfr0         00000
__Hsfr1                                               sfr1         00000
__Hsfr10                                              sfr10        00000
__Hsfr11                                              sfr11        00000
__Hsfr12                                              sfr12        00000
__Hsfr13                                              sfr13        00000
__Hsfr14                                              sfr14        00000
__Hsfr15                                              sfr15        00000
__Hsfr16                                              sfr16        00000
__Hsfr17                                              sfr17        00000
__Hsfr18                                              sfr18        00000
__Hsfr19                                              sfr19        00000
__Hsfr2                                               sfr2         00000
__Hsfr20                                              sfr20        00000
__Hsfr21                                              sfr21        00000
__Hsfr22                                              sfr22        00000
__Hsfr23                                              sfr23        00000
__Hsfr24                                              sfr24        00000
__Hsfr25                                              sfr25        00000
__Hsfr26                                              sfr26        00000
__Hsfr27                                              sfr27        00000
__Hsfr28                                              sfr28        00000
__Hsfr29                                              sfr29        00000
__Hsfr3                                               sfr3         00000
__Hsfr30                                              sfr30        00000
__Hsfr31                                              sfr31        00000
__Hsfr4                                               sfr4         00000
__Hsfr5                                               sfr5         00000
__Hsfr6                                               sfr6         00000
__Hsfr7                                               sfr7         00000
__Hsfr8                                               sfr8         00000
__Hsfr9                                               sfr9         00000
__Hspace_0                                            (abs)        08009
__Hspace_1                                            (abs)        000E6
__Hspace_2                                            (abs)        00000
__Hspace_3                                            (abs)        00000
__Hstack                                              stack        00000
__Hstrings                                            strings      00000
__Hstringtext1                                        stringtext1  00000
__Hstringtext2                                        stringtext2  00000
__Hstringtext3                                        stringtext3  00000
__Htext                                               text         00000
__Labs1                                               abs1         00000
__Lbank0                                              bank0        00000
__Lbank1                                              bank1        00000
__Lbank10                                             bank10       00000
__Lbank11                                             bank11       00000
__Lbank12                                             bank12       00000
__Lbank13                                             bank13       00000
__Lbank14                                             bank14       00000
__Lbank15                                             bank15       00000
__Lbank16                                             bank16       00000
__Lbank17                                             bank17       00000
__Lbank18                                             bank18       00000
__Lbank19                                             bank19       00000
__Lbank2                                              bank2        00000
__Lbank20                                             bank20       00000
__Lbank21                                             bank21       00000
__Lbank22                                             bank22       00000
__Lbank23                                             bank23       00000
__Lbank24                                             bank24       00000
__Lbank25                                             bank25       00000
__Lbank26                                             bank26       00000
__Lbank27                                             bank27       00000
__Lbank28                                             bank28       00000
__Lbank29                                             bank29       00000
__Lbank3                                              bank3        00000
__Lbank30                                             bank30       00000
__Lbank31                                             bank31       00000
__Lbank4                                              bank4        00000
__Lbank5                                              bank5        00000
__Lbank6                                              bank6        00000
__Lbank7                                              bank7        00000
__Lbank8                                              bank8        00000
__Lbank9                                              bank9        00000
__Lbigram                                             bigram       00000
__LbssBANK0                                           bssBANK0     00000
__LbssBANK1                                           bssBANK1     00000
__LbssCOMMON                                          bssCOMMON    00000
__Lcinit                                              cinit        00030
__Lclrtext                                            clrtext      00000
__Lcode                                               code         00000
__Lcommon                                             common       00000
__Lconfig                                             config       08007
__LcstackBANK0                                        cstackBANK0  00000
__LcstackCOMMON                                       cstackCOMMON 00000
__LdataBANK0                                          dataBANK0    00000
__LdataBANK1                                          dataBANK1    00000
__Leeprom_data                                        eeprom_data  00000
__Lend_init                                           end_init     0002E
__Lfunctab                                            functab      00000
__LidataBANK0                                         idataBANK0   00000
__LidataBANK1                                         idataBANK1   00000
__Lidloc                                              idloc        00000
__Linit                                               init         0002E
__Linittext                                           inittext     00000
__Lintentry                                           intentry     00004
__Lmaintext                                           maintext     00000
__LnvBANK0                                            nvBANK0      00000
__LnvBANK1                                            nvBANK1      00000
__Lpowerup                                            powerup      00000
__Lram                                                ram          00000
__Lreset_vec                                          reset_vec    00000
__Lsfr0                                               sfr0         00000
__Lsfr1                                               sfr1         00000
__Lsfr10                                              sfr10        00000
__Lsfr11                                              sfr11        00000
__Lsfr12                                              sfr12        00000
__Lsfr13                                              sfr13        00000
__Lsfr14                                              sfr14        00000
__Lsfr15                                              sfr15        00000
__Lsfr16                                              sfr16        00000
__Lsfr17                                              sfr17        00000
__Lsfr18                                              sfr18        00000
__Lsfr19                                              sfr19        00000
__Lsfr2                                               sfr2         00000
__Lsfr20                                              sfr20        00000
__Lsfr21                                              sfr21        00000
__Lsfr22                                              sfr22        00000
__Lsfr23                                              sfr23        00000
__Lsfr24                                              sfr24        00000
__Lsfr25                                              sfr25        00000
__Lsfr26                                              sfr26        00000
__Lsfr27                                              sfr27        00000
__Lsfr28                                              sfr28        00000
__Lsfr29                                              sfr29        00000
__Lsfr3                                               sfr3         00000
__Lsfr30                                              sfr30        00000
__Lsfr31                                              sfr31        00000
__Lsfr4                                               sfr4         00000
__Lsfr5                                               sfr5         00000
__Lsfr6                                               sfr6         00000
__Lsfr7                                               sfr7         00000
__Lsfr8                                               sfr8         00000
__Lsfr9                                               sfr9         00000
__Lspace_0                                            (abs)        00000
__Lspace_1                                            (abs)        00000
__Lspace_2                                            (abs)        00000
__Lspace_3                                            (abs)        00000
__Lstack                                              stack        00000
__Lstrings                                            strings      00000
__Lstringtext1                                        stringtext1  00000
__Lstringtext2                                        stringtext2  00000
__Lstringtext3                                        stringtext3  00000
__Ltext                                               text         00000
__S0                                                  (abs)        08009
__S1                                                  (abs)        000E6
__S2                                                  (abs)        00000
___awmod                                              text70       00DD2
___awmod@counter                                      cstackCOMMON 00076
___awmod@dividend                                     cstackCOMMON 00073
___awmod@divisor                                      cstackCOMMON 00071
___awmod@sign                                         cstackCOMMON 00077
___bmul                                               text73       00997
___bmul@multiplicand                                  cstackCOMMON 00071
___bmul@multiplier                                    cstackCOMMON 00074
___bmul@product                                       cstackCOMMON 00073
___int_sp                                             stack        00000
___latbits                                            (abs)        00002
___sp                                                 stack        00000
___stackhi                                            (abs)        021EF
___stacklo                                            (abs)        02096
__end_ofSensor_Scanfrequency_Evaluation@frequency_hop stringtext1  01017
__end_of_EUSART_DefaultErrorHandler                   text86       0080D
__end_of_EUSART_DefaultFramingErrorHandler            text85       01800
__end_of_EUSART_DefaultOverrunErrorHandler            text84       00811
__end_of_EUSART_Initialize                            text14       00D80
__end_of_EUSART_Receive_ISR                           text83       00D04
__end_of_EUSART_RxDataHandler                         text87       00A67
__end_of_EUSART_SetErrorHandler                       text19       00839
__end_of_EUSART_SetFramingErrorHandler                text18       0083F
__end_of_EUSART_SetOverrunErrorHandler                text17       00845
__end_of_EUSART_SetRxInterruptHandler                 text16       0084B
__end_of_EUSART_SetTxInterruptHandler                 text15       00851
__end_of_EUSART_Transmit_ISR                          text82       00B59
__end_of_EUSART_Write                                 text69       00C3F
__end_of_INTERRUPT_InterruptManager                   intentry     0002E
__end_of_MTOUCH_DataStreamer_Initialize               text13       00803
__end_of_MTOUCH_DataStreamer_Service                  text67       00536
__end_of_MTOUCH_Initialize                            text6        008F7
__end_of_MTOUCH_Proximity_Baseline_Get                text79       00ABA
__end_of_MTOUCH_Proximity_Deviation_Get               text78       00908
__end_of_MTOUCH_Proximity_Initialize                  text60       00BC6
__end_of_MTOUCH_Proximity_InitializeAll               text11       0094C
__end_of_MTOUCH_Proximity_Reading_Get                 text77       00AF7
__end_of_MTOUCH_Proximity_Scaling_Get                 text76       00919
__end_of_MTOUCH_Proximity_ServiceAll                  text52       0081E
__end_of_MTOUCH_Proximity_Threshold_Get               text75       0092A
__end_of_MTOUCH_Proximity_Tick                        text23       00828
__end_of_MTOUCH_Proximity_isActivated                 text74       00A1B
__end_of_MTOUCH_Sensor_AcquisitionTime_Get            text72       009C1
__end_of_MTOUCH_Sensor_AdditionalCap_Get              text71       009D6
__end_of_MTOUCH_Sensor_Calibrate                      text10       00971
__end_of_MTOUCH_Sensor_Enable                         text9        00984
__end_of_MTOUCH_Sensor_Initialize                     text8        009EC
__end_of_MTOUCH_Sensor_InitializeAll                  text7        008D7
__end_of_MTOUCH_Sensor_RawSample_Get                  text63       00A34
__end_of_MTOUCH_Sensor_SampleAll                      text27       00A4D
__end_of_MTOUCH_Sensor_Sampled_ResetAll               text25       00AD8
__end_of_MTOUCH_Sensor_Scan_Initialize                text51       008E7
__end_of_MTOUCH_Sensor_isCalibrated                   text66       00A03
__end_of_MTOUCH_Sensor_wasSampled                     text65       008B9
__end_of_MTOUCH_Service_Mainloop                      text20       00B7B
__end_of_MTOUCH_Tick                                  text22       00815
__end_of_MTOUCH_needReburst                           text21       00004
__end_of_OSCILLATOR_Initialize                        text5        00857
__end_of_PIN_MANAGER_Initialize                       text4        00A9C
__end_of_Proximity_Baseline_Get_helper                text80       00B17
__end_of_Proximity_Baseline_Initialize                text58       00C6A
__end_of_Proximity_Baseline_Update                    text57       007B5
__end_of_Proximity_DefaultCallback                    text59       00801
__end_of_Proximity_Deviation_Update                   text64       00399
__end_of_Proximity_Reading_Update                     text61       0093B
__end_of_Proximity_Reading_Update_Helper              text62       00E92
__end_of_Proximity_Service                            text53       00DD2
__end_of_Proximity_State_Activated                    text54       00F7F
__end_of_Proximity_State_Initializing                 text55       007F9
__end_of_Proximity_State_NotActivated                 text56       0046E
__end_of_Proximity_Tick_helper                        text24       00BED
__end_of_SYSTEM_Initialize                            text1        00997
__end_of_Sensor_Acq_ExecutePacket                     text37       00281
__end_of_Sensor_Acquisition                           text32       00F03
__end_of_Sensor_DefaultCallback                       text31       00802
__end_of_Sensor_RawSample_Update                      text30       00C15
__end_of_Sensor_Sampled_Reset                         text26       00800
__end_of_Sensor_Scanfrequency_Evaluation              text36       01000
__end_of_Sensor_Service                               text28       00698
__end_of_Sensor_autoCalibration                       text45       00730
__end_of_Sensor_getScanGroupIndex                     text50       00CCB
__end_of_Sensor_isActive                              text44       008C8
__end_of_Sensor_isCalibrated                          text42       00891
__end_of_Sensor_isCalibratingAcqTime                  text49       00880
__end_of_Sensor_isEnabled                             text43       0095E
__end_of_Sensor_loadADCSettings                       text41       005FD
__end_of_Sensor_postAcquisitionProcess                text33       00D41
__end_of_Sensor_setActive                             text35       0086A
__end_of_Sensor_setCalibratAcqTime                    text48       008AA
__end_of_Sensor_setCalibrated                         text47       0089D
__end_of_Sensor_setInactive                           text34       00871
__end_of_Sensor_setSampled                            text29       00878
__end_of_TMR2_Initialize                              text3        00888
__end_of_TMR2_LoadPeriodRegister                      text40       00823
__end_of_TMR2_StartTimer                              text39       00806
__end_of_TMR2_StopTimer                               text38       00809
__end_of_WDT_Initialize                               text2        00819
__end_of___awmod                                      text70       00E25
__end_of___bmul                                       text73       009AC
__end_of__initialization                              cinit        00059
__end_of_abs                                          text46       00A81
__end_of_datastreamer_output_byte                     text68       00833
__end_of_main                                         maintext     00B37
__end_of_memcpy                                       text12       00C98
__end_of_mtouch_proximity_init                        stringtext3  01012
__end_of_sensor_scan_group                            stringtext2  01019
__initialization                                      cinit        00030
__pbssBANK0                                           bssBANK0     00049
__pbssBANK1                                           bssBANK1     000C4
__pbssCOMMON                                          bssCOMMON    0007C
__pcstackBANK0                                        cstackBANK0  00020
__pcstackCOMMON                                       cstackCOMMON 00070
__pdataBANK0                                          dataBANK0    0006A
__pdataBANK1                                          dataBANK1    000A0
__pidataBANK0                                         idataBANK0   00828
__pidataBANK1                                         idataBANK1   00B7B
__pintentry                                           intentry     00004
__pmaintext                                           maintext     00B17
__pnvBANK0                                            nvBANK0      0006F
__pnvBANK1                                            nvBANK1      000DC
__pstringtext1                                        stringtext1  01012
__pstringtext2                                        stringtext2  01017
__pstringtext3                                        stringtext3  01000
__ptext1                                              text1        00984
__ptext10                                             text10       0095E
__ptext11                                             text11       0093B
__ptext12                                             text12       00C6A
[...]
      Params:         0       0       0       0       0       0       0       0
      Locals:         1       0       0       0       0       0       0       0
      Temps:          0       0       0       0       0       0       0       0
      Totals:         1       0       0       0       0       0       0       0
Total ram usage:        1 bytes
 Hardware stack levels used:    1
 Hardware stack levels required when called:    4
 This function calls:
		Nothing
 This function is called by:
		_MTOUCH_DataStreamer_Service
 This function uses a non-reentrant model


 *************** function _MTOUCH_Proximity_Reading_Get *****************
 Defined at:
		line 396 in file "mcc_generated_files/mtouch/mtouch_proximity.c"
 Parameters:    Size  Location     Type
  name            1    wreg     enum E3067
 Auto vars:     Size  Location     Type
  name            1    6[COMMON] enum E3067
 Return value:  Size  Location     Type
                  4    1[COMMON] unsigned long 
 Registers used:
		wreg, fsr1l, fsr1h, status,2, status,0
 Tracked objects:
		On entry : 
		On exit  : 
		Unchanged: 
 Data sizes:     COMMON   BANK0   BANK1   BANK2   BANK3   BANK4   BANK5   BANK6
      Params:         5       0       0       0       0       0       0       0
      Locals:         1       0       0       0       0       0       0       0
      Temps:          0       0       0       0       0       0       0       0
      Totals:         6       0       0       0       0       0       0       0
Total ram usage:        6 bytes
 Hardware stack levels used:    1
 Hardware stack levels required when called:    4
 This function calls:
		Nothing
 This function is called by:
		_Proximity_State_NotActivated
		_Proximity_Deviation_Update
		_MTOUCH_DataStreamer_Service
 This function uses a non-reentrant model


 *************** function _MTOUCH_Proximity_Deviation_Get *****************
 Defined at:
		line 345 in file "mcc_generated_files/mtouch/mtouch_proximity.c"
 Parameters:    Size  Location     Type
  name            1    wreg     enum E3067
 Auto vars:     Size  Location     Type
  name            1    1[COMMON] enum E3067
 Return value:  Size  Location     Type
                  1    wreg      char 
 Registers used:
		wreg, fsr1l, fsr1h, status,2, status,0
 Tracked objects:
		On entry : 
		On exit  : 
		Unchanged: 
 Data sizes:     COMMON   BANK0   BANK1   BANK2   BANK3   BANK4   BANK5   BANK6
      Params:         0       0       0       0       0       0       0       0
      Locals:         1       0       0       0       0       0       0       0
      Temps:          0       0       0       0       0       0       0       0
      Totals:         1       0       0       0       0       0       0       0
Total ram usage:        1 bytes
 Hardware stack levels used:    1
 Hardware stack levels required when called:    4
 This function calls:
		Nothing
 This function is called by:
		_MTOUCH_DataStreamer_Service
 This function uses a non-reentrant model


 *************** function _MTOUCH_Proximity_Baseline_Get *****************
 Defined at:
		line 452 in file "mcc_generated_files/mtouch/mtouch_proximity.c"
 Parameters:    Size  Location     Type
  name            1    wreg     enum E3067
 Auto vars:     Size  Location     Type
  name            1   10[COMMON] enum E3067
 Return value:  Size  Location     Type
                  4    0[BANK0 ] unsigned long 
 Registers used:
		wreg, fsr1l, fsr1h, status,2, status,0, pclath, cstack
 Tracked objects:
		On entry : 
		On exit  : 
		Unchanged: 
 Data sizes:     COMMON   BANK0   BANK1   BANK2   BANK3   BANK4   BANK5   BANK6
      Params:         0       5       0       0       0       0       0       0
      Locals:         1       0       0       0       0       0       0       0
      Temps:          0       0       0       0       0       0       0       0
      Totals:         1       5       0       0       0       0       0       0
Total ram usage:        6 bytes
 Hardware stack levels used:    1
 Hardware stack levels required when called:    5
 This function calls:
		_Proximity_Baseline_Get_helper
 This function is called by:
		_Proximity_State_NotActivated
		_Proximity_Deviation_Update
		_MTOUCH_DataStreamer_Service
 This function uses a non-reentrant model


 *************** function _Proximity_Baseline_Get_helper *****************
 Defined at:
		line 461 in file "mcc_generated_files/mtouch/mtouch_proximity.c"
 Parameters:    Size  Location     Type
  name            1    wreg     enum E3067
 Auto vars:     Size  Location     Type
  name            1    9[COMMON] enum E3067
 Return value:  Size  Location     Type
                  4    1[COMMON] unsigned long 
 Registers used:
		wreg, fsr1l, fsr1h, status,2, status,0
 Tracked objects:
		On entry : 
		On exit  : 
		Unchanged: 
 Data sizes:     COMMON   BANK0   BANK1   BANK2   BANK3   BANK4   BANK5   BANK6
      Params:         4       0       0       0       0       0       0       0
      Locals:         1       0       0       0       0       0       0       0
      Temps:          4       0       0       0       0       0       0       0
      Totals:         9       0       0       0       0       0       0       0
Total ram usage:        9 bytes
 Hardware stack levels used:    1
 Hardware stack levels required when called:    4
 This function calls:
		Nothing
 This function is called by:
		_MTOUCH_Proximity_Baseline_Get
 This function uses a non-reentrant model


 *************** function _INTERRUPT_InterruptManager *****************
 Defined at:
		line 52 in file "mcc_generated_files/interrupt_manager.c"
 Parameters:    Size  Location     Type
		None
 Auto vars:     Size  Location     Type
		None
 Return value:  Size  Location     Type
                  1    wreg      void 
 Registers used:
		wreg, fsr1l, fsr1h, status,2, status,0, pclath, cstack
 Tracked objects:
		On entry : 
		On exit  : 
		Unchanged: 
 Data sizes:     COMMON   BANK0   BANK1   BANK2   BANK3   BANK4   BANK5   BANK6
      Params:         0       0       0       0       0       0       0       0
      Locals:         0       0       0       0       0       0       0       0
      Temps:          0       0       0       0       0       0       0       0
      Totals:         0       0       0       0       0       0       0       0
Total ram usage:        0 bytes
 Hardware stack levels used:    1
 Hardware stack levels required when called:    3
 This function calls:
		Absolute function
		_EUSART_Receive_ISR
		_EUSART_Transmit_ISR
 This function is called by:
		Interrupt level 1
 This function uses a non-reentrant model


 *************** function _EUSART_Transmit_ISR *****************
 Defined at:
		line 206 in file "mcc_generated_files/eusart.c"
 Parameters:    Size  Location     Type
		None
 Auto vars:     Size  Location     Type
		None
 Return value:  Size  Location     Type
                  1    wreg      void 
 Registers used:
		wreg, fsr1l, fsr1h, status,2, status,0
 Tracked objects:
		On entry : 
		On exit  : 
		Unchanged: 
 Data sizes:     COMMON   BANK0   BANK1   BANK2   BANK3   BANK4   BANK5   BANK6
      Params:         0       0       0       0       0       0       0       0
      Locals:         0       0       0       0       0       0       0       0
      Temps:          1       0       0       0       0       0       0       0
      Totals:         1       0       0       0       0       0       0       0
Total ram usage:        1 bytes
 Hardware stack levels used:    1
 This function calls:
		Nothing
 This function is called by:
		_EUSART_Initialize
		_INTERRUPT_InterruptManager
 This function uses a non-reentrant model


 *************** function _EUSART_Receive_ISR *****************
 Defined at:
		line 225 in file "mcc_generated_files/eusart.c"
 Parameters:    Size  Location     Type
		None
 Auto vars:     Size  Location     Type
		None
 Return value:  Size  Location     Type
                  1    wreg      void 
 Registers used:
		wreg, fsr1l, fsr1h, status,2, status,0, pclath, cstack
 Tracked objects:
		On entry : 
		On exit  : 
		Unchanged: 
 Data sizes:     COMMON   BANK0   BANK1   BANK2   BANK3   BANK4   BANK5   BANK6
      Params:         0       0       0       0       0       0       0       0
      Locals:         0       0       0       0       0       0       0       0
      Temps:          0       0       0       0       0       0       0       0
      Totals:         0       0       0       0       0       0       0       0
Total ram usage:        0 bytes
 Hardware stack levels used:    1
 Hardware stack levels required when called:    2
 This function calls:
		Absolute function
		_EUSART_DefaultErrorHandler
		_EUSART_DefaultFramingErrorHandler
		_EUSART_DefaultOverrunErrorHandler
		_EUSART_RxDataHandler
 This function is called by:
		_EUSART_Initialize
		_INTERRUPT_InterruptManager
 This function uses a non-reentrant model


 *************** function _EUSART_DefaultOverrunErrorHandler *****************
 Defined at:
		line 261 in file "mcc_generated_files/eusart.c"
 Parameters:    Size  Location     Type
		None
 Auto vars:     Size  Location     Type
		None
 Return value:  Size  Location     Type
                  1    wreg      void 
 Registers used:
		None
 Tracked objects:
		On entry : 
		On exit  : 
		Unchanged: 
 Data sizes:     COMMON   BANK0   BANK1   BANK2   BANK3   BANK4   BANK5   BANK6
      Params:         0       0       0       0       0       0       0       0
      Locals:         0       0       0       0       0       0       0       0
      Temps:          0       0       0       0       0       0       0       0
      Totals:         0       0       0       0       0       0       0       0
Total ram usage:        0 bytes
 Hardware stack levels used:    1
 This function calls:
		Nothing
 This function is called by:
		_EUSART_Initialize
		_EUSART_Receive_ISR
 This function uses a non-reentrant model


 *************** function _EUSART_DefaultFramingErrorHandler *****************
 Defined at:
		line 259 in file "mcc_generated_files/eusart.c"
 Parameters:    Size  Location     Type
		None
 Auto vars:     Size  Location     Type
		None
 Return value:  Size  Location     Type
                  1    wreg      void 
 Registers used:
		None
 Tracked objects:
		On entry : 
		On exit  : 
		Unchanged: 
 Data sizes:     COMMON   BANK0   BANK1   BANK2   BANK3   BANK4   BANK5   BANK6
      Params:         0       0       0       0       0       0       0       0
      Locals:         0       0       0       0       0       0       0       0
      Temps:          0       0       0       0       0       0       0       0
      Totals:         0       0       0       0       0       0       0       0
Total ram usage:        0 bytes
 Hardware stack levels used:    1
 This function calls:
		Nothing
 This function is called by:
		_EUSART_Initialize
		_EUSART_Receive_ISR
 This function uses a non-reentrant model


 *************** function _EUSART_DefaultErrorHandler *****************
 Defined at:
		line 269 in file "mcc_generated_files/eusart.c"
 Parameters:    Size  Location     Type
		None
 Auto vars:     Size  Location     Type
		None
 Return value:  Size  Location     Type
                  1    wreg      void 
 Registers used:
		wreg, fsr1l, fsr1h, status,2, status,0, pclath, cstack
 Tracked objects:
		On entry : 
		On exit  : 
		Unchanged: 
 Data sizes:     COMMON   BANK0   BANK1   BANK2   BANK3   BANK4   BANK5   BANK6
      Params:         0       0       0       0       0       0       0       0
      Locals:         0       0       0       0       0       0       0       0
      Temps:          0       0       0       0       0       0       0       0
      Totals:         0       0       0       0       0       0       0       0
Total ram usage:        0 bytes
 Hardware stack levels used:    1
 Hardware stack levels required when called:    1
 This function calls:
		_EUSART_RxDataHandler
 This function is called by:
		_EUSART_Initialize
		_EUSART_Receive_ISR
 This function uses a non-reentrant model


 *************** function _EUSART_RxDataHandler *****************
 Defined at:
		line 249 in file "mcc_generated_files/eusart.c"
 Parameters:    Size  Location     Type
		None
 Auto vars:     Size  Location     Type
		None
 Return value:  Size  Location     Type
                  1    wreg      void 
 Registers used:
		wreg, fsr1l, fsr1h, status,2, status,0
 Tracked objects:
		On entry : 
		On exit  : 
		Unchanged: 
 Data sizes:     COMMON   BANK0   BANK1   BANK2   BANK3   BANK4   BANK5   BANK6
      Params:         0       0       0       0       0       0       0       0
      Locals:         0       0       0       0       0       0       0       0
      Temps:          1       0       0       0       0       0       0       0
      Totals:         1       0       0       0       0       0       0       0
Total ram usage:        1 bytes
 Hardware stack levels used:    1
 This function calls:
		Nothing
 This function is called by:
		_EUSART_Receive_ISR
		_EUSART_DefaultErrorHandler
 This function uses a non-reentrant model



MODULE INFORMATION

Module		Function		Class		Link	Load	Size
mcc_generated_files/tmr2.c
		_TMR2_LoadPeriodRegister		CODE           	081E	0000	6
		_TMR2_Initialize		CODE           	0880	0000	9
		_TMR2_StopTimer		CODE           	0806	0000	4
		_TMR2_StartTimer		CODE           	0803	0000	4

mcc_generated_files/tmr2.c estimated size: 23

mcc_generated_files/interrupt_manager.c
		_INTERRUPT_InterruptManager		CODE           	0004	0000	43

mcc_generated_files/interrupt_manager.c estimated size: 43

mcc_generated_files/mtouch/mtouch.c
		_MTOUCH_Tick   		CODE           	0811	0000	5
		_MTOUCH_Initialize		CODE           	08E7	0000	17
		_MTOUCH_Service_Mainloop		CODE           	0B59	0000	35
		_MTOUCH_needReburst		CODE           	0002	0000	3

mcc_generated_files/mtouch/mtouch.c estimated size: 60

mcc_generated_files/pin_manager.c
		_PIN_MANAGER_Initialize		CODE           	0A81	0000	28

mcc_generated_files/pin_manager.c estimated size: 28

C:\Program Files (x86)\Microchip\xc8\v2.10\pic\sources\c99\common\Umul8.c
		___bmul        		CODE           	0997	0000	22

C:\Program Files (x86)\Microchip\xc8\v2.10\pic\sources\c99\common\Umul8.c estimated size: 22

mcc_generated_files/mtouch/mtouch_proximity.c
		_Proximity_Baseline_Initialize		CODE           	0C3F	0000	44
		_MTOUCH_Proximity_Scaling_Get		CODE           	0908	0000	18
		_MTOUCH_Proximity_Threshold_Get		CODE           	0919	0000	18
		_Proximity_Reading_Update		CODE           	092A	0000	18
		_MTOUCH_Proximity_isActivated		CODE           	0A03	0000	25
		_Proximity_State_NotActivated		CODE           	0399	0000	214
		_Proximity_Service		CODE           	0D80	0000	83
		_MTOUCH_Proximity_Initialize		CODE           	0B9F	0000	40
		_Proximity_Baseline_Update		CODE           	0730	0000	134
		_MTOUCH_Proximity_Tick		CODE           	0823	0000	6
		_Proximity_DefaultCallback		CODE           	0800	0000	2
		_Proximity_State_Activated		CODE           	0F03	0000	125
		_MTOUCH_Proximity_Baseline_Get		CODE           	0A9C	0000	31
		_Proximity_Baseline_Get_helper		CODE           	0AF7	0000	33
		_MTOUCH_Proximity_InitializeAll		CODE           	093B	0000	18
		_Proximity_State_Initializing		CODE           	07B5	0000	69
		_MTOUCH_Proximity_Deviation_Get		CODE           	08F7	0000	18
		_Proximity_Reading_Update_Helper		CODE           	0E25	0000	110
		_Proximity_Deviation_Update		CODE           	0281	0000	281
		_MTOUCH_Proximity_ServiceAll		CODE           	0819	0000	6
		_MTOUCH_Proximity_Reading_Get		CODE           	0AD8	0000	32
		_Proximity_Tick_helper		CODE           	0BC6	0000	40

mcc_generated_files/mtouch/mtouch_proximity.c estimated size: 1365

shared
		Sensor_Scanfrequency_Evaluation@frequency_hop		STRCODE        	1012	0000	6
		_sensor_scan_group		STRCODE        	1017	0000	3
		__initialization		CODE           	0030	0000	42
		_mtouch_proximity_init		STRCODE        	1000	0000	19

shared estimated size: 70

mcc_generated_files/mtouch/mtouch_datastreamer.c
		_MTOUCH_DataStreamer_Service		CODE           	046E	0000	201
		_datastreamer_output_byte		CODE           	082D	0000	7
		_MTOUCH_DataStreamer_Initialize		CODE           	0802	0000	2

mcc_generated_files/mtouch/mtouch_datastreamer.c estimated size: 210

mcc_generated_files/mcc.c
		_WDT_Initialize		CODE           	0815	0000	5
		_OSCILLATOR_Initialize		CODE           	0851	0000	7
		_SYSTEM_Initialize		CODE           	0984	0000	20

mcc_generated_files/mcc.c estimated size: 32

C:\Program Files (x86)\Microchip\xc8\v2.10\pic\sources\c99\common\memcpy.c
		_memcpy        		CODE           	0C6A	0000	47

C:\Program Files (x86)\Microchip\xc8\v2.10\pic\sources\c99\common\memcpy.c estimated size: 47

C:\Program Files (x86)\Microchip\xc8\v2.10\pic\sources\c99\common\abs.c
		_abs           		CODE           	0A67	0000	27

C:\Program Files (x86)\Microchip\xc8\v2.10\pic\sources\c99\common\abs.c estimated size: 27

mcc_generated_files/eusart.c
		_EUSART_SetRxInterruptHandler		CODE           	0845	0000	7
		_EUSART_SetTxInterruptHandler		CODE           	084B	0000	7
		_EUSART_DefaultOverrunErrorHandler		CODE           	080D	0000	5
		_EUSART_Write  		CODE           	0C15	0000	43
		_EUSART_DefaultErrorHandler		CODE           	0809	0000	5
		_EUSART_Transmit_ISR		CODE           	0B37	0000	35
		_EUSART_Initialize		CODE           	0D41	0000	64
		_EUSART_SetFramingErrorHandler		CODE           	0839	0000	7
		_EUSART_SetErrorHandler		CODE           	0833	0000	7
		_EUSART_SetOverrunErrorHandler		CODE           	083F	0000	7
		_EUSART_Receive_ISR		CODE           	0CCB	0000	58
		_EUSART_RxDataHandler		CODE           	0A4D	0000	27
		_EUSART_DefaultFramingErrorHandler		CODE           	17FF	0000	2

mcc_generated_files/eusart.c estimated size: 274

C:\Program Files (x86)\Microchip\xc8\v2.10\pic\sources\c99\common\awmod.c
		___awmod       		CODE           	0DD2	0000	84

C:\Program Files (x86)\Microchip\xc8\v2.10\pic\sources\c99\common\awmod.c estimated size: 84

main.c
		_main          		CODE           	0B17	0000	33

main.c estimated size: 33

mcc_generated_files/mtouch/mtouch_sensor.c
		_Sensor_setCalibrated		CODE           	0891	0000	13
		_Sensor_Acq_ExecutePacket		CODE           	005D	0000	549
		_Sensor_getScanGroupIndex		CODE           	0C98	0000	52
		_Sensor_Acquisition		CODE           	0E92	0000	114
		_Sensor_postAcquisitionProcess		CODE           	0D04	0000	62
		_Sensor_isCalibrated		CODE           	0888	0000	10
		_MTOUCH_Sensor_Initialize		CODE           	09D6	0000	23
		_Sensor_Sampled_Reset		CODE           	07F9	0000	8
		_MTOUCH_Sensor_InitializeAll		CODE           	08C8	0000	16
		_Sensor_DefaultCallback		CODE           	0801	0000	2
		_Sensor_loadADCSettings		CODE           	0536	0000	200
		_Sensor_isEnabled		CODE           	094C	0000	19
		_MTOUCH_Sensor_isCalibrated		CODE           	09EC	0000	24
		_MTOUCH_Sensor_Calibrate		CODE           	095E	0000	20
		_MTOUCH_Sensor_Sampled_ResetAll		CODE           	0ABA	0000	31
		_Sensor_setActive		CODE           	0863	0000	8
		_Sensor_Scanfrequency_Evaluation		CODE           	0F7F	0000	130
		_MTOUCH_Sensor_Enable		CODE           	0971	0000	20
		_Sensor_setSampled		CODE           	0871	0000	8
		_Sensor_isCalibratingAcqTime		CODE           	0878	0000	9
		_MTOUCH_Sensor_RawSample_Get		CODE           	0A1B	0000	26
		_MTOUCH_Sensor_AdditionalCap_Get		CODE           	09C1	0000	22
		_MTOUCH_Sensor_SampleAll		CODE           	0A34	0000	26
		_MTOUCH_Sensor_AcquisitionTime_Get		CODE           	09AC	0000	22
		_MTOUCH_Sensor_wasSampled		CODE           	08AA	0000	16
		_Sensor_Service		CODE           	05FD	0000	156
		_Sensor_autoCalibration		CODE           	0698	0000	153
		_MTOUCH_Sensor_Scan_Initialize		CODE           	08D7	0000	17
		_Sensor_RawSample_Update		CODE           	0BED	0000	41
		_Sensor_isActive		CODE           	08B9	0000	16
		_Sensor_setCalibratAcqTime		CODE           	089D	0000	14
		_Sensor_setInactive		CODE           	086A	0000	8

mcc_generated_files/mtouch/mtouch_sensor.c estimated size: 1835

